Archive member included because of file (symbol)

c:/program files (x86)/gnu tools arm embedded/4.7 2012q4/bin/../lib/gcc/arm-none-eabi/4.7.3/../../../../arm-none-eabi/lib/armv7-m\libg.a(lib_a-memcmp.o)
                              ..\obj\tasks.o (memcmp)
c:/program files (x86)/gnu tools arm embedded/4.7 2012q4/bin/../lib/gcc/arm-none-eabi/4.7.3/../../../../arm-none-eabi/lib/armv7-m\libg.a(lib_a-memcpy.o)
                              ..\obj\queue.o (memcpy)
c:/program files (x86)/gnu tools arm embedded/4.7 2012q4/bin/../lib/gcc/arm-none-eabi/4.7.3/../../../../arm-none-eabi/lib/armv7-m\libg.a(lib_a-memset.o)
                              ..\obj\tasks.o (memset)
c:/program files (x86)/gnu tools arm embedded/4.7 2012q4/bin/../lib/gcc/arm-none-eabi/4.7.3/../../../../arm-none-eabi/lib/armv7-m\libg.a(lib_a-printf.o)
                              ..\obj\main.o (printf)
c:/program files (x86)/gnu tools arm embedded/4.7 2012q4/bin/../lib/gcc/arm-none-eabi/4.7.3/../../../../arm-none-eabi/lib/armv7-m\libg.a(lib_a-sprintf.o)
                              ..\obj\main.o (sprintf)
c:/program files (x86)/gnu tools arm embedded/4.7 2012q4/bin/../lib/gcc/arm-none-eabi/4.7.3/../../../../arm-none-eabi/lib/armv7-m\libg.a(lib_a-strcat.o)
                              ..\obj\tasks.o (strcat)
c:/program files (x86)/gnu tools arm embedded/4.7 2012q4/bin/../lib/gcc/arm-none-eabi/4.7.3/../../../../arm-none-eabi/lib/armv7-m\libg.a(lib_a-strcpy.o)
                              c:/program files (x86)/gnu tools arm embedded/4.7 2012q4/bin/../lib/gcc/arm-none-eabi/4.7.3/../../../../arm-none-eabi/lib/armv7-m\libg.a(lib_a-strcat.o) (strcpy)
c:/program files (x86)/gnu tools arm embedded/4.7 2012q4/bin/../lib/gcc/arm-none-eabi/4.7.3/../../../../arm-none-eabi/lib/armv7-m\libg.a(lib_a-strncpy.o)
                              ..\obj\tasks.o (strncpy)
c:/program files (x86)/gnu tools arm embedded/4.7 2012q4/bin/../lib/gcc/arm-none-eabi/4.7.3/../../../../arm-none-eabi/lib/armv7-m\libg.a(lib_a-svfprintf.o)
                              c:/program files (x86)/gnu tools arm embedded/4.7 2012q4/bin/../lib/gcc/arm-none-eabi/4.7.3/../../../../arm-none-eabi/lib/armv7-m\libg.a(lib_a-sprintf.o) (_svfprintf_r)
c:/program files (x86)/gnu tools arm embedded/4.7 2012q4/bin/../lib/gcc/arm-none-eabi/4.7.3/../../../../arm-none-eabi/lib/armv7-m\libg.a(lib_a-vfprintf.o)
                              c:/program files (x86)/gnu tools arm embedded/4.7 2012q4/bin/../lib/gcc/arm-none-eabi/4.7.3/../../../../arm-none-eabi/lib/armv7-m\libg.a(lib_a-printf.o) (_vfprintf_r)
c:/program files (x86)/gnu tools arm embedded/4.7 2012q4/bin/../lib/gcc/arm-none-eabi/4.7.3/../../../../arm-none-eabi/lib/armv7-m\libg.a(lib_a-wsetup.o)
                              c:/program files (x86)/gnu tools arm embedded/4.7 2012q4/bin/../lib/gcc/arm-none-eabi/4.7.3/../../../../arm-none-eabi/lib/armv7-m\libg.a(lib_a-vfprintf.o) (__swsetup_r)
c:/program files (x86)/gnu tools arm embedded/4.7 2012q4/bin/../lib/gcc/arm-none-eabi/4.7.3/../../../../arm-none-eabi/lib/armv7-m\libg.a(lib_a-dtoa.o)
                              c:/program files (x86)/gnu tools arm embedded/4.7 2012q4/bin/../lib/gcc/arm-none-eabi/4.7.3/../../../../arm-none-eabi/lib/armv7-m\libg.a(lib_a-svfprintf.o) (_dtoa_r)
c:/program files (x86)/gnu tools arm embedded/4.7 2012q4/bin/../lib/gcc/arm-none-eabi/4.7.3/../../../../arm-none-eabi/lib/armv7-m\libg.a(lib_a-fflush.o)
                              c:/program files (x86)/gnu tools arm embedded/4.7 2012q4/bin/../lib/gcc/arm-none-eabi/4.7.3/../../../../arm-none-eabi/lib/armv7-m\libg.a(lib_a-vfprintf.o) (_fflush_r)
c:/program files (x86)/gnu tools arm embedded/4.7 2012q4/bin/../lib/gcc/arm-none-eabi/4.7.3/../../../../arm-none-eabi/lib/armv7-m\libg.a(lib_a-findfp.o)
                              c:/program files (x86)/gnu tools arm embedded/4.7 2012q4/bin/../lib/gcc/arm-none-eabi/4.7.3/../../../../arm-none-eabi/lib/armv7-m\libg.a(lib_a-vfprintf.o) (__sinit)
c:/program files (x86)/gnu tools arm embedded/4.7 2012q4/bin/../lib/gcc/arm-none-eabi/4.7.3/../../../../arm-none-eabi/lib/armv7-m\libg.a(lib_a-freer.o)
                              c:/program files (x86)/gnu tools arm embedded/4.7 2012q4/bin/../lib/gcc/arm-none-eabi/4.7.3/../../../../arm-none-eabi/lib/armv7-m\libg.a(lib_a-wsetup.o) (_free_r)
c:/program files (x86)/gnu tools arm embedded/4.7 2012q4/bin/../lib/gcc/arm-none-eabi/4.7.3/../../../../arm-none-eabi/lib/armv7-m\libg.a(lib_a-fwalk.o)
                              c:/program files (x86)/gnu tools arm embedded/4.7 2012q4/bin/../lib/gcc/arm-none-eabi/4.7.3/../../../../arm-none-eabi/lib/armv7-m\libg.a(lib_a-findfp.o) (_fwalk)
c:/program files (x86)/gnu tools arm embedded/4.7 2012q4/bin/../lib/gcc/arm-none-eabi/4.7.3/../../../../arm-none-eabi/lib/armv7-m\libg.a(lib_a-impure.o)
                              c:/program files (x86)/gnu tools arm embedded/4.7 2012q4/bin/../lib/gcc/arm-none-eabi/4.7.3/../../../../arm-none-eabi/lib/armv7-m\libg.a(lib_a-fflush.o) (_global_impure_ptr)
[...]
Memory Configuration

Name             Origin             Length             Attributes
rom              0x08000000         0x00080000         xr
ram              0x20000000         0x00010000         xrw
*default*        0x00000000         0xffffffff

Linker script and memory map

                0x20010000                _eram = 0x20010000

.text           0x08000000     0xdc88
 *(.isr_vector .isr_vector.*)
 .isr_vector    0x08000000      0x134 ..\obj\startup_stm32f10x_hd.o
                0x08000000                g_pfnVectors
 *(.text .text.* .gnu.linkonce.t.*)
 .text.TIM_DeInit
                0x08000134      0x1ac ..\obj\stm32f10x_tim.o
                0x08000134                TIM_DeInit
 .text.TIM_TimeBaseInit
                0x080002e0       0x94 ..\obj\stm32f10x_tim.o
                0x080002e0                TIM_TimeBaseInit
 .text.TIM_TimeBaseStructInit
                0x08000374       0x12 ..\obj\stm32f10x_tim.o
                0x08000374                TIM_TimeBaseStructInit
 .text.TIM_Cmd  0x08000386       0x18 ..\obj\stm32f10x_tim.o
                0x08000386                TIM_Cmd
 .text.TIM_ITConfig
                0x0800039e       0x12 ..\obj\stm32f10x_tim.o
                0x0800039e                TIM_ITConfig
 .text.TIM_ARRPreloadConfig
                0x080003b0       0x18 ..\obj\stm32f10x_tim.o
                0x080003b0                TIM_ARRPreloadConfig
 .text.TIM_ClearITPendingBit
                0x080003c8        0x8 ..\obj\stm32f10x_tim.o
                0x080003c8                TIM_ClearITPendingBit
 .text.vCreateTasks
                0x080003d0       0x60 ..\obj\death.o
 .text.vSuicidalTask
                0x08000430       0x38 ..\obj\death.o
 .text.vCreateSuicidalTasks
                0x08000468       0x40 ..\obj\death.o
                0x08000468                vCreateSuicidalTasks
 .text.xIsCreateTaskStillRunning
                0x080004a8       0x44 ..\obj\death.o
                0x080004a8                xIsCreateTaskStillRunning
 .text.LCD_WriteData
                0x080004ec       0x24 ..\obj\ministm32_lcd.o
                0x080004ec                LCD_WriteData
 .text.LCD_WriteIndex
                0x08000510       0x24 ..\obj\ministm32_lcd.o
                0x08000510                LCD_WriteIndex
 .text.LCD_WriteRegister
                0x08000534       0x3c ..\obj\ministm32_lcd.o
                0x08000534                LCD_WriteRegister
 .text.LCD_SetCursor
                0x08000570       0x54 ..\obj\ministm32_lcd.o
                0x08000570                LCD_SetCursor
 .text.LCD_SetWindows
                0x080005c4       0x32 ..\obj\ministm32_lcd.o
                0x080005c4                LCD_SetWindows
 *fill*         0x080005f6        0x2 00
 .text.LCD_DrawMonoPict
                0x080005f8       0x78 ..\obj\ministm32_lcd.o
                0x080005f8                LCD_DrawMonoPict
 .text.vLEDFlashTask
                0x08000670       0x48 ..\obj\flash.o
 .text.vStartLEDFlashTasks
                0x080006b8       0x2c ..\obj\flash.o
                0x080006b8                vStartLEDFlashTasks
 .text.vBlockingQueueProducer
                0x080006e4       0x38 ..\obj\BlockQ.o
 .text.vBlockingQueueConsumer
                0x0800071c       0x3a ..\obj\BlockQ.o
 *fill*         0x08000756        0x2 00
 .text.vStartBlockingQueueTasks
                0x08000758      0x148 ..\obj\BlockQ.o
                0x08000758                vStartBlockingQueueTasks
 .text.xAreBlockingQueuesStillRunning
                0x080008a0       0x4c ..\obj\BlockQ.o
                0x080008a0                xAreBlockingQueuesStillRunning
 .text.prvSemaphoreTest
                0x080008ec       0xa0 ..\obj\semtest.o
 .text.vStartSemaphoreTasks
                0x0800098c       0xdc ..\obj\semtest.o
                0x0800098c                vStartSemaphoreTasks
 .text.xAreSemaphoreTasksStillRunning
                0x08000a68       0x34 ..\obj\semtest.o
                0x08000a68                xAreSemaphoreTasksStillRunning
 .text.SystemInit
                0x08000a9c       0xfc ..\obj\system_stm32f10x.o
                0x08000a9c                SystemInit
 .text.Default_Handler
                0x08000b98        0x2 ..\obj\startup_stm32f10x_hd.o
                0x08000b98                EXTI2_IRQHandler
                0x08000b98                TIM8_TRG_COM_IRQHandler
                0x08000b98                TIM8_CC_IRQHandler
                0x08000b98                DebugMon_Handler
                0x08000b98                TIM1_CC_IRQHandler
                0x08000b98                HardFault_Handler
                0x08000b98                TIM6_IRQHandler
                0x08000b98                PVD_IRQHandler
                0x08000b98                SDIO_IRQHandler
                0x08000b98                NMI_Handler
                0x08000b98                EXTI3_IRQHandler
                0x08000b98                EXTI0_IRQHandler
                0x08000b98                I2C2_EV_IRQHandler
                0x08000b98                UsageFault_Handler
                0x08000b98                ADC1_2_IRQHandler
                0x08000b98                SPI1_IRQHandler
                0x08000b98                TAMPER_IRQHandler
                0x08000b98                TIM8_UP_IRQHandler
                0x08000b98                DMA2_Channel2_IRQHandler
                0x08000b98                DMA1_Channel4_IRQHandler
                0x08000b98                USART3_IRQHandler
                0x08000b98                RTC_IRQHandler
                0x08000b98                DMA1_Channel7_IRQHandler
                0x08000b98                CAN1_RX1_IRQHandler
                0x08000b98                UART5_IRQHandler
                0x08000b98                ADC3_IRQHandler
                0x08000b98                TIM4_IRQHandler
                0x08000b98                DMA2_Channel1_IRQHandler
                0x08000b98                I2C1_EV_IRQHandler
                0x08000b98                DMA1_Channel6_IRQHandler
                0x08000b98                UART4_IRQHandler
                0x08000b98                TIM3_IRQHandler
                0x08000b98                RCC_IRQHandler
                0x08000b98                TIM1_TRG_COM_IRQHandler
                0x08000b98                DMA1_Channel1_IRQHandler
                0x08000b98                EXTI15_10_IRQHandler
                0x08000b98                TIM7_IRQHandler
                0x08000b98                TIM5_IRQHandler
                0x08000b98                EXTI9_5_IRQHandler
                0x08000b98                SPI2_IRQHandler
                0x08000b98                MemManage_Handler
                0x08000b98                DMA1_Channel5_IRQHandler
                0x08000b98                EXTI4_IRQHandler
                0x08000b98                USB_LP_CAN1_RX0_IRQHandler
                0x08000b98                USB_HP_CAN1_TX_IRQHandler
                0x08000b98                DMA1_Channel3_IRQHandler
                0x08000b98                FSMC_IRQHandler
                0x08000b98                TIM1_UP_IRQHandler
                0x08000b98                WWDG_IRQHandler
                0x08000b98                TIM1_BRK_IRQHandler
                0x08000b98                EXTI1_IRQHandler
                0x08000b98                RTCAlarm_IRQHandler
                0x08000b98                DMA2_Channel4_5_IRQHandler
                0x08000b98                USART2_IRQHandler
                0x08000b98                I2C2_ER_IRQHandler
                0x08000b98                DMA1_Channel2_IRQHandler
                0x08000b98                TIM8_BRK_IRQHandler
                0x08000b98                CAN1_SCE_IRQHandler
                0x08000b98                FLASH_IRQHandler
                0x08000b98                BusFault_Handler
                0x08000b98                USART1_IRQHandler
                0x08000b98                SPI3_IRQHandler
                0x08000b98                I2C1_ER_IRQHandler
                0x08000b98                USBWakeUp_IRQHandler
                0x08000b98                DMA2_Channel3_IRQHandler
 *fill*         0x08000b9a        0x2 00
 .text.Default_Reset_Handler
                0x08000b9c       0x4c ..\obj\startup_stm32f10x_hd.o
                0x08000b9c                Default_Reset_Handler
                0x08000b9c                Reset_Handler
 .text.vCompeteingIntMathTask
                0x08000be8       0x4c ..\obj\integer.o
 .text.vStartIntegerMathTasks
                0x08000c34       0x28 ..\obj\integer.o
                0x08000c34                vStartIntegerMathTasks
 .text.xAreIntegerMathsTaskStillRunning
                0x08000c5c       0x14 ..\obj\integer.o
                0x08000c5c                xAreIntegerMathsTaskStillRunning
 .text.GPIO_Init
                0x08000c70       0xa0 ..\obj\stm32f10x_gpio.o
                0x08000c70                GPIO_Init
 .text.GPIO_Write
                0x08000d10        0x4 ..\obj\stm32f10x_gpio.o
                0x08000d10                GPIO_Write
 .text.vLCDTask
                0x08000d14       0x2c ..\obj\main.o
 .text.vCheckTask
                0x08000d40       0xbc ..\obj\main.o
 .text.startup.main
                0x08000dfc      0x148 ..\obj\main.o
                0x08000dfc                main
 .text.vApplicationStackOverflowHook
                0x08000f44        0x2 ..\obj\main.o
                0x08000f44                vApplicationStackOverflowHook
 *fill*         0x08000f46        0x2 00
 .text.RCC_DeInit
                0x08000f48       0x40 ..\obj\stm32f10x_rcc.o
                0x08000f48                RCC_DeInit
 .text.RCC_HSEConfig
                0x08000f88       0x34 ..\obj\stm32f10x_rcc.o
                0x08000f88                RCC_HSEConfig
 .text.RCC_PLLConfig
                0x08000fbc       0x14 ..\obj\stm32f10x_rcc.o
                0x08000fbc                RCC_PLLConfig
 .text.RCC_PLLCmd
                0x08000fd0        0xc ..\obj\stm32f10x_rcc.o
                0x08000fd0                RCC_PLLCmd
 .text.RCC_SYSCLKConfig
                0x08000fdc       0x14 ..\obj\stm32f10x_rcc.o
                0x08000fdc                RCC_SYSCLKConfig
 .text.RCC_GetSYSCLKSource
                0x08000ff0       0x10 ..\obj\stm32f10x_rcc.o
                0x08000ff0                RCC_GetSYSCLKSource
 .text.RCC_HCLKConfig
                0x08001000       0x14 ..\obj\stm32f10x_rcc.o
                0x08001000                RCC_HCLKConfig
 .text.RCC_PCLK1Config
                0x08001014       0x14 ..\obj\stm32f10x_rcc.o
                0x08001014                RCC_PCLK1Config
 .text.RCC_PCLK2Config
                0x08001028       0x14 ..\obj\stm32f10x_rcc.o
                0x08001028                RCC_PCLK2Config
 .text.RCC_ADCCLKConfig
                0x0800103c       0x14 ..\obj\stm32f10x_rcc.o
                0x0800103c                RCC_ADCCLKConfig
 .text.RCC_GetClocksFreq
                0x08001050       0x88 ..\obj\stm32f10x_rcc.o
                0x08001050                RCC_GetClocksFreq
 .text.RCC_APB2PeriphClockCmd
                0x080010d8       0x18 ..\obj\stm32f10x_rcc.o
                0x080010d8                RCC_APB2PeriphClockCmd
 .text.RCC_APB1PeriphClockCmd
                0x080010f0       0x18 ..\obj\stm32f10x_rcc.o
                0x080010f0                RCC_APB1PeriphClockCmd
 .text.RCC_APB2PeriphResetCmd
                0x08001108       0x18 ..\obj\stm32f10x_rcc.o
                0x08001108                RCC_APB2PeriphResetCmd
 .text.RCC_APB1PeriphResetCmd
                0x08001120       0x18 ..\obj\stm32f10x_rcc.o
                0x08001120                RCC_APB1PeriphResetCmd
 .text.RCC_GetFlagStatus
                0x08001138       0x28 ..\obj\stm32f10x_rcc.o
                0x08001138                RCC_GetFlagStatus
 .text.vSetupHighFrequencyTimer
                0x08001160       0xb0 ..\obj\timertest.o
                0x08001160                vSetupHighFrequencyTimer
 .text.TIM2_IRQHandler
                0x08001210       0x48 ..\obj\timertest.o
                0x08001210                TIM2_IRQHandler
 .text.prvAddCurrentTaskToDelayedList
                0x08001258       0x3c ..\obj\tasks.o
 .text.xTaskGenericCreate
                0x08001294      0x178 ..\obj\tasks.o
                0x08001294                xTaskGenericCreate
 .text.vTaskDelete
                0x0800140c       0x68 ..\obj\tasks.o
                0x0800140c                vTaskDelete
 .text.vTaskPrioritySet
                0x08001474       0x94 ..\obj\tasks.o
                0x08001474                vTaskPrioritySet
 .text.xTaskIsTaskSuspended
                0x08001508       0x24 ..\obj\tasks.o
                0x08001508                xTaskIsTaskSuspended
 .text.vTaskResume
                0x0800152c       0x64 ..\obj\tasks.o
                0x0800152c                vTaskResume
 .text.vTaskStartScheduler
                0x08001590       0x48 ..\obj\tasks.o
                0x08001590                vTaskStartScheduler
 .text.vTaskSuspendAll
                0x080015d8       0x14 ..\obj\tasks.o
                0x080015d8                vTaskSuspendAll
 .text.xTaskGetTickCount
                0x080015ec       0x18 ..\obj\tasks.o
                0x080015ec                xTaskGetTickCount
 .text.uxTaskGetNumberOfTasks
                0x08001604        0xc ..\obj\tasks.o
                0x08001604                uxTaskGetNumberOfTasks
 .text.vTaskIncrementTick
                0x08001610       0xbc ..\obj\tasks.o
                0x08001610                vTaskIncrementTick
 .text.xTaskResumeAll
                0x080016cc       0xb8 ..\obj\tasks.o
                0x080016cc                xTaskResumeAll
 .text.prvIdleTask
                0x08001784       0x5c ..\obj\tasks.o
 .text.vTaskDelay
                0x080017e0       0x34 ..\obj\tasks.o
                0x080017e0                vTaskDelay
 .text.vTaskDelayUntil
                0x08001814       0x5c ..\obj\tasks.o
                0x08001814                vTaskDelayUntil
 .text.vTaskSwitchContext
                0x08001870       0x90 ..\obj\tasks.o
                0x08001870                vTaskSwitchContext
 .text.vTaskSuspend
                0x08001900       0x6c ..\obj\tasks.o
                0x08001900                vTaskSuspend
 .text.vTaskPlaceOnEventList
                0x0800196c       0x3c ..\obj\tasks.o
                0x0800196c                vTaskPlaceOnEventList
 .text.xTaskRemoveFromEventList
                0x080019a8       0x5c ..\obj\tasks.o
                0x080019a8                xTaskRemoveFromEventList
 .text.vTaskSetTimeOutState
                0x08001a04       0x14 ..\obj\tasks.o
                0x08001a04                vTaskSetTimeOutState
 .text.xTaskCheckForTimeOut
                0x08001a18       0x54 ..\obj\tasks.o
                0x08001a18                xTaskCheckForTimeOut
 .text.vTaskMissedYield
                0x08001a6c       0x10 ..\obj\tasks.o
                0x08001a6c                vTaskMissedYield
 .text.xTaskGetCurrentTaskHandle
                0x08001a7c        0xc ..\obj\tasks.o
                0x08001a7c                xTaskGetCurrentTaskHandle
 .text.vTaskPriorityInherit
                0x08001a88       0x6c ..\obj\tasks.o
                0x08001a88                vTaskPriorityInherit
 .text.vTaskPriorityDisinherit
                0x08001af4       0x4c ..\obj\tasks.o
                0x08001af4                vTaskPriorityDisinherit
 .text.USART_Init
                0x08001b40       0xb0 ..\obj\stm32f10x_usart.o
                0x08001b40                USART_Init
 .text.USART_ClockInit
                0x08001bf0       0x20 ..\obj\stm32f10x_usart.o
                0x08001bf0                USART_ClockInit
 .text.USART_Cmd
                0x08001c10       0x18 ..\obj\stm32f10x_usart.o
                0x08001c10                USART_Cmd
 .text.USART_ITConfig
                0x08001c28       0x34 ..\obj\stm32f10x_usart.o
                0x08001c28                USART_ITConfig
 .text.vComRxTask
                0x08001c5c       0x70 ..\obj\comtest.o
 .text.vComTxTask
                0x08001ccc       0x50 ..\obj\comtest.o
 .text.vAltStartComTestTasks
                0x08001d1c       0x58 ..\obj\comtest.o
                0x08001d1c                vAltStartComTestTasks
 .text.xAreComTestTasksStillRunning
                0x08001d74       0x14 ..\obj\comtest.o
                0x08001d74                xAreComTestTasksStillRunning
 .text.vListInitialise
                0x08001d88       0x16 ..\obj\list.o
                0x08001d88                vListInitialise
 .text.vListInitialiseItem
                0x08001d9e        0x6 ..\obj\list.o
                0x08001d9e                vListInitialiseItem
 .text.vListInsertEnd
                0x08001da4       0x1a ..\obj\list.o
                0x08001da4                vListInsertEnd
 .text.vListInsert
                0x08001dbe       0x30 ..\obj\list.o
                0x08001dbe                vListInsert
 .text.uxListRemove
                0x08001dee       0x22 ..\obj\list.o
                0x08001dee                uxListRemove
 .text.vSecondaryBlockTimeTestTask
                0x08001e10       0x90 ..\obj\blocktim.o
 .text.vPrimaryBlockTimeTestTask
                0x08001ea0      0x220 ..\obj\blocktim.o
 .text.vCreateBlockTimeTasks
                0x080020c0       0x5c ..\obj\blocktim.o
                0x080020c0                vCreateBlockTimeTasks
 .text.xAreBlockTimeTestTasksStillRunning
                0x0800211c       0x34 ..\obj\blocktim.o
                0x0800211c                xAreBlockTimeTestTasksStillRunning
 .text.vPolledQueueProducer
                0x08002150       0x54 ..\obj\PollQ.o
 .text.vPolledQueueConsumer
                0x080021a4       0x54 ..\obj\PollQ.o
 .text.vStartPolledQueueTasks
                0x080021f8       0x54 ..\obj\PollQ.o
                0x080021f8                vStartPolledQueueTasks
 .text.xArePollingQueuesStillRunning
                0x0800224c       0x1c ..\obj\PollQ.o
                0x0800224c                xArePollingQueuesStillRunning
 .text.prvPortStartFirstTask
                0x08002268       0x14 ..\obj\port.o
 .text.pxPortInitialiseStack
                0x0800227c       0x16 ..\obj\port.o
                0x0800227c                pxPortInitialiseStack
 *fill*         0x08002292        0x2 00
 .text.SVC_Handler
                0x08002294       0x20 ..\obj\port.o
                0x08002294                SVC_Handler
 .text.vPortYieldFromISR
                0x080022b4       0x10 ..\obj\port.o
                0x080022b4                vPortYieldFromISR
 .text.ulPortSetInterruptMask
                0x080022c4       0x10 ..\obj\port.o
                0x080022c4                ulPortSetInterruptMask
 .text.vPortEnterCritical
                0x080022d4       0x14 ..\obj\port.o
                0x080022d4                vPortEnterCritical
 .text.vPortClearInterruptMask
                0x080022e8        0x6 ..\obj\port.o
                0x080022e8                vPortClearInterruptMask
 *fill*         0x080022ee        0x2 00
 .text.vPortExitCritical
                0x080022f0       0x14 ..\obj\port.o
                0x080022f0                vPortExitCritical
 .text.PendSV_Handler
                0x08002304       0x3c ..\obj\port.o
                0x08002304                PendSV_Handler
 .text.SysTick_Handler
                0x08002340       0x20 ..\obj\port.o
                0x08002340                SysTick_Handler
 .text.vPortSetupTimerInterrupt
                0x08002360       0x18 ..\obj\port.o
                0x08002360                vPortSetupTimerInterrupt
 .text.xPortStartScheduler
                0x08002378       0x30 ..\obj\port.o
                0x08002378                xPortStartScheduler
 .text.prvCopyDataFromQueue
                0x080023a8       0x26 ..\obj\queue.o
 .text.prvUnlockQueue
                0x080023ce       0x64 ..\obj\queue.o
 .text.prvCopyDataToQueue
                0x08002432       0x58 ..\obj\queue.o
 .text.xQueueGenericReset
                0x0800248a       0x5c ..\obj\queue.o
                0x0800248a                xQueueGenericReset
 .text.xQueueGenericCreate
                0x080024e6       0x4c ..\obj\queue.o
                0x080024e6                xQueueGenericCreate
 .text.xQueueGenericSend
                0x08002532       0xce ..\obj\queue.o
                0x08002532                xQueueGenericSend
 .text.xQueueGenericReceive
                0x08002600      0x102 ..\obj\queue.o
                0x08002600                xQueueGenericReceive
 .text.uxQueueMessagesWaiting
                0x08002702       0x12 ..\obj\queue.o
                0x08002702                uxQueueMessagesWaiting
 .text.NVIC_PriorityGroupConfig
                0x08002714       0x14 ..\obj\misc.o
                0x08002714                NVIC_PriorityGroupConfig
 .text.NVIC_Init
                0x08002728       0x68 ..\obj\misc.o
                0x08002728                NVIC_Init
 .text.NVIC_SetVectorTable
                0x08002790       0x14 ..\obj\misc.o
                0x08002790                NVIC_SetVectorTable
 .text.SysTick_CLKSourceConfig
                0x080027a4       0x18 ..\obj\misc.o
                0x080027a4                SysTick_CLKSourceConfig
 .text.xSerialPortInitMinimal
                0x080027bc       0xe8 ..\obj\serial.o
                0x080027bc                xSerialPortInitMinimal
 .text.xSerialGetChar
                0x080028a4       0x18 ..\obj\serial.o
                0x080028a4                xSerialGetChar
 .text.xSerialPutChar
                0x080028bc       0x38 ..\obj\serial.o
                0x080028bc                xSerialPutChar
 .text.vParTestSetLED
                0x080028f4       0x40 ..\obj\ParTest.o
                0x080028f4                vParTestSetLED
 .text.vParTestToggleLED
                0x08002934       0x3c ..\obj\ParTest.o
                0x08002934                vParTestToggleLED
 .text.pvPortMalloc
                0x08002970       0xb8 ..\obj\heap_2.o
                0x08002970                pvPortMalloc
 .text.vPortFree
                0x08002a28       0x40 ..\obj\heap_2.o
                0x08002a28                vPortFree
 .text.memcmp   0x08002a68       0xb8 c:/program files (x86)/gnu tools arm embedded/4.7 2012q4/bin/../lib/gcc/arm-none-eabi/4.7.3/../../../../arm-none-eabi/lib/armv7-m\libg.a(lib_a-memcmp.o)
                0x08002a68                memcmp
 .text.memcpy   0x08002b20      0x15c c:/program files (x86)/gnu tools arm embedded/4.7 2012q4/bin/../lib/gcc/arm-none-eabi/4.7.3/../../../../arm-none-eabi/lib/armv7-m\libg.a(lib_a-memcpy.o)
                0x08002b20                memcpy
 .text.memset   0x08002c7c      0x12c c:/program files (x86)/gnu tools arm embedded/4.7 2012q4/bin/../lib/gcc/arm-none-eabi/4.7.3/../../../../arm-none-eabi/lib/armv7-m\libg.a(lib_a-memset.o)
                0x08002c7c                memset
 .text.printf   0x08002da8       0x2c c:/program files (x86)/gnu tools arm embedded/4.7 2012q4/bin/../lib/gcc/arm-none-eabi/4.7.3/../../../../arm-none-eabi/lib/armv7-m\libg.a(lib_a-printf.o)
                0x08002da8                printf
 .text.sprintf  0x08002dd4       0x50 c:/program files (x86)/gnu tools arm embedded/4.7 2012q4/bin/../lib/gcc/arm-none-eabi/4.7.3/../../../../arm-none-eabi/lib/armv7-m\libg.a(lib_a-sprintf.o)
                0x08002dd4                sprintf
 .text.strncpy  0x08002e24      0x10c c:/program files (x86)/gnu tools arm embedded/4.7 2012q4/bin/../lib/gcc/arm-none-eabi/4.7.3/../../../../arm-none-eabi/lib/armv7-m\libg.a(lib_a-strncpy.o)
                0x08002e24                strncpy
 .text._svfprintf_r
                0x08002f30     0x1adc c:/program files (x86)/gnu tools arm embedded/4.7 2012q4/bin/../lib/gcc/arm-none-eabi/4.7.3/../../../../arm-none-eabi/lib/armv7-m\libg.a(lib_a-svfprintf.o)
                0x08002f30                _svfprintf_r
 .text._vfprintf_r
                0x08004a0c     0x1e0c c:/program files (x86)/gnu tools arm embedded/4.7 2012q4/bin/../lib/gcc/arm-none-eabi/4.7.3/../../../../arm-none-eabi/lib/armv7-m\libg.a(lib_a-vfprintf.o)
                0x08004a0c                _vfprintf_r
 .text.__swsetup_r
                0x08006818       0xc4 c:/program files (x86)/gnu tools arm embedded/4.7 2012q4/bin/../lib/gcc/arm-none-eabi/4.7.3/../../../../arm-none-eabi/lib/armv7-m\libg.a(lib_a-wsetup.o)
                0x08006818                __swsetup_r
 .text.quorem   0x080068dc      0x2ec c:/program files (x86)/gnu tools arm embedded/4.7 2012q4/bin/../lib/gcc/arm-none-eabi/4.7.3/../../../../arm-none-eabi/lib/armv7-m\libg.a(lib_a-dtoa.o)
 .text._dtoa_r  0x08006bc8     0x11f8 c:/program files (x86)/gnu tools arm embedded/4.7 2012q4/bin/../lib/gcc/arm-none-eabi/4.7.3/../../../../arm-none-eabi/lib/armv7-m\libg.a(lib_a-dtoa.o)
                0x08006bc8                _dtoa_r
 .text._fflush_r
                0x08007dc0      0x164 c:/program files (x86)/gnu tools arm embedded/4.7 2012q4/bin/../lib/gcc/arm-none-eabi/4.7.3/../../../../arm-none-eabi/lib/armv7-m\libg.a(lib_a-fflush.o)
                0x08007dc0                _fflush_r
 .text._cleanup_r
                0x08007f24        0xc c:/program files (x86)/gnu tools arm embedded/4.7 2012q4/bin/../lib/gcc/arm-none-eabi/4.7.3/../../../../arm-none-eabi/lib/armv7-m\libg.a(lib_a-findfp.o)
                0x08007f24                _cleanup_r
 .text.std.isra.0
                0x08007f30       0x50 c:/program files (x86)/gnu tools arm embedded/4.7 2012q4/bin/../lib/gcc/arm-none-eabi/4.7.3/../../../../arm-none-eabi/lib/armv7-m\libg.a(lib_a-findfp.o)
 .text.__sinit  0x08007f80       0x4c c:/program files (x86)/gnu tools arm embedded/4.7 2012q4/bin/../lib/gcc/arm-none-eabi/4.7.3/../../../../arm-none-eabi/lib/armv7-m\libg.a(lib_a-findfp.o)
                0x08007f80                __sinit
 .text.__sfp_lock_acquire
                0x08007fcc        0x4 c:/program files (x86)/gnu tools arm embedded/4.7 2012q4/bin/../lib/gcc/arm-none-eabi/4.7.3/../../../../arm-none-eabi/lib/armv7-m\libg.a(lib_a-findfp.o)
                0x08007fcc                __sfp_lock_acquire
 .text.__sfp_lock_release
                0x08007fd0        0x4 c:/program files (x86)/gnu tools arm embedded/4.7 2012q4/bin/../lib/gcc/arm-none-eabi/4.7.3/../../../../arm-none-eabi/lib/armv7-m\libg.a(lib_a-findfp.o)
                0x08007fd0                __sfp_lock_release
 .text._malloc_trim_r
                0x08007fd4       0x98 c:/program files (x86)/gnu tools arm embedded/4.7 2012q4/bin/../lib/gcc/arm-none-eabi/4.7.3/../../../../arm-none-eabi/lib/armv7-m\libg.a(lib_a-freer.o)
                0x08007fd4                _malloc_trim_r
 .text._free_r  0x0800806c      0x194 c:/program files (x86)/gnu tools arm embedded/4.7 2012q4/bin/../lib/gcc/arm-none-eabi/4.7.3/../../../../arm-none-eabi/lib/armv7-m\libg.a(lib_a-freer.o)
                0x0800806c                _free_r
 .text._fwalk   0x08008200       0xb8 c:/program files (x86)/gnu tools arm embedded/4.7 2012q4/bin/../lib/gcc/arm-none-eabi/4.7.3/../../../../arm-none-eabi/lib/armv7-m\libg.a(lib_a-fwalk.o)
                0x08008200                _fwalk
 .text.__locale_charset
                0x080082b8        0xc c:/program files (x86)/gnu tools arm embedded/4.7 2012q4/bin/../lib/gcc/arm-none-eabi/4.7.3/../../../../arm-none-eabi/lib/armv7-m\libg.a(lib_a-locale.o)
                0x080082b8                __locale_charset
 .text.__locale_mb_cur_max
                0x080082c4        0xc c:/program files (x86)/gnu tools arm embedded/4.7 2012q4/bin/../lib/gcc/arm-none-eabi/4.7.3/../../../../arm-none-eabi/lib/armv7-m\libg.a(lib_a-locale.o)
                0x080082c4                __locale_mb_cur_max
 .text._localeconv_r
                0x080082d0        0xc c:/program files (x86)/gnu tools arm embedded/4.7 2012q4/bin/../lib/gcc/arm-none-eabi/4.7.3/../../../../arm-none-eabi/lib/armv7-m\libg.a(lib_a-locale.o)
                0x080082d0                _localeconv_r
 .text.__smakebuf_r
                0x080082dc       0xe8 c:/program files (x86)/gnu tools arm embedded/4.7 2012q4/bin/../lib/gcc/arm-none-eabi/4.7.3/../../../../arm-none-eabi/lib/armv7-m\libg.a(lib_a-makebuf.o)
                0x080082dc                __smakebuf_r
 .text._malloc_r
                0x080083c4      0x530 c:/program files (x86)/gnu tools arm embedded/4.7 2012q4/bin/../lib/gcc/arm-none-eabi/4.7.3/../../../../arm-none-eabi/lib/armv7-m\libg.a(lib_a-mallocr.o)
                0x080083c4                _malloc_r
 .text.memchr   0x080088f4      0x140 c:/program files (x86)/gnu tools arm embedded/4.7 2012q4/bin/../lib/gcc/arm-none-eabi/4.7.3/../../../../arm-none-eabi/lib/armv7-m\libg.a(lib_a-memchr.o)
                0x080088f4                memchr
 .text.__malloc_lock
                0x08008a34        0x4 c:/program files (x86)/gnu tools arm embedded/4.7 2012q4/bin/../lib/gcc/arm-none-eabi/4.7.3/../../../../arm-none-eabi/lib/armv7-m\libg.a(lib_a-mlock.o)
                0x08008a34                __malloc_lock
 .text.__malloc_unlock
                0x08008a38        0x4 c:/program files (x86)/gnu tools arm embedded/4.7 2012q4/bin/../lib/gcc/arm-none-eabi/4.7.3/../../../../arm-none-eabi/lib/armv7-m\libg.a(lib_a-mlock.o)
                0x08008a38                __malloc_unlock
 .text._Balloc  0x08008a3c       0x4c c:/program files (x86)/gnu tools arm embedded/4.7 2012q4/bin/../lib/gcc/arm-none-eabi/4.7.3/../../../../arm-none-eabi/lib/armv7-m\libg.a(lib_a-mprec.o)
                0x08008a3c                _Balloc
 .text._Bfree   0x08008a88       0x14 c:/program files (x86)/gnu tools arm embedded/4.7 2012q4/bin/../lib/gcc/arm-none-eabi/4.7.3/../../../../arm-none-eabi/lib/armv7-m\libg.a(lib_a-mprec.o)
                0x08008a88                _Bfree
 .text.__multadd
                0x08008a9c       0xfc c:/program files (x86)/gnu tools arm embedded/4.7 2012q4/bin/../lib/gcc/arm-none-eabi/4.7.3/../../../../arm-none-eabi/lib/armv7-m\libg.a(lib_a-mprec.o)
                0x08008a9c                __multadd
 .text.__hi0bits
                0x08008b98       0x3c c:/program files (x86)/gnu tools arm embedded/4.7 2012q4/bin/../lib/gcc/arm-none-eabi/4.7.3/../../../../arm-none-eabi/lib/armv7-m\libg.a(lib_a-mprec.o)
                0x08008b98                __hi0bits
 .text.__lo0bits
                0x08008bd4       0x5c c:/program files (x86)/gnu tools arm embedded/4.7 2012q4/bin/../lib/gcc/arm-none-eabi/4.7.3/../../../../arm-none-eabi/lib/armv7-m\libg.a(lib_a-mprec.o)
                0x08008bd4                __lo0bits
 .text.__i2b    0x08008c30       0x14 c:/program files (x86)/gnu tools arm embedded/4.7 2012q4/bin/../lib/gcc/arm-none-eabi/4.7.3/../../../../arm-none-eabi/lib/armv7-m\libg.a(lib_a-mprec.o)
                0x08008c30                __i2b
 .text.__multiply
                0x08008c44      0x2d0 c:/program files (x86)/gnu tools arm embedded/4.7 2012q4/bin/../lib/gcc/arm-none-eabi/4.7.3/../../../../arm-none-eabi/lib/armv7-m\libg.a(lib_a-mprec.o)
                0x08008c44                __multiply
 .text.__pow5mult
                0x08008f14       0x94 c:/program files (x86)/gnu tools arm embedded/4.7 2012q4/bin/../lib/gcc/arm-none-eabi/4.7.3/../../../../arm-none-eabi/lib/armv7-m\libg.a(lib_a-mprec.o)
                0x08008f14                __pow5mult
 .text.__lshift
                0x08008fa8      0x16c c:/program files (x86)/gnu tools arm embedded/4.7 2012q4/bin/../lib/gcc/arm-none-eabi/4.7.3/../../../../arm-none-eabi/lib/armv7-m\libg.a(lib_a-mprec.o)
                0x08008fa8                __lshift
 .text.__mcmp   0x08009114       0x5c c:/program files (x86)/gnu tools arm embedded/4.7 2012q4/bin/../lib/gcc/arm-none-eabi/4.7.3/../../../../arm-none-eabi/lib/armv7-m\libg.a(lib_a-mprec.o)
                0x08009114                __mcmp
 .text.__mdiff  0x08009170      0x218 c:/program files (x86)/gnu tools arm embedded/4.7 2012q4/bin/../lib/gcc/arm-none-eabi/4.7.3/../../../../arm-none-eabi/lib/armv7-m\libg.a(lib_a-mprec.o)
                0x08009170                __mdiff
 .text.__d2b    0x08009388       0xc0 c:/program files (x86)/gnu tools arm embedded/4.7 2012q4/bin/../lib/gcc/arm-none-eabi/4.7.3/../../../../arm-none-eabi/lib/armv7-m\libg.a(lib_a-mprec.o)
                0x08009388                __d2b
 .text.__fpclassifyd
                0x08009448       0x68 c:/program files (x86)/gnu tools arm embedded/4.7 2012q4/bin/../lib/gcc/arm-none-eabi/4.7.3/../../../../arm-none-eabi/lib/armv7-m\libg.a(lib_a-s_fpclassify.o)
                0x08009448                __fpclassifyd
 .text._sbrk_r  0x080094b0       0x24 c:/program files (x86)/gnu tools arm embedded/4.7 2012q4/bin/../lib/gcc/arm-none-eabi/4.7.3/../../../../arm-none-eabi/lib/armv7-m\libg.a(lib_a-sbrkr.o)
                0x080094b0                _sbrk_r
 .text.__sread  0x080094d4       0x24 c:/program files (x86)/gnu tools arm embedded/4.7 2012q4/bin/../lib/gcc/arm-none-eabi/4.7.3/../../../../arm-none-eabi/lib/armv7-m\libg.a(lib_a-stdio.o)
                0x080094d4                __sread
 .text.__swrite
                0x080094f8       0x44 c:/program files (x86)/gnu tools arm embedded/4.7 2012q4/bin/../lib/gcc/arm-none-eabi/4.7.3/../../../../arm-none-eabi/lib/armv7-m\libg.a(lib_a-stdio.o)
                0x080094f8                __swrite
 .text.__sseek  0x0800953c       0x24 c:/program files (x86)/gnu tools arm embedded/4.7 2012q4/bin/../lib/gcc/arm-none-eabi/4.7.3/../../../../arm-none-eabi/lib/armv7-m\libg.a(lib_a-stdio.o)
                0x0800953c                __sseek
 .text.__sclose
                0x08009560        0x8 c:/program files (x86)/gnu tools arm embedded/4.7 2012q4/bin/../lib/gcc/arm-none-eabi/4.7.3/../../../../arm-none-eabi/lib/armv7-m\libg.a(lib_a-stdio.o)
                0x08009560                __sclose
 .text.strlen   0x08009568       0x60 c:/program files (x86)/gnu tools arm embedded/4.7 2012q4/bin/../lib/gcc/arm-none-eabi/4.7.3/../../../../arm-none-eabi/lib/armv7-m\libg.a(lib_a-strlen.o)
                0x08009568                strlen
 .text.__ssprint_r
                0x080095c8      0x100 c:/program files (x86)/gnu tools arm embedded/4.7 2012q4/bin/../lib/gcc/arm-none-eabi/4.7.3/../../../../arm-none-eabi/lib/armv7-m\libg.a(lib_a-svfiprintf.o)
                0x080095c8                __ssprint_r
 .text.__sprint_r
                0x080096c8       0xc0 c:/program files (x86)/gnu tools arm embedded/4.7 2012q4/bin/../lib/gcc/arm-none-eabi/4.7.3/../../../../arm-none-eabi/lib/armv7-m\libg.a(lib_a-vfiprintf.o)
                0x080096c8                __sprint_r
 .text._write_r
                0x08009788       0x28 c:/program files (x86)/gnu tools arm embedded/4.7 2012q4/bin/../lib/gcc/arm-none-eabi/4.7.3/../../../../arm-none-eabi/lib/armv7-m\libg.a(lib_a-writer.o)
                0x08009788                _write_r
 .text._calloc_r
                0x080097b0       0x60 c:/program files (x86)/gnu tools arm embedded/4.7 2012q4/bin/../lib/gcc/arm-none-eabi/4.7.3/../../../../arm-none-eabi/lib/armv7-m\libg.a(lib_a-callocr.o)
                0x080097b0                _calloc_r
 .text._close_r
                0x08009810       0x24 c:/program files (x86)/gnu tools arm embedded/4.7 2012q4/bin/../lib/gcc/arm-none-eabi/4.7.3/../../../../arm-none-eabi/lib/armv7-m\libg.a(lib_a-closer.o)
                0x08009810                _close_r
 .text._fclose_r
                0x08009834       0x94 c:/program files (x86)/gnu tools arm embedded/4.7 2012q4/bin/../lib/gcc/arm-none-eabi/4.7.3/../../../../arm-none-eabi/lib/armv7-m\libg.a(lib_a-fclose.o)
                0x08009834                _fclose_r
 .text.fclose   0x080098c8       0x10 c:/program files (x86)/gnu tools arm embedded/4.7 2012q4/bin/../lib/gcc/arm-none-eabi/4.7.3/../../../../arm-none-eabi/lib/armv7-m\libg.a(lib_a-fclose.o)
                0x080098c8                fclose
 .text._fputwc_r
                0x080098d8      0x1b0 c:/program files (x86)/gnu tools arm embedded/4.7 2012q4/bin/../lib/gcc/arm-none-eabi/4.7.3/../../../../arm-none-eabi/lib/armv7-m\libg.a(lib_a-fputwc.o)
                0x080098d8                _fputwc_r
 .text._fstat_r
                0x08009a88       0x28 c:/program files (x86)/gnu tools arm embedded/4.7 2012q4/bin/../lib/gcc/arm-none-eabi/4.7.3/../../../../arm-none-eabi/lib/armv7-m\libg.a(lib_a-fstatr.o)
                0x08009a88                _fstat_r
 .text.__sfvwrite_r
                0x08009ab0      0x314 c:/program files (x86)/gnu tools arm embedded/4.7 2012q4/bin/../lib/gcc/arm-none-eabi/4.7.3/../../../../arm-none-eabi/lib/armv7-m\libg.a(lib_a-fvwrite.o)
                0x08009ab0                __sfvwrite_r
 .text._isatty_r
                0x08009dc4       0x24 c:/program files (x86)/gnu tools arm embedded/4.7 2012q4/bin/../lib/gcc/arm-none-eabi/4.7.3/../../../../arm-none-eabi/lib/armv7-m\libg.a(lib_a-isattyr.o)
                0x08009dc4                _isatty_r
 .text._lseek_r
                0x08009de8       0x28 c:/program files (x86)/gnu tools arm embedded/4.7 2012q4/bin/../lib/gcc/arm-none-eabi/4.7.3/../../../../arm-none-eabi/lib/armv7-m\libg.a(lib_a-lseekr.o)
                0x08009de8                _lseek_r
 .text.memmove  0x08009e10      0x1b0 c:/program files (x86)/gnu tools arm embedded/4.7 2012q4/bin/../lib/gcc/arm-none-eabi/4.7.3/../../../../arm-none-eabi/lib/armv7-m\libg.a(lib_a-memmove.o)
                0x08009e10                memmove
 .text._read_r  0x08009fc0       0x28 c:/program files (x86)/gnu tools arm embedded/4.7 2012q4/bin/../lib/gcc/arm-none-eabi/4.7.3/../../../../arm-none-eabi/lib/armv7-m\libg.a(lib_a-readr.o)
                0x08009fc0                _read_r
 .text._realloc_r
                0x08009fe8      0x3ec c:/program files (x86)/gnu tools arm embedded/4.7 2012q4/bin/../lib/gcc/arm-none-eabi/4.7.3/../../../../arm-none-eabi/lib/armv7-m\libg.a(lib_a-reallocr.o)
                0x08009fe8                _realloc_r
 .text.__swbuf_r
                0x0800a3d4       0xbc c:/program files (x86)/gnu tools arm embedded/4.7 2012q4/bin/../lib/gcc/arm-none-eabi/4.7.3/../../../../arm-none-eabi/lib/armv7-m\libg.a(lib_a-wbuf.o)
                0x0800a3d4                __swbuf_r
 .text._wcrtomb_r
                0x0800a490       0x50 c:/program files (x86)/gnu tools arm embedded/4.7 2012q4/bin/../lib/gcc/arm-none-eabi/4.7.3/../../../../arm-none-eabi/lib/armv7-m\libg.a(lib_a-wcrtomb.o)
                0x0800a490                _wcrtomb_r
 .text.__ascii_wctomb
                0x0800a4e0       0x1c c:/program files (x86)/gnu tools arm embedded/4.7 2012q4/bin/../lib/gcc/arm-none-eabi/4.7.3/../../../../arm-none-eabi/lib/armv7-m\libg.a(lib_a-wctomb_r.o)
                0x0800a4e0                __ascii_wctomb
 .text          0x0800a4fc      0x370 c:/program files (x86)/gnu tools arm embedded/4.7 2012q4/bin/../lib/gcc/arm-none-eabi/4.7.3/armv7-m\libgcc.a(_arm_addsubdf3.o)
                0x0800a4fc                __aeabi_drsub
                0x0800a504                __aeabi_dsub
                0x0800a504                __subdf3
                0x0800a508                __aeabi_dadd
                0x0800a508                __adddf3
                0x0800a780                __floatunsidf
                0x0800a780                __aeabi_ui2d
                0x0800a7a0                __floatsidf
                0x0800a7a0                __aeabi_i2d
                0x0800a7c4                __aeabi_f2d
                0x0800a7c4                __extendsfdf2
                0x0800a800                __floatundidf
                0x0800a800                __aeabi_ul2d
                0x0800a810                __floatdidf
                0x0800a810                __aeabi_l2d
 .text          0x0800a86c      0x424 c:/program files (x86)/gnu tools arm embedded/4.7 2012q4/bin/../lib/gcc/arm-none-eabi/4.7.3/armv7-m\libgcc.a(_arm_muldivdf3.o)
                0x0800a86c                __aeabi_dmul
                0x0800a86c                __muldf3
                0x0800aac0                __divdf3
                0x0800aac0                __aeabi_ddiv
 .text          0x0800ac90      0x110 c:/program files (x86)/gnu tools arm embedded/4.7 2012q4/bin/../lib/gcc/arm-none-eabi/4.7.3/armv7-m\libgcc.a(_arm_cmpdf2.o)
                0x0800ac90                __gtdf2
                0x0800ac90                __gedf2
                0x0800ac98                __ltdf2
                0x0800ac98                __ledf2
                0x0800aca0                __nedf2
                0x0800aca0                __eqdf2
                0x0800aca0                __cmpdf2
                0x0800ad1c                __aeabi_cdrcmple
                0x0800ad2c                __aeabi_cdcmpeq
                0x0800ad2c                __aeabi_cdcmple
                0x0800ad3c                __aeabi_dcmpeq
                0x0800ad50                __aeabi_dcmplt
                0x0800ad64                __aeabi_dcmple
                0x0800ad78                __aeabi_dcmpge
                0x0800ad8c                __aeabi_dcmpgt
 .text          0x0800ada0       0x50 c:/program files (x86)/gnu tools arm embedded/4.7 2012q4/bin/../lib/gcc/arm-none-eabi/4.7.3/armv7-m\libgcc.a(_arm_fixdfsi.o)
                0x0800ada0                __aeabi_d2iz
                0x0800ada0                __fixdfsi
 .text          0x0800adf0       0x2c c:/program files (x86)/gnu tools arm embedded/4.7 2012q4/bin/../lib/gcc/arm-none-eabi/4.7.3/armv7-m\libgcc.a(_aeabi_uldivmod.o)
                0x0800adf0                __aeabi_uldivmod
 .text          0x0800ae1c       0x60 c:/program files (x86)/gnu tools arm embedded/4.7 2012q4/bin/../lib/gcc/arm-none-eabi/4.7.3/armv7-m\libgcc.a(bpabi.o)
                0x0800ae1c                __gnu_ldivmod_helper
                0x0800ae4c                __gnu_uldivmod_helper
 .text          0x0800ae7c        0x4 c:/program files (x86)/gnu tools arm embedded/4.7 2012q4/bin/../lib/gcc/arm-none-eabi/4.7.3/armv7-m\libgcc.a(_dvmd_tls.o)
                0x0800ae7c                __aeabi_idiv0
                0x0800ae7c                __aeabi_ldiv0
 .text          0x0800ae80      0x2bc c:/program files (x86)/gnu tools arm embedded/4.7 2012q4/bin/../lib/gcc/arm-none-eabi/4.7.3/armv7-m\libgcc.a(_divdi3.o)
                0x0800ae80                __divdi3
 .text          0x0800b13c      0x28c c:/program files (x86)/gnu tools arm embedded/4.7 2012q4/bin/../lib/gcc/arm-none-eabi/4.7.3/armv7-m\libgcc.a(_udivdi3.o)
                0x0800b13c                __udivdi3
 *(.glue_7t)
 .glue_7t       0x00000000        0x0 linker stubs
 *(.glue_7)
 .glue_7        0x00000000        0x0 linker stubs
 *(.rodata .rodata* .gnu.linkonce.r.*)
 .rodata.str1.1
                0x0800b3c8       0x18 ..\obj\death.o
 .rodata.str1.1
                0x0800b3e0        0x5 ..\obj\flash.o
 .rodata.str1.1
                0x0800b3e5       0x30 ..\obj\BlockQ.o
 .rodata.str1.1
                0x0800b415       0x20 ..\obj\semtest.o
 .rodata.str1.1
                0x0800b435        0x8 ..\obj\integer.o
 .rodata        0x0800b43d     0x25bf ..\obj\main.o
                0x0800b43d                pcBitmap
 .rodata.str1.1
                0x0800d9fc       0x96 ..\obj\main.o
 .rodata        0x0800da92       0x14 ..\obj\tasks.o
 .rodata.str1.1
                0x0800daa6       0x17 ..\obj\tasks.o
                                 0x1a (size before relaxing)
 .rodata.str1.1
                0x0800dabd        0xc ..\obj\comtest.o
 .rodata.str1.1
                0x0800dac9        0xe ..\obj\blocktim.o
 .rodata.str1.1
                0x0800dad7       0x10 ..\obj\PollQ.o
 *fill*         0x0800dae7        0x1 00
 .rodata.str1.4
                0x0800dae8       0x42 c:/program files (x86)/gnu tools arm embedded/4.7 2012q4/bin/../lib/gcc/arm-none-eabi/4.7.3/../../../../arm-none-eabi/lib/armv7-m\libg.a(lib_a-svfprintf.o)
                                 0x44 (size before relaxing)
 *fill*         0x0800db2a        0x2 00
 .rodata.zeroes.6721
                0x0800db2c       0x10 c:/program files (x86)/gnu tools arm embedded/4.7 2012q4/bin/../lib/gcc/arm-none-eabi/4.7.3/../../../../arm-none-eabi/lib/armv7-m\libg.a(lib_a-svfprintf.o)
 .rodata.blanks.6720
                0x0800db3c       0x10 c:/program files (x86)/gnu tools arm embedded/4.7 2012q4/bin/../lib/gcc/arm-none-eabi/4.7.3/../../../../arm-none-eabi/lib/armv7-m\libg.a(lib_a-svfprintf.o)
 .rodata.blanks.6735
                0x0800db4c       0x10 c:/program files (x86)/gnu tools arm embedded/4.7 2012q4/bin/../lib/gcc/arm-none-eabi/4.7.3/../../../../arm-none-eabi/lib/armv7-m\libg.a(lib_a-vfprintf.o)
 .rodata.str1.4
                0x00000000       0x44 c:/program files (x86)/gnu tools arm embedded/4.7 2012q4/bin/../lib/gcc/arm-none-eabi/4.7.3/../../../../arm-none-eabi/lib/armv7-m\libg.a(lib_a-vfprintf.o)
 .rodata.zeroes.6736
                0x0800db5c       0x10 c:/program files (x86)/gnu tools arm embedded/4.7 2012q4/bin/../lib/gcc/arm-none-eabi/4.7.3/../../../../arm-none-eabi/lib/armv7-m\libg.a(lib_a-vfprintf.o)
 .rodata.str1.4
                0x0800db6c       0x10 c:/program files (x86)/gnu tools arm embedded/4.7 2012q4/bin/../lib/gcc/arm-none-eabi/4.7.3/../../../../arm-none-eabi/lib/armv7-m\libg.a(lib_a-dtoa.o)
                                 0x14 (size before relaxing)
 .rodata.str1.4
                0x0800db7c        0x2 c:/program files (x86)/gnu tools arm embedded/4.7 2012q4/bin/../lib/gcc/arm-none-eabi/4.7.3/../../../../arm-none-eabi/lib/armv7-m\libg.a(lib_a-impure.o)
                                  0x4 (size before relaxing)
 *fill*         0x0800db7e        0x2 00
 .rodata.str1.4
                0x0800db80        0xc c:/program files (x86)/gnu tools arm embedded/4.7 2012q4/bin/../lib/gcc/arm-none-eabi/4.7.3/../../../../arm-none-eabi/lib/armv7-m\libg.a(lib_a-locale.o)
                                 0x14 (size before relaxing)
 .rodata.p05.5242
                0x0800db8c        0xc c:/program files (x86)/gnu tools arm embedded/4.7 2012q4/bin/../lib/gcc/arm-none-eabi/4.7.3/../../../../arm-none-eabi/lib/armv7-m\libg.a(lib_a-mprec.o)
 .rodata.__mprec_tens
                0x0800db98       0xc8 c:/program files (x86)/gnu tools arm embedded/4.7 2012q4/bin/../lib/gcc/arm-none-eabi/4.7.3/../../../../arm-none-eabi/lib/armv7-m\libg.a(lib_a-mprec.o)
                0x0800db98                __mprec_tens
 .rodata.__mprec_bigtens
                0x0800dc60       0x28 c:/program files (x86)/gnu tools arm embedded/4.7 2012q4/bin/../lib/gcc/arm-none-eabi/4.7.3/../../../../arm-none-eabi/lib/armv7-m\libg.a(lib_a-mprec.o)
                0x0800dc60                __mprec_bigtens

.vfp11_veneer   0x0800dc88        0x0
 .vfp11_veneer  0x00000000        0x0 linker stubs

.v4_bx          0x0800dc88        0x0
 .v4_bx         0x00000000        0x0 linker stubs

.iplt           0x0800dc88        0x0
 .iplt          0x00000000        0x0 ..\obj\stm32f10x_tim.o

.ARM.extab
 *(.ARM.extab* .gnu.linkonce.armextab.*)
                0x0800dc88                __exidx_start = .

.ARM.exidx      0x0800dc88        0x8
 *(.ARM.exidx* .gnu.linkonce.armexidx.*)
 .ARM.exidx     0x0800dc88        0x8 c:/program files (x86)/gnu tools arm embedded/4.7 2012q4/bin/../lib/gcc/arm-none-eabi/4.7.3/armv7-m\libgcc.a(_divdi3.o)
 .ARM.exidx     0x0800dc90        0x0 c:/program files (x86)/gnu tools arm embedded/4.7 2012q4/bin/../lib/gcc/arm-none-eabi/4.7.3/armv7-m\libgcc.a(_udivdi3.o)
                                  0x8 (size before relaxing)
                0x0800dc90                __exidx_end = .

.rel.dyn        0x0800dc90        0x0
 .rel.iplt      0x00000000        0x0 ..\obj\stm32f10x_tim.o
                0x0800dc90                . = ALIGN (0x4)
                0x0800dc90                _etext = .
                0x0800dc90                _sidata = .

.data           0x20000000      0x8c4 load address 0x0800dc90
                0x20000000                _sdata = .
 *(.data .data.*)
 .data          0x20000000        0x2 ..\obj\death.o
 .data          0x20000002       0x14 ..\obj\stm32f10x_rcc.o
 *fill*         0x20000016        0x2 00
 .data          0x20000018        0x4 ..\obj\tasks.o
 .data          0x2000001c        0x4 ..\obj\port.o
 .data          0x20000020        0x4 ..\obj\heap_2.o
 *fill*         0x20000024        0x4 00
 .data.impure_data
                0x20000028      0x428 c:/program files (x86)/gnu tools arm embedded/4.7 2012q4/bin/../lib/gcc/arm-none-eabi/4.7.3/../../../../arm-none-eabi/lib/armv7-m\libg.a(lib_a-impure.o)
 .data._impure_ptr
                0x20000450        0x4 c:/program files (x86)/gnu tools arm embedded/4.7 2012q4/bin/../lib/gcc/arm-none-eabi/4.7.3/../../../../arm-none-eabi/lib/armv7-m\libg.a(lib_a-impure.o)
                0x20000450                _impure_ptr
 .data.lconv    0x20000454       0x38 c:/program files (x86)/gnu tools arm embedded/4.7 2012q4/bin/../lib/gcc/arm-none-eabi/4.7.3/../../../../arm-none-eabi/lib/armv7-m\libg.a(lib_a-locale.o)
 .data.lc_ctype_charset
                0x2000048c       0x20 c:/program files (x86)/gnu tools arm embedded/4.7 2012q4/bin/../lib/gcc/arm-none-eabi/4.7.3/../../../../arm-none-eabi/lib/armv7-m\libg.a(lib_a-locale.o)
 .data.__mb_cur_max
                0x200004ac        0x4 c:/program files (x86)/gnu tools arm embedded/4.7 2012q4/bin/../lib/gcc/arm-none-eabi/4.7.3/../../../../arm-none-eabi/lib/armv7-m\libg.a(lib_a-locale.o)
                0x200004ac                __mb_cur_max
 .data.__malloc_av_
                0x200004b0      0x408 c:/program files (x86)/gnu tools arm embedded/4.7 2012q4/bin/../lib/gcc/arm-none-eabi/4.7.3/../../../../arm-none-eabi/lib/armv7-m\libg.a(lib_a-mallocr.o)
                0x200004b0                __malloc_av_
 .data.__malloc_trim_threshold
                0x200008b8        0x4 c:/program files (x86)/gnu tools arm embedded/4.7 2012q4/bin/../lib/gcc/arm-none-eabi/4.7.3/../../../../arm-none-eabi/lib/armv7-m\libg.a(lib_a-mallocr.o)
                0x200008b8                __malloc_trim_threshold
 .data.__malloc_sbrk_base
                0x200008bc        0x4 c:/program files (x86)/gnu tools arm embedded/4.7 2012q4/bin/../lib/gcc/arm-none-eabi/4.7.3/../../../../arm-none-eabi/lib/armv7-m\libg.a(lib_a-mallocr.o)
                0x200008bc                __malloc_sbrk_base
 .data.__wctomb
                0x200008c0        0x4 c:/program files (x86)/gnu tools arm embedded/4.7 2012q4/bin/../lib/gcc/arm-none-eabi/4.7.3/../../../../arm-none-eabi/lib/armv7-m\libg.a(lib_a-wctomb_r.o)
                0x200008c0                __wctomb
                0x200008c4                . = ALIGN (0x4)
                0x200008c4                _edata = .

.igot.plt       0x200008c4        0x0 load address 0x0800e554
 .igot.plt      0x00000000        0x0 ..\obj\stm32f10x_tim.o

.bss            0x200008c4     0x4a34 load address 0x0800e554
                0x200008c4                _sbss = .
 *(.bss .bss.*)
 .bss           0x200008c4        0xc ..\obj\death.o
 .bss           0x200008d0        0x4 ..\obj\flash.o
 .bss           0x200008d4       0x18 ..\obj\BlockQ.o
 .bss           0x200008ec       0x12 ..\obj\semtest.o
 *fill*         0x200008fe        0x2 00
 .bss           0x20000900        0x4 ..\obj\integer.o
 .bss           0x20000904       0x1e ..\obj\main.o
 *fill*         0x20000922        0x2 00
 .bss           0x20000924        0xc ..\obj\timertest.o
                0x2000092a                usMaxJitter
                0x2000092c                ulRunTimeStatsClock
 .bss           0x20000930      0x130 ..\obj\tasks.o
                0x20000960                pxCurrentTCB
 .bss           0x20000a60        0x8 ..\obj\comtest.o
 .bss           0x20000a68       0x20 ..\obj\blocktim.o
 .bss           0x20000a88        0xc ..\obj\PollQ.o
 .bss           0x20000a94        0x8 ..\obj\serial.o
 .bss           0x20000a9c        0x2 ..\obj\ParTest.o
 *fill*         0x20000a9e        0x2 00
 .bss           0x20000aa0     0x4814 ..\obj\heap_2.o
 .bss.__malloc_max_total_mem
                0x200052b4        0x4 c:/program files (x86)/gnu tools arm embedded/4.7 2012q4/bin/../lib/gcc/arm-none-eabi/4.7.3/../../../../arm-none-eabi/lib/armv7-m\libg.a(lib_a-mallocr.o)
                0x200052b4                __malloc_max_total_mem
 .bss.__malloc_max_sbrked_mem
                0x200052b8        0x4 c:/program files (x86)/gnu tools arm embedded/4.7 2012q4/bin/../lib/gcc/arm-none-eabi/4.7.3/../../../../arm-none-eabi/lib/armv7-m\libg.a(lib_a-mallocr.o)
                0x200052b8                __malloc_max_sbrked_mem
 .bss.__malloc_top_pad
                0x200052bc        0x4 c:/program files (x86)/gnu tools arm embedded/4.7 2012q4/bin/../lib/gcc/arm-none-eabi/4.7.3/../../../../arm-none-eabi/lib/armv7-m\libg.a(lib_a-mallocr.o)
                0x200052bc                __malloc_top_pad
 .bss.__malloc_current_mallinfo
                0x200052c0       0x28 c:/program files (x86)/gnu tools arm embedded/4.7 2012q4/bin/../lib/gcc/arm-none-eabi/4.7.3/../../../../arm-none-eabi/lib/armv7-m\libg.a(lib_a-mallocr.o)
                0x200052c0                __malloc_current_mallinfo
 *(COMMON)
 COMMON         0x200052e8        0x4 ..\obj\death.o
                0x200052e8                xCreatedTask
 COMMON         0x200052ec        0x2 ..\obj\ministm32_lcd.o
                0x200052ec                LCD_DeviceCode
 *fill*         0x200052ee        0x2 00
 COMMON         0x200052f0        0x4 ..\obj\main.o
                0x200052f0                xLCDQueue
 COMMON         0x200052f4        0x4 c:/program files (x86)/gnu tools arm embedded/4.7 2012q4/bin/../lib/gcc/arm-none-eabi/4.7.3/../../../../arm-none-eabi/lib/armv7-m\libg.a(lib_a-reent.o)
                0x200052f4                errno
                0x200052f8                . = ALIGN (0x4)
                0x200052f8                _ebss = .

.co_stack       0x200052f8      0x400 load address 0x08012f88
                0x200052f8                . = ALIGN (0x8)
 *(.co_stack .co_stack.*)
 .co_stack      0x200052f8      0x400 ..\obj\startup_stm32f10x_hd.o
                0x200052f8                pulStack
                0x200056f8                . = ALIGN (0x4)
                0x200056f8                _end = .
LOAD ..\obj\stm32f10x_tim.o
LOAD ..\obj\death.o
LOAD ..\obj\ministm32_lcd.o
LOAD ..\obj\core_cm3.o
LOAD ..\obj\flash.o
LOAD ..\obj\BlockQ.o
LOAD ..\obj\semtest.o
LOAD ..\obj\system_stm32f10x.o
LOAD ..\obj\startup_stm32f10x_hd.o
LOAD ..\obj\integer.o
LOAD ..\obj\stm32f10x_gpio.o
LOAD ..\obj\main.o
LOAD ..\obj\timers.o
LOAD ..\obj\stm32f10x_rcc.o
LOAD ..\obj\ministm32.o
LOAD ..\obj\timertest.o
LOAD ..\obj\stm32f10x_exti.o
LOAD ..\obj\tasks.o
LOAD ..\obj\stm32f10x_usart.o
LOAD ..\obj\comtest.o
LOAD ..\obj\list.o
LOAD ..\obj\stm32f10x_flash.o
LOAD ..\obj\blocktim.o
LOAD ..\obj\PollQ.o
LOAD ..\obj\port.o
LOAD ..\obj\queue.o
LOAD ..\obj\croutine.o
LOAD ..\obj\misc.o
LOAD ..\obj\serial.o
LOAD ..\obj\ParTest.o
LOAD ..\obj\stm32f10x_spi.o
LOAD ..\obj\heap_2.o
START GROUP
LOAD c:/program files (x86)/gnu tools arm embedded/4.7 2012q4/bin/../lib/gcc/arm-none-eabi/4.7.3/armv7-m\libgcc.a
LOAD c:/program files (x86)/gnu tools arm embedded/4.7 2012q4/bin/../lib/gcc/arm-none-eabi/4.7.3/../../../../arm-none-eabi/lib/armv7-m\libg.a
LOAD c:/program files (x86)/gnu tools arm embedded/4.7 2012q4/bin/../lib/gcc/arm-none-eabi/4.7.3/../../../../arm-none-eabi/lib/armv7-m\libc.a
END GROUP
OUTPUT(FreeRTOS_TEST.elf elf32-littlearm)

.debug_info     0x00000000     0xf6c5
 .debug_info    0x00000000     0x22ae ..\obj\stm32f10x_tim.o
 .debug_info    0x000022ae      0x4b3 ..\obj\death.o
 .debug_info    0x00002761     0x219f ..\obj\ministm32_lcd.o
 .debug_info    0x00004900      0x308 ..\obj\flash.o
 .debug_info    0x00004c08      0x70b ..\obj\BlockQ.o
 .debug_info    0x00005313      0x635 ..\obj\semtest.o
 .debug_info    0x00005948      0x49c ..\obj\system_stm32f10x.o
 .debug_info    0x00005de4      0x12a ..\obj\startup_stm32f10x_hd.o
 .debug_info    0x00005f0e      0x2b5 ..\obj\integer.o
 .debug_info    0x000061c3      0x831 ..\obj\stm32f10x_gpio.o
 .debug_info    0x000069f4     0x160d ..\obj\main.o
 .debug_info    0x00008001      0x935 ..\obj\stm32f10x_rcc.o
 .debug_info    0x00008936      0x89d ..\obj\timertest.o
 .debug_info    0x000091d3     0x1aad ..\obj\tasks.o
 .debug_info    0x0000ac80      0xb86 ..\obj\stm32f10x_usart.o
 .debug_info    0x0000b806      0x4c1 ..\obj\comtest.o
 .debug_info    0x0000bcc7      0x2b3 ..\obj\list.o
 .debug_info    0x0000bf7a      0x6f3 ..\obj\blocktim.o
 .debug_info    0x0000c66d      0x499 ..\obj\PollQ.o
 .debug_info    0x0000cb06      0x27f ..\obj\port.o
 .debug_info    0x0000cd85     0x1159 ..\obj\queue.o
 .debug_info    0x0000dede      0x546 ..\obj\misc.o
 .debug_info    0x0000e424      0xc45 ..\obj\serial.o
 .debug_info    0x0000f069      0x34b ..\obj\ParTest.o
 .debug_info    0x0000f3b4      0x311 ..\obj\heap_2.o

.debug_abbrev   0x00000000     0x3093
 .debug_abbrev  0x00000000      0x301 ..\obj\stm32f10x_tim.o
 .debug_abbrev  0x00000301      0x1b5 ..\obj\death.o
 .debug_abbrev  0x000004b6      0x2c9 ..\obj\ministm32_lcd.o
 .debug_abbrev  0x0000077f      0x170 ..\obj\flash.o
 .debug_abbrev  0x000008ef      0x1b1 ..\obj\BlockQ.o
 .debug_abbrev  0x00000aa0      0x1aa ..\obj\semtest.o
 .debug_abbrev  0x00000c4a      0x199 ..\obj\system_stm32f10x.o
 .debug_abbrev  0x00000de3       0xef ..\obj\startup_stm32f10x_hd.o
 .debug_abbrev  0x00000ed2      0x158 ..\obj\integer.o
 .debug_abbrev  0x0000102a      0x20f ..\obj\stm32f10x_gpio.o
 .debug_abbrev  0x00001239      0x3b4 ..\obj\main.o
 .debug_abbrev  0x000015ed      0x209 ..\obj\stm32f10x_rcc.o
 .debug_abbrev  0x000017f6      0x1b3 ..\obj\timertest.o
 .debug_abbrev  0x000019a9      0x3a8 ..\obj\tasks.o
 .debug_abbrev  0x00001d51      0x230 ..\obj\stm32f10x_usart.o
 .debug_abbrev  0x00001f81      0x1ae ..\obj\comtest.o
 .debug_abbrev  0x0000212f       0xf6 ..\obj\list.o
 .debug_abbrev  0x00002225      0x1b2 ..\obj\blocktim.o
 .debug_abbrev  0x000023d7      0x16b ..\obj\PollQ.o
 .debug_abbrev  0x00002542      0x1bb ..\obj\port.o
 .debug_abbrev  0x000026fd      0x2c4 ..\obj\queue.o
 .debug_abbrev  0x000029c1      0x161 ..\obj\misc.o
 .debug_abbrev  0x00002b22      0x217 ..\obj\serial.o
 .debug_abbrev  0x00002d39      0x184 ..\obj\ParTest.o
 .debug_abbrev  0x00002ebd      0x1d6 ..\obj\heap_2.o

.debug_loc      0x00000000     0x73d4
 .debug_loc     0x00000000     0x20a1 ..\obj\stm32f10x_tim.o
 .debug_loc     0x000020a1      0x166 ..\obj\death.o
 .debug_loc     0x00002207      0x9c3 ..\obj\ministm32_lcd.o
 .debug_loc     0x00002bca       0x9f ..\obj\flash.o
 .debug_loc     0x00002c69      0x2b7 ..\obj\BlockQ.o
 .debug_loc     0x00002f20      0x153 ..\obj\semtest.o
 .debug_loc     0x00003073       0xfd ..\obj\system_stm32f10x.o
 .debug_loc     0x00003170       0x20 ..\obj\startup_stm32f10x_hd.o
 .debug_loc     0x00003190      0x16e ..\obj\integer.o
 .debug_loc     0x000032fe      0x62c ..\obj\stm32f10x_gpio.o
 .debug_loc     0x0000392a      0x10d ..\obj\main.o
 .debug_loc     0x00003a37      0x7a9 ..\obj\stm32f10x_rcc.o
 .debug_loc     0x000041e0       0x6b ..\obj\timertest.o
 .debug_loc     0x0000424b      0xd04 ..\obj\tasks.o
 .debug_loc     0x00004f4f      0x93f ..\obj\stm32f10x_usart.o
 .debug_loc     0x0000588e      0x21c ..\obj\comtest.o
 .debug_loc     0x00005aaa       0xf7 ..\obj\list.o
 .debug_loc     0x00005ba1      0x247 ..\obj\blocktim.o
 .debug_loc     0x00005de8      0x176 ..\obj\PollQ.o
 .debug_loc     0x00005f5e       0xd3 ..\obj\port.o
 .debug_loc     0x00006031      0xbcc ..\obj\queue.o
 .debug_loc     0x00006bfd      0x1de ..\obj\misc.o
 .debug_loc     0x00006ddb      0x28e ..\obj\serial.o
 .debug_loc     0x00007069      0x12f ..\obj\ParTest.o
 .debug_loc     0x00007198      0x23c ..\obj\heap_2.o

.debug_aranges  0x00000000      0xc40
 .debug_aranges
                0x00000000      0x2e0 ..\obj\stm32f10x_tim.o
 .debug_aranges
                0x000002e0       0x38 ..\obj\death.o
 .debug_aranges
                0x00000318       0xb8 ..\obj\ministm32_lcd.o
 .debug_aranges
                0x000003d0       0x28 ..\obj\flash.o
 .debug_aranges
                0x000003f8       0x38 ..\obj\BlockQ.o
 .debug_aranges
                0x00000430       0x30 ..\obj\semtest.o
 .debug_aranges
                0x00000460       0x28 ..\obj\system_stm32f10x.o
 .debug_aranges
                0x00000488       0x28 ..\obj\startup_stm32f10x_hd.o
 .debug_aranges
                0x000004b0       0x30 ..\obj\integer.o
 .debug_aranges
                0x000004e0       0xa8 ..\obj\stm32f10x_gpio.o
 .debug_aranges
                0x00000588       0x40 ..\obj\main.o
 .debug_aranges
                0x000005c8      0x118 ..\obj\stm32f10x_rcc.o
 .debug_aranges
                0x000006e0       0x28 ..\obj\timertest.o
 .debug_aranges
                0x00000708      0x120 ..\obj\tasks.o
 .debug_aranges
                0x00000828      0x100 ..\obj\stm32f10x_usart.o
 .debug_aranges
                0x00000928       0x38 ..\obj\comtest.o
 .debug_aranges
                0x00000960       0x40 ..\obj\list.o
 .debug_aranges
                0x000009a0       0x38 ..\obj\blocktim.o
 .debug_aranges
                0x000009d8       0x38 ..\obj\PollQ.o
 .debug_aranges
                0x00000a10       0x80 ..\obj\port.o
 .debug_aranges
                0x00000a90       0xc0 ..\obj\queue.o
 .debug_aranges
                0x00000b50       0x40 ..\obj\misc.o
 .debug_aranges
                0x00000b90       0x48 ..\obj\serial.o
 .debug_aranges
                0x00000bd8       0x30 ..\obj\ParTest.o
 .debug_aranges
                0x00000c08       0x38 ..\obj\heap_2.o

.debug_ranges   0x00000000      0xc98
 .debug_ranges  0x00000000      0x340 ..\obj\stm32f10x_tim.o
 .debug_ranges  0x00000340       0x28 ..\obj\death.o
 .debug_ranges  0x00000368       0xa8 ..\obj\ministm32_lcd.o
 .debug_ranges  0x00000410       0x18 ..\obj\flash.o
 .debug_ranges  0x00000428       0x28 ..\obj\BlockQ.o
 .debug_ranges  0x00000450       0x20 ..\obj\semtest.o
 .debug_ranges  0x00000470       0x78 ..\obj\system_stm32f10x.o
 .debug_ranges  0x000004e8       0x18 ..\obj\startup_stm32f10x_hd.o
 .debug_ranges  0x00000500       0x20 ..\obj\integer.o
 .debug_ranges  0x00000520       0x98 ..\obj\stm32f10x_gpio.o
 .debug_ranges  0x000005b8       0x30 ..\obj\main.o
 .debug_ranges  0x000005e8      0x108 ..\obj\stm32f10x_rcc.o
 .debug_ranges  0x000006f0       0x18 ..\obj\timertest.o
 .debug_ranges  0x00000708      0x1f8 ..\obj\tasks.o
 .debug_ranges  0x00000900       0xf0 ..\obj\stm32f10x_usart.o
 .debug_ranges  0x000009f0       0x28 ..\obj\comtest.o
 .debug_ranges  0x00000a18       0x30 ..\obj\list.o
 .debug_ranges  0x00000a48       0x28 ..\obj\blocktim.o
 .debug_ranges  0x00000a70       0x28 ..\obj\PollQ.o
 .debug_ranges  0x00000a98       0x70 ..\obj\port.o
 .debug_ranges  0x00000b08       0xb0 ..\obj\queue.o
 .debug_ranges  0x00000bb8       0x30 ..\obj\misc.o
 .debug_ranges  0x00000be8       0x38 ..\obj\serial.o
 .debug_ranges  0x00000c20       0x20 ..\obj\ParTest.o
 .debug_ranges  0x00000c40       0x58 ..\obj\heap_2.o

.debug_line     0x00000000     0x510b
 .debug_line    0x00000000      0xac9 ..\obj\stm32f10x_tim.o
 .debug_line    0x00000ac9      0x22a ..\obj\death.o
 .debug_line    0x00000cf3      0x6d1 ..\obj\ministm32_lcd.o
 .debug_line    0x000013c4      0x1c1 ..\obj\flash.o
 .debug_line    0x00001585      0x257 ..\obj\BlockQ.o
 .debug_line    0x000017dc      0x25a ..\obj\semtest.o
 .debug_line    0x00001a36      0x1ad ..\obj\system_stm32f10x.o
 .debug_line    0x00001be3       0xb3 ..\obj\startup_stm32f10x_hd.o
 .debug_line    0x00001c96      0x175 ..\obj\integer.o
 .debug_line    0x00001e0b      0x395 ..\obj\stm32f10x_gpio.o
 .debug_line    0x000021a0      0x55a ..\obj\main.o
 .debug_line    0x000026fa      0x464 ..\obj\stm32f10x_rcc.o
 .debug_line    0x00002b5e      0x21b ..\obj\timertest.o
 .debug_line    0x00002d79      0x729 ..\obj\tasks.o
 .debug_line    0x000034a2      0x48a ..\obj\stm32f10x_usart.o
 .debug_line    0x0000392c      0x203 ..\obj\comtest.o
 .debug_line    0x00003b2f      0x190 ..\obj\list.o
 .debug_line    0x00003cbf      0x251 ..\obj\blocktim.o
 .debug_line    0x00003f10      0x1bf ..\obj\PollQ.o
 .debug_line    0x000040cf      0x1e1 ..\obj\port.o
 .debug_line    0x000042b0      0x47c ..\obj\queue.o
 .debug_line    0x0000472c      0x212 ..\obj\misc.o
 .debug_line    0x0000493e      0x39f ..\obj\serial.o
 .debug_line    0x00004cdd      0x242 ..\obj\ParTest.o
 .debug_line    0x00004f1f      0x1ec ..\obj\heap_2.o

.debug_str      0x00000000     0x43e2
 .debug_str     0x00000000      0xd10 ..\obj\stm32f10x_tim.o
                                0xdb1 (size before relaxing)
 .debug_str     0x00000d10      0x1fa ..\obj\death.o
                                0x2f5 (size before relaxing)
 .debug_str     0x00000f0a      0x31d ..\obj\ministm32_lcd.o
                                0x451 (size before relaxing)
 .debug_str     0x00001227      0x103 ..\obj\flash.o
                                0x276 (size before relaxing)
 .debug_str     0x0000132a      0x290 ..\obj\BlockQ.o
                                0x426 (size before relaxing)
 .debug_str     0x000015ba      0x1ae ..\obj\semtest.o
                                0x3c6 (size before relaxing)
 .debug_str     0x00001768      0x16f ..\obj\system_stm32f10x.o
                                0x285 (size before relaxing)
 .debug_str     0x000018d7       0xb8 ..\obj\startup_stm32f10x_hd.o
                                0x127 (size before relaxing)
 .debug_str     0x0000198f       0xc8 ..\obj\integer.o
                                0x262 (size before relaxing)
 .debug_str     0x00001a57      0x25a ..\obj\stm32f10x_gpio.o
                                0x4d6 (size before relaxing)
 .debug_str     0x00001cb1      0x6e3 ..\obj\main.o
                                0xb8f (size before relaxing)
 .debug_str     0x00002394      0x2e6 ..\obj\stm32f10x_rcc.o
                                0x5c0 (size before relaxing)
 .debug_str     0x0000267a      0x4fa ..\obj\timertest.o
                                0x84a (size before relaxing)
 .debug_str     0x00002b74      0x875 ..\obj\tasks.o
                                0xb33 (size before relaxing)
 .debug_str     0x000033e9      0x432 ..\obj\stm32f10x_usart.o
                                0x676 (size before relaxing)
 .debug_str     0x0000381b      0x126 ..\obj\comtest.o
                                0x30f (size before relaxing)
 .debug_str     0x00003941       0x80 ..\obj\list.o
                                0x24c (size before relaxing)
 .debug_str     0x000039c1      0x12c ..\obj\blocktim.o
                                0x345 (size before relaxing)
 .debug_str     0x00003aed       0xd4 ..\obj\PollQ.o
                                0x31b (size before relaxing)
 .debug_str     0x00003bc1       0xe7 ..\obj\port.o
                                0x268 (size before relaxing)
 .debug_str     0x00003ca8      0x364 ..\obj\queue.o
                                0x74b (size before relaxing)
 .debug_str     0x0000400c      0x10d ..\obj\misc.o
                                0x369 (size before relaxing)
 .debug_str     0x00004119       0xf5 ..\obj\serial.o
                                0xa4c (size before relaxing)
 .debug_str     0x0000420e       0x66 ..\obj\ParTest.o
                                0x2e6 (size before relaxing)
 .debug_str     0x00004274      0x16e ..\obj\heap_2.o
                                0x291 (size before relaxing)

.comment        0x00000000       0x70
 .comment       0x00000000       0x70 ..\obj\stm32f10x_tim.o
                                 0x71 (size before relaxing)
 .comment       0x00000000       0x71 ..\obj\death.o
 .comment       0x00000000       0x71 ..\obj\ministm32_lcd.o
 .comment       0x00000000       0x71 ..\obj\flash.o
 .comment       0x00000000       0x71 ..\obj\BlockQ.o
 .comment       0x00000000       0x71 ..\obj\semtest.o
 .comment       0x00000000       0x71 ..\obj\system_stm32f10x.o
 .comment       0x00000000       0x71 ..\obj\startup_stm32f10x_hd.o
 .comment       0x00000000       0x71 ..\obj\integer.o
 .comment       0x00000000       0x71 ..\obj\stm32f10x_gpio.o
 .comment       0x00000000       0x71 ..\obj\main.o
 .comment       0x00000000       0x71 ..\obj\stm32f10x_rcc.o
 .comment       0x00000000       0x71 ..\obj\timertest.o
 .comment       0x00000000       0x71 ..\obj\tasks.o
 .comment       0x00000000       0x71 ..\obj\stm32f10x_usart.o
 .comment       0x00000000       0x71 ..\obj\comtest.o
 .comment       0x00000000       0x71 ..\obj\list.o
 .comment       0x00000000       0x71 ..\obj\blocktim.o
 .comment       0x00000000       0x71 ..\obj\PollQ.o
 .comment       0x00000000       0x71 ..\obj\port.o
 .comment       0x00000000       0x71 ..\obj\queue.o
 .comment       0x00000000       0x71 ..\obj\misc.o
 .comment       0x00000000       0x71 ..\obj\serial.o
 .comment       0x00000000       0x71 ..\obj\ParTest.o
 .comment       0x00000000       0x71 ..\obj\heap_2.o

.ARM.attributes
                0x00000000       0x33
 .ARM.attributes
                0x00000000       0x33 ..\obj\stm32f10x_tim.o
 .ARM.attributes
                0x00000033       0x33 ..\obj\death.o
 .ARM.attributes
                0x00000066       0x33 ..\obj\ministm32_lcd.o
 .ARM.attributes
                0x00000099       0x33 ..\obj\flash.o
 .ARM.attributes
                0x000000cc       0x33 ..\obj\BlockQ.o
 .ARM.attributes
                0x000000ff       0x33 ..\obj\semtest.o
 .ARM.attributes
                0x00000132       0x33 ..\obj\system_stm32f10x.o
 .ARM.attributes
                0x00000165       0x33 ..\obj\startup_stm32f10x_hd.o
 .ARM.attributes
                0x00000198       0x33 ..\obj\integer.o
 .ARM.attributes
                0x000001cb       0x33 ..\obj\stm32f10x_gpio.o
 .ARM.attributes
                0x000001fe       0x33 ..\obj\main.o
 .ARM.attributes
                0x00000231       0x33 ..\obj\stm32f10x_rcc.o
 .ARM.attributes
                0x00000264       0x33 ..\obj\timertest.o
 .ARM.attributes
                0x00000297       0x33 ..\obj\tasks.o
 .ARM.attributes
                0x000002ca       0x33 ..\obj\stm32f10x_usart.o
 .ARM.attributes
                0x000002fd       0x33 ..\obj\comtest.o
 .ARM.attributes
                0x00000330       0x33 ..\obj\list.o
 .ARM.attributes
                0x00000363       0x33 ..\obj\blocktim.o
 .ARM.attributes
                0x00000396       0x33 ..\obj\PollQ.o
 .ARM.attributes
                0x000003c9       0x33 ..\obj\port.o
 .ARM.attributes
                0x000003fc       0x33 ..\obj\queue.o
 .ARM.attributes
                0x0000042f       0x33 ..\obj\misc.o
 .ARM.attributes
                0x00000462       0x33 ..\obj\serial.o
 .ARM.attributes
                0x00000495       0x33 ..\obj\ParTest.o
 .ARM.attributes
                0x000004c8       0x33 ..\obj\heap_2.o
 .ARM.attributes
                0x000004fb       0x2d c:/program files (x86)/gnu tools arm embedded/4.7 2012q4/bin/../lib/gcc/arm-none-eabi/4.7.3/../../../../arm-none-eabi/lib/armv7-m\libg.a(lib_a-memcmp.o)
 .ARM.attributes
                0x00000528       0x2d c:/program files (x86)/gnu tools arm embedded/4.7 2012q4/bin/../lib/gcc/arm-none-eabi/4.7.3/../../../../arm-none-eabi/lib/armv7-m\libg.a(lib_a-memcpy.o)
 .ARM.attributes
                0x00000555       0x2d c:/program files (x86)/gnu tools arm embedded/4.7 2012q4/bin/../lib/gcc/arm-none-eabi/4.7.3/../../../../arm-none-eabi/lib/armv7-m\libg.a(lib_a-memset.o)
 .ARM.attributes
                0x00000582       0x2d c:/program files (x86)/gnu tools arm embedded/4.7 2012q4/bin/../lib/gcc/arm-none-eabi/4.7.3/../../../../arm-none-eabi/lib/armv7-m\libg.a(lib_a-printf.o)
 .ARM.attributes
                0x000005af       0x2d c:/program files (x86)/gnu tools arm embedded/4.7 2012q4/bin/../lib/gcc/arm-none-eabi/4.7.3/../../../../arm-none-eabi/lib/armv7-m\libg.a(lib_a-sprintf.o)
 .ARM.attributes
                0x000005dc       0x2d c:/program files (x86)/gnu tools arm embedded/4.7 2012q4/bin/../lib/gcc/arm-none-eabi/4.7.3/../../../../arm-none-eabi/lib/armv7-m\libg.a(lib_a-strncpy.o)
 .ARM.attributes
                0x00000609       0x2d c:/program files (x86)/gnu tools arm embedded/4.7 2012q4/bin/../lib/gcc/arm-none-eabi/4.7.3/../../../../arm-none-eabi/lib/armv7-m\libg.a(lib_a-svfprintf.o)
 .ARM.attributes
                0x00000636       0x2d c:/program files (x86)/gnu tools arm embedded/4.7 2012q4/bin/../lib/gcc/arm-none-eabi/4.7.3/../../../../arm-none-eabi/lib/armv7-m\libg.a(lib_a-vfprintf.o)
 .ARM.attributes
                0x00000663       0x2d c:/program files (x86)/gnu tools arm embedded/4.7 2012q4/bin/../lib/gcc/arm-none-eabi/4.7.3/../../../../arm-none-eabi/lib/armv7-m\libg.a(lib_a-wsetup.o)
 .ARM.attributes
                0x00000690       0x2d c:/program files (x86)/gnu tools arm embedded/4.7 2012q4/bin/../lib/gcc/arm-none-eabi/4.7.3/../../../../arm-none-eabi/lib/armv7-m\libg.a(lib_a-dtoa.o)
 .ARM.attributes
                0x000006bd       0x2d c:/program files (x86)/gnu tools arm embedded/4.7 2012q4/bin/../lib/gcc/arm-none-eabi/4.7.3/../../../../arm-none-eabi/lib/armv7-m\libg.a(lib_a-fflush.o)
 .ARM.attributes
                0x000006ea       0x2d c:/program files (x86)/gnu tools arm embedded/4.7 2012q4/bin/../lib/gcc/arm-none-eabi/4.7.3/../../../../arm-none-eabi/lib/armv7-m\libg.a(lib_a-findfp.o)
 .ARM.attributes
                0x00000717       0x2d c:/program files (x86)/gnu tools arm embedded/4.7 2012q4/bin/../lib/gcc/arm-none-eabi/4.7.3/../../../../arm-none-eabi/lib/armv7-m\libg.a(lib_a-freer.o)
 .ARM.attributes
                0x00000744       0x2d c:/program files (x86)/gnu tools arm embedded/4.7 2012q4/bin/../lib/gcc/arm-none-eabi/4.7.3/../../../../arm-none-eabi/lib/armv7-m\libg.a(lib_a-fwalk.o)
 .ARM.attributes
                0x00000771       0x2d c:/program files (x86)/gnu tools arm embedded/4.7 2012q4/bin/../lib/gcc/arm-none-eabi/4.7.3/../../../../arm-none-eabi/lib/armv7-m\libg.a(lib_a-impure.o)
 .ARM.attributes
                0x0000079e       0x2d c:/program files (x86)/gnu tools arm embedded/4.7 2012q4/bin/../lib/gcc/arm-none-eabi/4.7.3/../../../../arm-none-eabi/lib/armv7-m\libg.a(lib_a-locale.o)
 .ARM.attributes
                0x000007cb       0x2d c:/program files (x86)/gnu tools arm embedded/4.7 2012q4/bin/../lib/gcc/arm-none-eabi/4.7.3/../../../../arm-none-eabi/lib/armv7-m\libg.a(lib_a-makebuf.o)
 .ARM.attributes
                0x000007f8       0x2d c:/program files (x86)/gnu tools arm embedded/4.7 2012q4/bin/../lib/gcc/arm-none-eabi/4.7.3/../../../../arm-none-eabi/lib/armv7-m\libg.a(lib_a-mallocr.o)
 .ARM.attributes
                0x00000825       0x2d c:/program files (x86)/gnu tools arm embedded/4.7 2012q4/bin/../lib/gcc/arm-none-eabi/4.7.3/../../../../arm-none-eabi/lib/armv7-m\libg.a(lib_a-memchr.o)
 .ARM.attributes
                0x00000852       0x2d c:/program files (x86)/gnu tools arm embedded/4.7 2012q4/bin/../lib/gcc/arm-none-eabi/4.7.3/../../../../arm-none-eabi/lib/armv7-m\libg.a(lib_a-mlock.o)
 .ARM.attributes
                0x0000087f       0x2d c:/program files (x86)/gnu tools arm embedded/4.7 2012q4/bin/../lib/gcc/arm-none-eabi/4.7.3/../../../../arm-none-eabi/lib/armv7-m\libg.a(lib_a-mprec.o)
 .ARM.attributes
                0x000008ac       0x2d c:/program files (x86)/gnu tools arm embedded/4.7 2012q4/bin/../lib/gcc/arm-none-eabi/4.7.3/../../../../arm-none-eabi/lib/armv7-m\libg.a(lib_a-s_fpclassify.o)
 .ARM.attributes
                0x000008d9       0x2d c:/program files (x86)/gnu tools arm embedded/4.7 2012q4/bin/../lib/gcc/arm-none-eabi/4.7.3/../../../../arm-none-eabi/lib/armv7-m\libg.a(lib_a-sbrkr.o)
 .ARM.attributes
                0x00000906       0x2d c:/program files (x86)/gnu tools arm embedded/4.7 2012q4/bin/../lib/gcc/arm-none-eabi/4.7.3/../../../../arm-none-eabi/lib/armv7-m\libg.a(lib_a-stdio.o)
 .ARM.attributes
                0x00000933       0x2d c:/program files (x86)/gnu tools arm embedded/4.7 2012q4/bin/../lib/gcc/arm-none-eabi/4.7.3/../../../../arm-none-eabi/lib/armv7-m\libg.a(lib_a-strlen.o)
 .ARM.attributes
                0x00000960       0x2d c:/program files (x86)/gnu tools arm embedded/4.7 2012q4/bin/../lib/gcc/arm-none-eabi/4.7.3/../../../../arm-none-eabi/lib/armv7-m\libg.a(lib_a-svfiprintf.o)
 .ARM.attributes
                0x0000098d       0x2d c:/program files (x86)/gnu tools arm embedded/4.7 2012q4/bin/../lib/gcc/arm-none-eabi/4.7.3/../../../../arm-none-eabi/lib/armv7-m\libg.a(lib_a-vfiprintf.o)
 .ARM.attributes
                0x000009ba       0x2d c:/program files (x86)/gnu tools arm embedded/4.7 2012q4/bin/../lib/gcc/arm-none-eabi/4.7.3/../../../../arm-none-eabi/lib/armv7-m\libg.a(lib_a-writer.o)
 .ARM.attributes
                0x000009e7       0x2d c:/program files (x86)/gnu tools arm embedded/4.7 2012q4/bin/../lib/gcc/arm-none-eabi/4.7.3/../../../../arm-none-eabi/lib/armv7-m\libg.a(lib_a-callocr.o)
 .ARM.attributes
                0x00000a14       0x2d c:/program files (x86)/gnu tools arm embedded/4.7 2012q4/bin/../lib/gcc/arm-none-eabi/4.7.3/../../../../arm-none-eabi/lib/armv7-m\libg.a(lib_a-closer.o)
 .ARM.attributes
                0x00000a41       0x2d c:/program files (x86)/gnu tools arm embedded/4.7 2012q4/bin/../lib/gcc/arm-none-eabi/4.7.3/../../../../arm-none-eabi/lib/armv7-m\libg.a(lib_a-fclose.o)
 .ARM.attributes
                0x00000a6e       0x2d c:/program files (x86)/gnu tools arm embedded/4.7 2012q4/bin/../lib/gcc/arm-none-eabi/4.7.3/../../../../arm-none-eabi/lib/armv7-m\libg.a(lib_a-fputwc.o)
 .ARM.attributes
                0x00000a9b       0x2d c:/program files (x86)/gnu tools arm embedded/4.7 2012q4/bin/../lib/gcc/arm-none-eabi/4.7.3/../../../../arm-none-eabi/lib/armv7-m\libg.a(lib_a-fstatr.o)
 .ARM.attributes
                0x00000ac8       0x2d c:/program files (x86)/gnu tools arm embedded/4.7 2012q4/bin/../lib/gcc/arm-none-eabi/4.7.3/../../../../arm-none-eabi/lib/armv7-m\libg.a(lib_a-fvwrite.o)
 .ARM.attributes
                0x00000af5       0x2d c:/program files (x86)/gnu tools arm embedded/4.7 2012q4/bin/../lib/gcc/arm-none-eabi/4.7.3/../../../../arm-none-eabi/lib/armv7-m\libg.a(lib_a-isattyr.o)
 .ARM.attributes
                0x00000b22       0x2d c:/program files (x86)/gnu tools arm embedded/4.7 2012q4/bin/../lib/gcc/arm-none-eabi/4.7.3/../../../../arm-none-eabi/lib/armv7-m\libg.a(lib_a-lseekr.o)
 .ARM.attributes
                0x00000b4f       0x2d c:/program files (x86)/gnu tools arm embedded/4.7 2012q4/bin/../lib/gcc/arm-none-eabi/4.7.3/../../../../arm-none-eabi/lib/armv7-m\libg.a(lib_a-memmove.o)
 .ARM.attributes
                0x00000b7c       0x2d c:/program files (x86)/gnu tools arm embedded/4.7 2012q4/bin/../lib/gcc/arm-none-eabi/4.7.3/../../../../arm-none-eabi/lib/armv7-m\libg.a(lib_a-readr.o)
 .ARM.attributes
                0x00000ba9       0x2d c:/program files (x86)/gnu tools arm embedded/4.7 2012q4/bin/../lib/gcc/arm-none-eabi/4.7.3/../../../../arm-none-eabi/lib/armv7-m\libg.a(lib_a-reallocr.o)
 .ARM.attributes
                0x00000bd6       0x2d c:/program files (x86)/gnu tools arm embedded/4.7 2012q4/bin/../lib/gcc/arm-none-eabi/4.7.3/../../../../arm-none-eabi/lib/armv7-m\libg.a(lib_a-reent.o)
 .ARM.attributes
                0x00000c03       0x2d c:/program files (x86)/gnu tools arm embedded/4.7 2012q4/bin/../lib/gcc/arm-none-eabi/4.7.3/../../../../arm-none-eabi/lib/armv7-m\libg.a(lib_a-wbuf.o)
 .ARM.attributes
                0x00000c30       0x2d c:/program files (x86)/gnu tools arm embedded/4.7 2012q4/bin/../lib/gcc/arm-none-eabi/4.7.3/../../../../arm-none-eabi/lib/armv7-m\libg.a(lib_a-wcrtomb.o)
 .ARM.attributes
                0x00000c5d       0x2d c:/program files (x86)/gnu tools arm embedded/4.7 2012q4/bin/../lib/gcc/arm-none-eabi/4.7.3/../../../../arm-none-eabi/lib/armv7-m\libg.a(lib_a-wctomb_r.o)
 .ARM.attributes
                0x00000c8a       0x1d c:/program files (x86)/gnu tools arm embedded/4.7 2012q4/bin/../lib/gcc/arm-none-eabi/4.7.3/armv7-m\libgcc.a(_arm_addsubdf3.o)
 .ARM.attributes
                0x00000ca7       0x1d c:/program files (x86)/gnu tools arm embedded/4.7 2012q4/bin/../lib/gcc/arm-none-eabi/4.7.3/armv7-m\libgcc.a(_arm_muldivdf3.o)
 .ARM.attributes
                0x00000cc4       0x1d c:/program files (x86)/gnu tools arm embedded/4.7 2012q4/bin/../lib/gcc/arm-none-eabi/4.7.3/armv7-m\libgcc.a(_arm_cmpdf2.o)
 .ARM.attributes
                0x00000ce1       0x1d c:/program files (x86)/gnu tools arm embedded/4.7 2012q4/bin/../lib/gcc/arm-none-eabi/4.7.3/armv7-m\libgcc.a(_arm_fixdfsi.o)
 .ARM.attributes
                0x00000cfe       0x1d c:/program files (x86)/gnu tools arm embedded/4.7 2012q4/bin/../lib/gcc/arm-none-eabi/4.7.3/armv7-m\libgcc.a(_aeabi_uldivmod.o)
 .ARM.attributes
                0x00000d1b       0x2d c:/program files (x86)/gnu tools arm embedded/4.7 2012q4/bin/../lib/gcc/arm-none-eabi/4.7.3/armv7-m\libgcc.a(bpabi.o)
 .ARM.attributes
                0x00000d48       0x1d c:/program files (x86)/gnu tools arm embedded/4.7 2012q4/bin/../lib/gcc/arm-none-eabi/4.7.3/armv7-m\libgcc.a(_dvmd_tls.o)
 .ARM.attributes
                0x00000d65       0x2d c:/program files (x86)/gnu tools arm embedded/4.7 2012q4/bin/../lib/gcc/arm-none-eabi/4.7.3/armv7-m\libgcc.a(_divdi3.o)
 .ARM.attributes
                0x00000d92       0x2d c:/program files (x86)/gnu tools arm embedded/4.7 2012q4/bin/../lib/gcc/arm-none-eabi/4.7.3/armv7-m\libgcc.a(_udivdi3.o)

.debug_frame    0x00000000     0x2a58
 .debug_frame   0x00000000      0x65c ..\obj\stm32f10x_tim.o
 .debug_frame   0x0000065c       0x8c ..\obj\death.o
 .debug_frame   0x000006e8      0x22c ..\obj\ministm32_lcd.o
 .debug_frame   0x00000914       0x4c ..\obj\flash.o
 .debug_frame   0x00000960       0x94 ..\obj\BlockQ.o
 .debug_frame   0x000009f4       0x74 ..\obj\semtest.o
 .debug_frame   0x00000a68       0x34 ..\obj\system_stm32f10x.o
 .debug_frame   0x00000a9c       0x38 ..\obj\startup_stm32f10x_hd.o
 .debug_frame   0x00000ad4       0x60 ..\obj\integer.o
 .debug_frame   0x00000b34      0x170 ..\obj\stm32f10x_gpio.o
 .debug_frame   0x00000ca4       0x98 ..\obj\main.o
 .debug_frame   0x00000d3c      0x224 ..\obj\stm32f10x_rcc.o
 .debug_frame   0x00000f60       0x3c ..\obj\timertest.o
 .debug_frame   0x00000f9c      0x358 ..\obj\tasks.o
 .debug_frame   0x000012f4      0x20c ..\obj\stm32f10x_usart.o
 .debug_frame   0x00001500       0x74 ..\obj\comtest.o
 .debug_frame   0x00001574       0x68 ..\obj\list.o
 .debug_frame   0x000015dc       0x84 ..\obj\blocktim.o
 .debug_frame   0x00001660       0x88 ..\obj\PollQ.o
 .debug_frame   0x000016e8       0xf8 ..\obj\port.o
 .debug_frame   0x000017e0      0x228 ..\obj\queue.o
 .debug_frame   0x00001a08       0x68 ..\obj\misc.o
 .debug_frame   0x00001a70       0xac ..\obj\serial.o
 .debug_frame   0x00001b1c       0x60 ..\obj\ParTest.o
 .debug_frame   0x00001b7c       0x68 ..\obj\heap_2.o
 .debug_frame   0x00001be4       0x2c c:/program files (x86)/gnu tools arm embedded/4.7 2012q4/bin/../lib/gcc/arm-none-eabi/4.7.3/../../../../arm-none-eabi/lib/armv7-m\libg.a(lib_a-memcmp.o)
 .debug_frame   0x00001c10       0x30 c:/program files (x86)/gnu tools arm embedded/4.7 2012q4/bin/../lib/gcc/arm-none-eabi/4.7.3/../../../../arm-none-eabi/lib/armv7-m\libg.a(lib_a-memcpy.o)
 .debug_frame   0x00001c40       0x2c c:/program files (x86)/gnu tools arm embedded/4.7 2012q4/bin/../lib/gcc/arm-none-eabi/4.7.3/../../../../arm-none-eabi/lib/armv7-m\libg.a(lib_a-memset.o)
 .debug_frame   0x00001c6c       0x5c c:/program files (x86)/gnu tools arm embedded/4.7 2012q4/bin/../lib/gcc/arm-none-eabi/4.7.3/../../../../arm-none-eabi/lib/armv7-m\libg.a(lib_a-printf.o)
 .debug_frame   0x00001cc8       0x64 c:/program files (x86)/gnu tools arm embedded/4.7 2012q4/bin/../lib/gcc/arm-none-eabi/4.7.3/../../../../arm-none-eabi/lib/armv7-m\libg.a(lib_a-sprintf.o)
 .debug_frame   0x00001d2c       0x2c c:/program files (x86)/gnu tools arm embedded/4.7 2012q4/bin/../lib/gcc/arm-none-eabi/4.7.3/../../../../arm-none-eabi/lib/armv7-m\libg.a(lib_a-strncpy.o)
 .debug_frame   0x00001d58       0x3c c:/program files (x86)/gnu tools arm embedded/4.7 2012q4/bin/../lib/gcc/arm-none-eabi/4.7.3/../../../../arm-none-eabi/lib/armv7-m\libg.a(lib_a-svfprintf.o)
 .debug_frame   0x00001d94       0x58 c:/program files (x86)/gnu tools arm embedded/4.7 2012q4/bin/../lib/gcc/arm-none-eabi/4.7.3/../../../../arm-none-eabi/lib/armv7-m\libg.a(lib_a-vfprintf.o)
 .debug_frame   0x00001dec       0x2c c:/program files (x86)/gnu tools arm embedded/4.7 2012q4/bin/../lib/gcc/arm-none-eabi/4.7.3/../../../../arm-none-eabi/lib/armv7-m\libg.a(lib_a-wsetup.o)
 .debug_frame   0x00001e18       0x64 c:/program files (x86)/gnu tools arm embedded/4.7 2012q4/bin/../lib/gcc/arm-none-eabi/4.7.3/../../../../arm-none-eabi/lib/armv7-m\libg.a(lib_a-dtoa.o)
 .debug_frame   0x00001e7c       0x40 c:/program files (x86)/gnu tools arm embedded/4.7 2012q4/bin/../lib/gcc/arm-none-eabi/4.7.3/../../../../arm-none-eabi/lib/armv7-m\libg.a(lib_a-fflush.o)
 .debug_frame   0x00001ebc      0x120 c:/program files (x86)/gnu tools arm embedded/4.7 2012q4/bin/../lib/gcc/arm-none-eabi/4.7.3/../../../../arm-none-eabi/lib/armv7-m\libg.a(lib_a-findfp.o)
 .debug_frame   0x00001fdc       0x50 c:/program files (x86)/gnu tools arm embedded/4.7 2012q4/bin/../lib/gcc/arm-none-eabi/4.7.3/../../../../arm-none-eabi/lib/armv7-m\libg.a(lib_a-freer.o)
 .debug_frame   0x0000202c       0x5c c:/program files (x86)/gnu tools arm embedded/4.7 2012q4/bin/../lib/gcc/arm-none-eabi/4.7.3/../../../../arm-none-eabi/lib/armv7-m\libg.a(lib_a-fwalk.o)
 .debug_frame   0x00002088       0xa0 c:/program files (x86)/gnu tools arm embedded/4.7 2012q4/bin/../lib/gcc/arm-none-eabi/4.7.3/../../../../arm-none-eabi/lib/armv7-m\libg.a(lib_a-locale.o)
 .debug_frame   0x00002128       0x30 c:/program files (x86)/gnu tools arm embedded/4.7 2012q4/bin/../lib/gcc/arm-none-eabi/4.7.3/../../../../arm-none-eabi/lib/armv7-m\libg.a(lib_a-makebuf.o)
 .debug_frame   0x00002158       0x38 c:/program files (x86)/gnu tools arm embedded/4.7 2012q4/bin/../lib/gcc/arm-none-eabi/4.7.3/../../../../arm-none-eabi/lib/armv7-m\libg.a(lib_a-mallocr.o)
 .debug_frame   0x00002190       0x2c c:/program files (x86)/gnu tools arm embedded/4.7 2012q4/bin/../lib/gcc/arm-none-eabi/4.7.3/../../../../arm-none-eabi/lib/armv7-m\libg.a(lib_a-memchr.o)
 .debug_frame   0x000021bc       0x30 c:/program files (x86)/gnu tools arm embedded/4.7 2012q4/bin/../lib/gcc/arm-none-eabi/4.7.3/../../../../arm-none-eabi/lib/armv7-m\libg.a(lib_a-mlock.o)
 .debug_frame   0x000021ec      0x238 c:/program files (x86)/gnu tools arm embedded/4.7 2012q4/bin/../lib/gcc/arm-none-eabi/4.7.3/../../../../arm-none-eabi/lib/armv7-m\libg.a(lib_a-mprec.o)
 .debug_frame   0x00002424       0x20 c:/program files (x86)/gnu tools arm embedded/4.7 2012q4/bin/../lib/gcc/arm-none-eabi/4.7.3/../../../../arm-none-eabi/lib/armv7-m\libg.a(lib_a-s_fpclassify.o)
 .debug_frame   0x00002444       0x2c c:/program files (x86)/gnu tools arm embedded/4.7 2012q4/bin/../lib/gcc/arm-none-eabi/4.7.3/../../../../arm-none-eabi/lib/armv7-m\libg.a(lib_a-sbrkr.o)
 .debug_frame   0x00002470       0x80 c:/program files (x86)/gnu tools arm embedded/4.7 2012q4/bin/../lib/gcc/arm-none-eabi/4.7.3/../../../../arm-none-eabi/lib/armv7-m\libg.a(lib_a-stdio.o)
 .debug_frame   0x000024f0       0x20 c:/program files (x86)/gnu tools arm embedded/4.7 2012q4/bin/../lib/gcc/arm-none-eabi/4.7.3/../../../../arm-none-eabi/lib/armv7-m\libg.a(lib_a-strlen.o)
 .debug_frame   0x00002510       0x64 c:/program files (x86)/gnu tools arm embedded/4.7 2012q4/bin/../lib/gcc/arm-none-eabi/4.7.3/../../../../arm-none-eabi/lib/armv7-m\libg.a(lib_a-svfiprintf.o)
 .debug_frame   0x00002574       0x80 c:/program files (x86)/gnu tools arm embedded/4.7 2012q4/bin/../lib/gcc/arm-none-eabi/4.7.3/../../../../arm-none-eabi/lib/armv7-m\libg.a(lib_a-vfiprintf.o)
 .debug_frame   0x000025f4       0x2c c:/program files (x86)/gnu tools arm embedded/4.7 2012q4/bin/../lib/gcc/arm-none-eabi/4.7.3/../../../../arm-none-eabi/lib/armv7-m\libg.a(lib_a-writer.o)
 .debug_frame   0x00002620       0x28 c:/program files (x86)/gnu tools arm embedded/4.7 2012q4/bin/../lib/gcc/arm-none-eabi/4.7.3/../../../../arm-none-eabi/lib/armv7-m\libg.a(lib_a-callocr.o)
 .debug_frame   0x00002648       0x2c c:/program files (x86)/gnu tools arm embedded/4.7 2012q4/bin/../lib/gcc/arm-none-eabi/4.7.3/../../../../arm-none-eabi/lib/armv7-m\libg.a(lib_a-closer.o)
 .debug_frame   0x00002674       0x3c c:/program files (x86)/gnu tools arm embedded/4.7 2012q4/bin/../lib/gcc/arm-none-eabi/4.7.3/../../../../arm-none-eabi/lib/armv7-m\libg.a(lib_a-fclose.o)
 .debug_frame   0x000026b0       0x54 c:/program files (x86)/gnu tools arm embedded/4.7 2012q4/bin/../lib/gcc/arm-none-eabi/4.7.3/../../../../arm-none-eabi/lib/armv7-m\libg.a(lib_a-fputwc.o)
 .debug_frame   0x00002704       0x2c c:/program files (x86)/gnu tools arm embedded/4.7 2012q4/bin/../lib/gcc/arm-none-eabi/4.7.3/../../../../arm-none-eabi/lib/armv7-m\libg.a(lib_a-fstatr.o)
 .debug_frame   0x00002730       0x38 c:/program files (x86)/gnu tools arm embedded/4.7 2012q4/bin/../lib/gcc/arm-none-eabi/4.7.3/../../../../arm-none-eabi/lib/armv7-m\libg.a(lib_a-fvwrite.o)
 .debug_frame   0x00002768       0x2c c:/program files (x86)/gnu tools arm embedded/4.7 2012q4/bin/../lib/gcc/arm-none-eabi/4.7.3/../../../../arm-none-eabi/lib/armv7-m\libg.a(lib_a-isattyr.o)
 .debug_frame   0x00002794       0x2c c:/program files (x86)/gnu tools arm embedded/4.7 2012q4/bin/../lib/gcc/arm-none-eabi/4.7.3/../../../../arm-none-eabi/lib/armv7-m\libg.a(lib_a-lseekr.o)
 .debug_frame   0x000027c0       0x30 c:/program files (x86)/gnu tools arm embedded/4.7 2012q4/bin/../lib/gcc/arm-none-eabi/4.7.3/../../../../arm-none-eabi/lib/armv7-m\libg.a(lib_a-memmove.o)
 .debug_frame   0x000027f0       0x2c c:/program files (x86)/gnu tools arm embedded/4.7 2012q4/bin/../lib/gcc/arm-none-eabi/4.7.3/../../../../arm-none-eabi/lib/armv7-m\libg.a(lib_a-readr.o)
 .debug_frame   0x0000281c       0x38 c:/program files (x86)/gnu tools arm embedded/4.7 2012q4/bin/../lib/gcc/arm-none-eabi/4.7.3/../../../../arm-none-eabi/lib/armv7-m\libg.a(lib_a-reallocr.o)
 .debug_frame   0x00002854       0x6c c:/program files (x86)/gnu tools arm embedded/4.7 2012q4/bin/../lib/gcc/arm-none-eabi/4.7.3/../../../../arm-none-eabi/lib/armv7-m\libg.a(lib_a-reent.o)
 .debug_frame   0x000028c0       0x44 c:/program files (x86)/gnu tools arm embedded/4.7 2012q4/bin/../lib/gcc/arm-none-eabi/4.7.3/../../../../arm-none-eabi/lib/armv7-m\libg.a(lib_a-wbuf.o)
 .debug_frame   0x00002904       0x58 c:/program files (x86)/gnu tools arm embedded/4.7 2012q4/bin/../lib/gcc/arm-none-eabi/4.7.3/../../../../arm-none-eabi/lib/armv7-m\libg.a(lib_a-wcrtomb.o)
 .debug_frame   0x0000295c       0x44 c:/program files (x86)/gnu tools arm embedded/4.7 2012q4/bin/../lib/gcc/arm-none-eabi/4.7.3/../../../../arm-none-eabi/lib/armv7-m\libg.a(lib_a-wctomb_r.o)
 .debug_frame   0x000029a0       0x50 c:/program files (x86)/gnu tools arm embedded/4.7 2012q4/bin/../lib/gcc/arm-none-eabi/4.7.3/armv7-m\libgcc.a(bpabi.o)
 .debug_frame   0x000029f0       0x34 c:/program files (x86)/gnu tools arm embedded/4.7 2012q4/bin/../lib/gcc/arm-none-eabi/4.7.3/armv7-m\libgcc.a(_divdi3.o)
 .debug_frame   0x00002a24       0x34 c:/program files (x86)/gnu tools arm embedded/4.7 2012q4/bin/../lib/gcc/arm-none-eabi/4.7.3/armv7-m\libgcc.a(_udivdi3.o)
