Archive member included because of file (symbol)

c:/program files/gnu tools arm embedded/4.7 2012q4/bin/../lib/gcc/arm-none-eabi/4.7.3/../../../../arm-none-eabi/lib/armv7-m\libg.a(lib_a-memcmp.o)
                              ..\obj\tasks.o (memcmp)
c:/program files/gnu tools arm embedded/4.7 2012q4/bin/../lib/gcc/arm-none-eabi/4.7.3/../../../../arm-none-eabi/lib/armv7-m\libg.a(lib_a-memcpy.o)
                              ..\obj\queue.o (memcpy)
c:/program files/gnu tools arm embedded/4.7 2012q4/bin/../lib/gcc/arm-none-eabi/4.7.3/../../../../arm-none-eabi/lib/armv7-m\libg.a(lib_a-memset.o)
                              ..\obj\tasks.o (memset)
c:/program files/gnu tools arm embedded/4.7 2012q4/bin/../lib/gcc/arm-none-eabi/4.7.3/../../../../arm-none-eabi/lib/armv7-m\libg.a(lib_a-printf.o)
                              ..\obj\main.o (printf)
c:/program files/gnu tools arm embedded/4.7 2012q4/bin/../lib/gcc/arm-none-eabi/4.7.3/../../../../arm-none-eabi/lib/armv7-m\libg.a(lib_a-sprintf.o)
                              ..\obj\main.o (sprintf)
c:/program files/gnu tools arm embedded/4.7 2012q4/bin/../lib/gcc/arm-none-eabi/4.7.3/../../../../arm-none-eabi/lib/armv7-m\libg.a(lib_a-strcat.o)
                              ..\obj\tasks.o (strcat)
c:/program files/gnu tools arm embedded/4.7 2012q4/bin/../lib/gcc/arm-none-eabi/4.7.3/../../../../arm-none-eabi/lib/armv7-m\libg.a(lib_a-strcpy.o)
                              c:/program files/gnu tools arm embedded/4.7 2012q4/bin/../lib/gcc/arm-none-eabi/4.7.3/../../../../arm-none-eabi/lib/armv7-m\libg.a(lib_a-strcat.o) (strcpy)
c:/program files/gnu tools arm embedded/4.7 2012q4/bin/../lib/gcc/arm-none-eabi/4.7.3/../../../../arm-none-eabi/lib/armv7-m\libg.a(lib_a-strlen.o)
                              ..\obj\tasks.o (strlen)
c:/program files/gnu tools arm embedded/4.7 2012q4/bin/../lib/gcc/arm-none-eabi/4.7.3/../../../../arm-none-eabi/lib/armv7-m\libg.a(lib_a-strncpy.o)
                              ..\obj\tasks.o (strncpy)
c:/program files/gnu tools arm embedded/4.7 2012q4/bin/../lib/gcc/arm-none-eabi/4.7.3/../../../../arm-none-eabi/lib/armv7-m\libg.a(lib_a-svfprintf.o)
                              c:/program files/gnu tools arm embedded/4.7 2012q4/bin/../lib/gcc/arm-none-eabi/4.7.3/../../../../arm-none-eabi/lib/armv7-m\libg.a(lib_a-sprintf.o) (_svfprintf_r)
c:/program files/gnu tools arm embedded/4.7 2012q4/bin/../lib/gcc/arm-none-eabi/4.7.3/../../../../arm-none-eabi/lib/armv7-m\libg.a(lib_a-vfprintf.o)
                              c:/program files/gnu tools arm embedded/4.7 2012q4/bin/../lib/gcc/arm-none-eabi/4.7.3/../../../../arm-none-eabi/lib/armv7-m\libg.a(lib_a-printf.o) (_vfprintf_r)
c:/program files/gnu tools arm embedded/4.7 2012q4/bin/../lib/gcc/arm-none-eabi/4.7.3/../../../../arm-none-eabi/lib/armv7-m\libg.a(lib_a-wsetup.o)
                              c:/program files/gnu tools arm embedded/4.7 2012q4/bin/../lib/gcc/arm-none-eabi/4.7.3/../../../../arm-none-eabi/lib/armv7-m\libg.a(lib_a-vfprintf.o) (__swsetup_r)
c:/program files/gnu tools arm embedded/4.7 2012q4/bin/../lib/gcc/arm-none-eabi/4.7.3/../../../../arm-none-eabi/lib/armv7-m\libg.a(lib_a-dtoa.o)
                              c:/program files/gnu tools arm embedded/4.7 2012q4/bin/../lib/gcc/arm-none-eabi/4.7.3/../../../../arm-none-eabi/lib/armv7-m\libg.a(lib_a-svfprintf.o) (_dtoa_r)
c:/program files/gnu tools arm embedded/4.7 2012q4/bin/../lib/gcc/arm-none-eabi/4.7.3/../../../../arm-none-eabi/lib/armv7-m\libg.a(lib_a-fflush.o)
                              c:/program files/gnu tools arm embedded/4.7 2012q4/bin/../lib/gcc/arm-none-eabi/4.7.3/../../../../arm-none-eabi/lib/armv7-m\libg.a(lib_a-vfprintf.o) (_fflush_r)
c:/program files/gnu tools arm embedded/4.7 2012q4/bin/../lib/gcc/arm-none-eabi/4.7.3/../../../../arm-none-eabi/lib/armv7-m\libg.a(lib_a-findfp.o)
                              c:/program files/gnu tools arm embedded/4.7 2012q4/bin/../lib/gcc/arm-none-eabi/4.7.3/../../../../arm-none-eabi/lib/armv7-m\libg.a(lib_a-vfprintf.o) (__sinit)
c:/program files/gnu tools arm embedded/4.7 2012q4/bin/../lib/gcc/arm-none-eabi/4.7.3/../../../../arm-none-eabi/lib/armv7-m\libg.a(lib_a-freer.o)
                              c:/program files/gnu tools arm embedded/4.7 2012q4/bin/../lib/gcc/arm-none-eabi/4.7.3/../../../../arm-none-eabi/lib/armv7-m\libg.a(lib_a-wsetup.o) (_free_r)
c:/program files/gnu tools arm embedded/4.7 2012q4/bin/../lib/gcc/arm-none-eabi/4.7.3/../../../../arm-none-eabi/lib/armv7-m\libg.a(lib_a-fwalk.o)
                              c:/program files/gnu tools arm embedded/4.7 2012q4/bin/../lib/gcc/arm-none-eabi/4.7.3/../../../../arm-none-eabi/lib/armv7-m\libg.a(lib_a-findfp.o) (_fwalk)
c:/program files/gnu tools arm embedded/4.7 2012q4/bin/../lib/gcc/arm-none-eabi/4.7.3/../../../../arm-none-eabi/lib/armv7-m\libg.a(lib_a-impure.o)
[...]
Memory Configuration

Name             Origin             Length             Attributes
rom              0x08000000         0x00080000         xr
ram              0x20000000         0x00010000         xrw
*default*        0x00000000         0xffffffff

Linker script and memory map

                0x20010000                _eram = 0x20010000

.text           0x08000000    0x118e8
 *(.isr_vector .isr_vector.*)
 .isr_vector    0x08000000      0x134 ..\obj\startup_stm32f10x_hd.o
                0x08000000                g_pfnVectors
 *(.text .text.* .gnu.linkonce.t.*)
 .text.TIM_DeInit
                0x08000134      0x2b0 ..\obj\stm32f10x_tim.o
                0x08000134                TIM_DeInit
 .text.TIM_TimeBaseInit
                0x080003e4      0x11c ..\obj\stm32f10x_tim.o
                0x080003e4                TIM_TimeBaseInit
 .text.TIM_TimeBaseStructInit
                0x08000500       0x3c ..\obj\stm32f10x_tim.o
                0x08000500                TIM_TimeBaseStructInit
 .text.TIM_Cmd  0x0800053c       0x40 ..\obj\stm32f10x_tim.o
                0x0800053c                TIM_Cmd
 .text.TIM_ITConfig
                0x0800057c       0x48 ..\obj\stm32f10x_tim.o
                0x0800057c                TIM_ITConfig
 .text.TIM_ARRPreloadConfig
                0x080005c4       0x40 ..\obj\stm32f10x_tim.o
                0x080005c4                TIM_ARRPreloadConfig
 .text.TIM_ClearITPendingBit
                0x08000604       0x24 ..\obj\stm32f10x_tim.o
                0x08000604                TIM_ClearITPendingBit
 .text.vCreateSuicidalTasks
                0x08000628       0x78 ..\obj\death.o
                0x08000628                vCreateSuicidalTasks
 .text.vSuicidalTask
                0x080006a0       0x60 ..\obj\death.o
 .text.vCreateTasks
                0x08000700       0xb8 ..\obj\death.o
 .text.xIsCreateTaskStillRunning
                0x080007b8       0xac ..\obj\death.o
                0x080007b8                xIsCreateTaskStillRunning
 .text.LCD_Configuration
                0x08000864       0x94 ..\obj\ministm32_lcd.o
                0x08000864                LCD_Configuration
 .text.LCD_Initializtion
                0x080008f8      0xca4 ..\obj\ministm32_lcd.o
                0x080008f8                LCD_Initializtion
 .text.LCD_SetCursor
                0x0800159c       0x9c ..\obj\ministm32_lcd.o
                0x0800159c                LCD_SetCursor
 .text.LCD_SetWindows
                0x08001638       0x54 ..\obj\ministm32_lcd.o
                0x08001638                LCD_SetWindows
 .text.LCD_Clear
                0x0800168c       0x94 ..\obj\ministm32_lcd.o
                0x0800168c                LCD_Clear
 .text.LCD_DrawMonoPict
                0x08001720       0xf0 ..\obj\ministm32_lcd.o
                0x08001720                LCD_DrawMonoPict
 .text.LCD_WriteIndex
                0x08001810       0x60 ..\obj\ministm32_lcd.o
                0x08001810                LCD_WriteIndex
 .text.LCD_WriteData
                0x08001870       0x54 ..\obj\ministm32_lcd.o
                0x08001870                LCD_WriteData
 .text.LCD_ReadData
                0x080018c4       0x9c ..\obj\ministm32_lcd.o
                0x080018c4                LCD_ReadData
 .text.LCD_ReadRegister
                0x08001960       0x60 ..\obj\ministm32_lcd.o
                0x08001960                LCD_ReadRegister
 .text.LCD_WriteRegister
                0x080019c0       0xa4 ..\obj\ministm32_lcd.o
                0x080019c0                LCD_WriteRegister
 .text.LCD_Reset
                0x08001a64       0x48 ..\obj\ministm32_lcd.o
                0x08001a64                LCD_Reset
 .text.LCD_Delay
                0x08001aac       0x24 ..\obj\ministm32_lcd.o
                0x08001aac                LCD_Delay
 .text.vStartLEDFlashTasks
                0x08001ad0       0x58 ..\obj\flash.o
                0x08001ad0                vStartLEDFlashTasks
 .text.vLEDFlashTask
                0x08001b28       0x7c ..\obj\flash.o
 .text.vStartBlockingQueueTasks
                0x08001ba4      0x244 ..\obj\BlockQ.o
                0x08001ba4                vStartBlockingQueueTasks
 .text.vBlockingQueueProducer
                0x08001de8       0x64 ..\obj\BlockQ.o
 .text.vBlockingQueueConsumer
                0x08001e4c       0x74 ..\obj\BlockQ.o
 .text.xAreBlockingQueuesStillRunning
                0x08001ec0       0xc4 ..\obj\BlockQ.o
                0x08001ec0                xAreBlockingQueuesStillRunning
 .text.vStartSemaphoreTasks
                0x08001f84      0x1b0 ..\obj\semtest.o
                0x08001f84                vStartSemaphoreTasks
 .text.prvSemaphoreTest
                0x08002134      0x13c ..\obj\semtest.o
 .text.xAreSemaphoreTasksStillRunning
                0x08002270       0x7c ..\obj\semtest.o
                0x08002270                xAreSemaphoreTasksStillRunning
 .text.SystemInit
                0x080022ec       0xa8 ..\obj\system_stm32f10x.o
                0x080022ec                SystemInit
 .text.SetSysClock
                0x08002394        0xc ..\obj\system_stm32f10x.o
 .text.SetSysClockTo72
                0x080023a0      0x1ac ..\obj\system_stm32f10x.o
 .text.Default_Reset_Handler
                0x0800254c       0x70 ..\obj\startup_stm32f10x_hd.o
                0x0800254c                Default_Reset_Handler
                0x0800254c                Reset_Handler
 .text.Default_Handler
                0x080025bc        0x8 ..\obj\startup_stm32f10x_hd.o
                0x080025bc                EXTI2_IRQHandler
                0x080025bc                TIM8_TRG_COM_IRQHandler
                0x080025bc                TIM8_CC_IRQHandler
                0x080025bc                DebugMon_Handler
                0x080025bc                TIM1_CC_IRQHandler
                0x080025bc                HardFault_Handler
                0x080025bc                TIM6_IRQHandler
                0x080025bc                PVD_IRQHandler
                0x080025bc                SDIO_IRQHandler
                0x080025bc                NMI_Handler
                0x080025bc                EXTI3_IRQHandler
                0x080025bc                EXTI0_IRQHandler
                0x080025bc                I2C2_EV_IRQHandler
                0x080025bc                UsageFault_Handler
                0x080025bc                ADC1_2_IRQHandler
                0x080025bc                SPI1_IRQHandler
                0x080025bc                TAMPER_IRQHandler
                0x080025bc                TIM8_UP_IRQHandler
                0x080025bc                DMA2_Channel2_IRQHandler
                0x080025bc                DMA1_Channel4_IRQHandler
                0x080025bc                USART3_IRQHandler
                0x080025bc                RTC_IRQHandler
                0x080025bc                DMA1_Channel7_IRQHandler
                0x080025bc                CAN1_RX1_IRQHandler
                0x080025bc                UART5_IRQHandler
                0x080025bc                ADC3_IRQHandler
                0x080025bc                TIM4_IRQHandler
                0x080025bc                DMA2_Channel1_IRQHandler
                0x080025bc                I2C1_EV_IRQHandler
                0x080025bc                DMA1_Channel6_IRQHandler
                0x080025bc                UART4_IRQHandler
                0x080025bc                TIM3_IRQHandler
                0x080025bc                RCC_IRQHandler
                0x080025bc                TIM1_TRG_COM_IRQHandler
                0x080025bc                DMA1_Channel1_IRQHandler
                0x080025bc                EXTI15_10_IRQHandler
                0x080025bc                TIM7_IRQHandler
                0x080025bc                TIM5_IRQHandler
                0x080025bc                EXTI9_5_IRQHandler
                0x080025bc                SPI2_IRQHandler
                0x080025bc                MemManage_Handler
                0x080025bc                DMA1_Channel5_IRQHandler
                0x080025bc                EXTI4_IRQHandler
                0x080025bc                USB_LP_CAN1_RX0_IRQHandler
                0x080025bc                USB_HP_CAN1_TX_IRQHandler
                0x080025bc                DMA1_Channel3_IRQHandler
                0x080025bc                FSMC_IRQHandler
                0x080025bc                TIM1_UP_IRQHandler
                0x080025bc                WWDG_IRQHandler
                0x080025bc                TIM1_BRK_IRQHandler
                0x080025bc                EXTI1_IRQHandler
                0x080025bc                RTCAlarm_IRQHandler
                0x080025bc                DMA2_Channel4_5_IRQHandler
                0x080025bc                USART2_IRQHandler
                0x080025bc                I2C2_ER_IRQHandler
                0x080025bc                DMA1_Channel2_IRQHandler
                0x080025bc                TIM8_BRK_IRQHandler
                0x080025bc                CAN1_SCE_IRQHandler
                0x080025bc                FLASH_IRQHandler
                0x080025bc                BusFault_Handler
                0x080025bc                USART1_IRQHandler
                0x080025bc                SPI3_IRQHandler
                0x080025bc                I2C1_ER_IRQHandler
                0x080025bc                USBWakeUp_IRQHandler
                0x080025bc                DMA2_Channel3_IRQHandler
 .text.vStartIntegerMathTasks
                0x080025c4       0x68 ..\obj\integer.o
                0x080025c4                vStartIntegerMathTasks
 .text.vCompeteingIntMathTask
                0x0800262c       0x80 ..\obj\integer.o
 .text.xAreIntegerMathsTaskStillRunning
                0x080026ac       0x60 ..\obj\integer.o
                0x080026ac                xAreIntegerMathsTaskStillRunning
 .text.GPIO_Init
                0x0800270c      0x1b0 ..\obj\stm32f10x_gpio.o
                0x0800270c                GPIO_Init
 .text.GPIO_Write
                0x080028bc       0x1c ..\obj\stm32f10x_gpio.o
                0x080028bc                GPIO_Write
 .text.main     0x080028d8       0xdc ..\obj\main.o
                0x080028d8                main
 .text.prvSetupHardware
                0x080029b4       0xc0 ..\obj\main.o
 .text.vGPIOInitialise
                0x08002a74       0x40 ..\obj\main.o
 .text.prvConfigureLCD
                0x08002ab4       0x10 ..\obj\main.o
 .text.vLCDTask
                0x08002ac4       0x4c ..\obj\main.o
 .text.vCheckTask
                0x08002b10      0x114 ..\obj\main.o
 .text.vApplicationStackOverflowHook
                0x08002c24        0xc ..\obj\main.o
                0x08002c24                vApplicationStackOverflowHook
 .text.RCC_DeInit
                0x08002c30       0x9c ..\obj\stm32f10x_rcc.o
                0x08002c30                RCC_DeInit
 .text.RCC_HSEConfig
                0x08002ccc       0x88 ..\obj\stm32f10x_rcc.o
                0x08002ccc                RCC_HSEConfig
 .text.RCC_PLLConfig
                0x08002d54       0x48 ..\obj\stm32f10x_rcc.o
                0x08002d54                RCC_PLLConfig
 .text.RCC_PLLCmd
                0x08002d9c       0x20 ..\obj\stm32f10x_rcc.o
                0x08002d9c                RCC_PLLCmd
 .text.RCC_SYSCLKConfig
                0x08002dbc       0x40 ..\obj\stm32f10x_rcc.o
                0x08002dbc                RCC_SYSCLKConfig
 .text.RCC_GetSYSCLKSource
                0x08002dfc       0x20 ..\obj\stm32f10x_rcc.o
                0x08002dfc                RCC_GetSYSCLKSource
 .text.RCC_HCLKConfig
                0x08002e1c       0x40 ..\obj\stm32f10x_rcc.o
                0x08002e1c                RCC_HCLKConfig
 .text.RCC_PCLK1Config
                0x08002e5c       0x40 ..\obj\stm32f10x_rcc.o
                0x08002e5c                RCC_PCLK1Config
 .text.RCC_PCLK2Config
                0x08002e9c       0x44 ..\obj\stm32f10x_rcc.o
                0x08002e9c                RCC_PCLK2Config
 .text.RCC_ADCCLKConfig
                0x08002ee0       0x40 ..\obj\stm32f10x_rcc.o
                0x08002ee0                RCC_ADCCLKConfig
 .text.RCC_GetClocksFreq
                0x08002f20      0x1d4 ..\obj\stm32f10x_rcc.o
                0x08002f20                RCC_GetClocksFreq
 .text.RCC_APB2PeriphClockCmd
                0x080030f4       0x54 ..\obj\stm32f10x_rcc.o
                0x080030f4                RCC_APB2PeriphClockCmd
 .text.RCC_APB1PeriphClockCmd
                0x08003148       0x54 ..\obj\stm32f10x_rcc.o
                0x08003148                RCC_APB1PeriphClockCmd
 .text.RCC_APB2PeriphResetCmd
                0x0800319c       0x54 ..\obj\stm32f10x_rcc.o
                0x0800319c                RCC_APB2PeriphResetCmd
 .text.RCC_APB1PeriphResetCmd
                0x080031f0       0x54 ..\obj\stm32f10x_rcc.o
                0x080031f0                RCC_APB1PeriphResetCmd
 .text.RCC_GetFlagStatus
                0x08003244       0x90 ..\obj\stm32f10x_rcc.o
                0x08003244                RCC_GetFlagStatus
 .text.vSetupHighFrequencyTimer
                0x080032d4       0xf4 ..\obj\timertest.o
                0x080032d4                vSetupHighFrequencyTimer
 .text.TIM2_IRQHandler
                0x080033c8       0xbc ..\obj\timertest.o
                0x080033c8                TIM2_IRQHandler
 .text.xTaskGenericCreate
                0x08003484      0x1b8 ..\obj\tasks.o
                0x08003484                xTaskGenericCreate
 .text.vTaskDelete
                0x0800363c       0xc0 ..\obj\tasks.o
                0x0800363c                vTaskDelete
 .text.vTaskDelayUntil
                0x080036fc       0xb0 ..\obj\tasks.o
                0x080036fc                vTaskDelayUntil
 .text.vTaskDelay
                0x080037ac       0x5c ..\obj\tasks.o
                0x080037ac                vTaskDelay
 .text.vTaskPrioritySet
                0x08003808      0x130 ..\obj\tasks.o
                0x08003808                vTaskPrioritySet
 .text.vTaskSuspend
                0x08003938       0xc0 ..\obj\tasks.o
                0x08003938                vTaskSuspend
 .text.xTaskIsTaskSuspended
                0x080039f8       0x50 ..\obj\tasks.o
                0x080039f8                xTaskIsTaskSuspended
 .text.vTaskResume
                0x08003a48       0xac ..\obj\tasks.o
                0x08003a48                vTaskResume
 .text.vTaskStartScheduler
                0x08003af4       0x70 ..\obj\tasks.o
                0x08003af4                vTaskStartScheduler
 .text.vTaskSuspendAll
                0x08003b64       0x24 ..\obj\tasks.o
                0x08003b64                vTaskSuspendAll
 .text.xTaskResumeAll
                0x08003b88      0x150 ..\obj\tasks.o
                0x08003b88                xTaskResumeAll
 .text.xTaskGetTickCount
                0x08003cd8       0x28 ..\obj\tasks.o
                0x08003cd8                xTaskGetTickCount
 .text.uxTaskGetNumberOfTasks
                0x08003d00       0x18 ..\obj\tasks.o
                0x08003d00                uxTaskGetNumberOfTasks
 .text.vTaskIncrementTick
                0x08003d18      0x1b4 ..\obj\tasks.o
                0x08003d18                vTaskIncrementTick
 .text.vTaskSwitchContext
                0x08003ecc      0x140 ..\obj\tasks.o
                0x08003ecc                vTaskSwitchContext
 .text.vTaskPlaceOnEventList
                0x0800400c       0x78 ..\obj\tasks.o
                0x0800400c                vTaskPlaceOnEventList
 .text.xTaskRemoveFromEventList
                0x08004084       0xc4 ..\obj\tasks.o
                0x08004084                xTaskRemoveFromEventList
 .text.vTaskSetTimeOutState
                0x08004148       0x30 ..\obj\tasks.o
                0x08004148                vTaskSetTimeOutState
 .text.xTaskCheckForTimeOut
                0x08004178       0xa4 ..\obj\tasks.o
                0x08004178                xTaskCheckForTimeOut
 .text.vTaskMissedYield
                0x0800421c       0x18 ..\obj\tasks.o
                0x0800421c                vTaskMissedYield
 .text.prvIdleTask
                0x08004234       0x24 ..\obj\tasks.o
 .text.prvInitialiseTCBVariables
                0x08004258       0x78 ..\obj\tasks.o
 .text.prvInitialiseTaskLists
                0x080042d0       0xa4 ..\obj\tasks.o
 .text.prvCheckTasksWaitingTermination
                0x08004374       0x9c ..\obj\tasks.o
 .text.prvAddCurrentTaskToDelayedList
                0x08004410       0x8c ..\obj\tasks.o
 .text.prvAllocateTCBAndStack
                0x0800449c       0x70 ..\obj\tasks.o
 .text.prvDeleteTCB
                0x0800450c       0x20 ..\obj\tasks.o
 .text.xTaskGetCurrentTaskHandle
                0x0800452c       0x20 ..\obj\tasks.o
                0x0800452c                xTaskGetCurrentTaskHandle
 .text.vTaskPriorityInherit
                0x0800454c       0xdc ..\obj\tasks.o
                0x0800454c                vTaskPriorityInherit
 .text.vTaskPriorityDisinherit
                0x08004628       0x90 ..\obj\tasks.o
                0x08004628                vTaskPriorityDisinherit
 .text.USART_Init
                0x080046b8      0x1ac ..\obj\stm32f10x_usart.o
                0x080046b8                USART_Init
 .text.USART_ClockInit
                0x08004864       0x58 ..\obj\stm32f10x_usart.o
                0x08004864                USART_ClockInit
 .text.USART_Cmd
                0x080048bc       0x40 ..\obj\stm32f10x_usart.o
                0x080048bc                USART_Cmd
 .text.USART_ITConfig
                0x080048fc       0xa4 ..\obj\stm32f10x_usart.o
                0x080048fc                USART_ITConfig
 .text.vAltStartComTestTasks
                0x080049a0       0x94 ..\obj\comtest.o
                0x080049a0                vAltStartComTestTasks
 .text.vComTxTask
                0x08004a34       0xa4 ..\obj\comtest.o
 .text.vComRxTask
                0x08004ad8       0xec ..\obj\comtest.o
 .text.xAreComTestTasksStillRunning
                0x08004bc4       0x40 ..\obj\comtest.o
                0x08004bc4                xAreComTestTasksStillRunning
 .text.vListInitialise
                0x08004c04       0x40 ..\obj\list.o
                0x08004c04                vListInitialise
 .text.vListInitialiseItem
                0x08004c44       0x1c ..\obj\list.o
                0x08004c44                vListInitialiseItem
 .text.vListInsertEnd
                0x08004c60       0x50 ..\obj\list.o
                0x08004c60                vListInsertEnd
 .text.vListInsert
                0x08004cb0       0x74 ..\obj\list.o
                0x08004cb0                vListInsert
 .text.uxListRemove
                0x08004d24       0x58 ..\obj\list.o
                0x08004d24                uxListRemove
 .text._sbrk    0x08004d7c       0x5c ..\obj\syscalls.o
                0x08004d7c                _sbrk
 .text._close   0x08004dd8       0x18 ..\obj\syscalls.o
                0x08004dd8                _close
 .text._fstat   0x08004df0       0x24 ..\obj\syscalls.o
                0x08004df0                _fstat
 .text._isatty  0x08004e14       0x18 ..\obj\syscalls.o
                0x08004e14                _isatty
 .text._lseek   0x08004e2c       0x1c ..\obj\syscalls.o
                0x08004e2c                _lseek
 .text._read    0x08004e48       0x1c ..\obj\syscalls.o
                0x08004e48                _read
 .text._write   0x08004e64       0x1c ..\obj\syscalls.o
                0x08004e64                _write
 .text.vCreateBlockTimeTasks
                0x08004e80       0x94 ..\obj\blocktim.o
                0x08004e80                vCreateBlockTimeTasks
 .text.vPrimaryBlockTimeTestTask
                0x08004f14      0x468 ..\obj\blocktim.o
 .text.vSecondaryBlockTimeTestTask
                0x0800537c      0x148 ..\obj\blocktim.o
 .text.xAreBlockTimeTestTasksStillRunning
                0x080054c4       0x94 ..\obj\blocktim.o
                0x080054c4                xAreBlockTimeTestTasksStillRunning
 .text.vStartPolledQueueTasks
                0x08005558       0x98 ..\obj\PollQ.o
                0x08005558                vStartPolledQueueTasks
 .text.vPolledQueueProducer
                0x080055f0       0x8c ..\obj\PollQ.o
 .text.vPolledQueueConsumer
                0x0800567c       0x94 ..\obj\PollQ.o
 .text.xArePollingQueuesStillRunning
                0x08005710       0x5c ..\obj\PollQ.o
                0x08005710                xArePollingQueuesStillRunning
 .text.pxPortInitialiseStack
                0x0800576c       0x60 ..\obj\port.o
                0x0800576c                pxPortInitialiseStack
 .text.SVC_Handler
                0x080057cc       0x20 ..\obj\port.o
                0x080057cc                SVC_Handler
 .text.prvPortStartFirstTask
                0x080057ec       0x14 ..\obj\port.o
 .text.xPortStartScheduler
                0x08005800       0x54 ..\obj\port.o
                0x08005800                xPortStartScheduler
 .text.vPortYieldFromISR
                0x08005854       0x18 ..\obj\port.o
                0x08005854                vPortYieldFromISR
 .text.vPortEnterCritical
                0x0800586c       0x24 ..\obj\port.o
                0x0800586c                vPortEnterCritical
 .text.vPortExitCritical
                0x08005890       0x34 ..\obj\port.o
                0x08005890                vPortExitCritical
 .text.ulPortSetInterruptMask
                0x080058c4       0x14 ..\obj\port.o
                0x080058c4                ulPortSetInterruptMask
 .text.vPortClearInterruptMask
                0x080058d8        0x8 ..\obj\port.o
                0x080058d8                vPortClearInterruptMask
 .text.PendSV_Handler
                0x080058e0       0x3c ..\obj\port.o
                0x080058e0                PendSV_Handler
 .text.SysTick_Handler
                0x0800591c       0x24 ..\obj\port.o
                0x0800591c                SysTick_Handler
 .text.vPortSetupTimerInterrupt
                0x08005940       0x2c ..\obj\port.o
                0x08005940                vPortSetupTimerInterrupt
 .text.xQueueGenericReset
                0x0800596c       0xb4 ..\obj\queue.o
                0x0800596c                xQueueGenericReset
 .text.xQueueGenericCreate
                0x08005a20       0x84 ..\obj\queue.o
                0x08005a20                xQueueGenericCreate
 .text.xQueueGenericSend
                0x08005aa4      0x124 ..\obj\queue.o
                0x08005aa4                xQueueGenericSend
 .text.xQueueGenericReceive
                0x08005bc8      0x18c ..\obj\queue.o
                0x08005bc8                xQueueGenericReceive
 .text.uxQueueMessagesWaiting
                0x08005d54       0x24 ..\obj\queue.o
                0x08005d54                uxQueueMessagesWaiting
 .text.prvCopyDataToQueue
                0x08005d78       0xc4 ..\obj\queue.o
 .text.prvCopyDataFromQueue
                0x08005e3c       0x50 ..\obj\queue.o
 .text.prvUnlockQueue
                0x08005e8c       0xa0 ..\obj\queue.o
 .text.prvIsQueueEmpty
                0x08005f2c       0x34 ..\obj\queue.o
 .text.prvIsQueueFull
                0x08005f60       0x38 ..\obj\queue.o
 .text.NVIC_PriorityGroupConfig
                0x08005f98       0x28 ..\obj\misc.o
                0x08005f98                NVIC_PriorityGroupConfig
 .text.NVIC_Init
                0x08005fc0       0xe8 ..\obj\misc.o
                0x08005fc0                NVIC_Init
 .text.NVIC_SetVectorTable
                0x080060a8       0x2c ..\obj\misc.o
                0x080060a8                NVIC_SetVectorTable
 .text.SysTick_CLKSourceConfig
                0x080060d4       0x4c ..\obj\misc.o
                0x080060d4                SysTick_CLKSourceConfig
 .text.xSerialPortInitMinimal
                0x08006120      0x168 ..\obj\serial.o
                0x08006120                xSerialPortInitMinimal
 .text.xSerialGetChar
                0x08006288       0x40 ..\obj\serial.o
                0x08006288                xSerialGetChar
 .text.xSerialPutChar
                0x080062c8       0x60 ..\obj\serial.o
                0x080062c8                xSerialPutChar
 .text.vParTestSetLED
                0x08006328       0x88 ..\obj\ParTest.o
                0x08006328                vParTestSetLED
 .text.vParTestToggleLED
                0x080063b0       0x98 ..\obj\ParTest.o
                0x080063b0                vParTestToggleLED
 .text.pvPortMalloc
                0x08006448      0x15c ..\obj\heap_2.o
                0x08006448                pvPortMalloc
 .text.vPortFree
                0x080065a4       0x88 ..\obj\heap_2.o
                0x080065a4                vPortFree
 .text.prvHeapInit
                0x0800662c       0x6c ..\obj\heap_2.o
 .text.memcmp   0x08006698       0xb8 c:/program files/gnu tools arm embedded/4.7 2012q4/bin/../lib/gcc/arm-none-eabi/4.7.3/../../../../arm-none-eabi/lib/armv7-m\libg.a(lib_a-memcmp.o)
                0x08006698                memcmp
 .text.memcpy   0x08006750      0x15c c:/program files/gnu tools arm embedded/4.7 2012q4/bin/../lib/gcc/arm-none-eabi/4.7.3/../../../../arm-none-eabi/lib/armv7-m\libg.a(lib_a-memcpy.o)
                0x08006750                memcpy
 .text.memset   0x080068ac      0x12c c:/program files/gnu tools arm embedded/4.7 2012q4/bin/../lib/gcc/arm-none-eabi/4.7.3/../../../../arm-none-eabi/lib/armv7-m\libg.a(lib_a-memset.o)
                0x080068ac                memset
 .text.printf   0x080069d8       0x2c c:/program files/gnu tools arm embedded/4.7 2012q4/bin/../lib/gcc/arm-none-eabi/4.7.3/../../../../arm-none-eabi/lib/armv7-m\libg.a(lib_a-printf.o)
                0x080069d8                printf
 .text.sprintf  0x08006a04       0x50 c:/program files/gnu tools arm embedded/4.7 2012q4/bin/../lib/gcc/arm-none-eabi/4.7.3/../../../../arm-none-eabi/lib/armv7-m\libg.a(lib_a-sprintf.o)
                0x08006a04                sprintf
 .text.strlen   0x08006a54       0x60 c:/program files/gnu tools arm embedded/4.7 2012q4/bin/../lib/gcc/arm-none-eabi/4.7.3/../../../../arm-none-eabi/lib/armv7-m\libg.a(lib_a-strlen.o)
                0x08006a54                strlen
 .text.strncpy  0x08006ab4      0x10c c:/program files/gnu tools arm embedded/4.7 2012q4/bin/../lib/gcc/arm-none-eabi/4.7.3/../../../../arm-none-eabi/lib/armv7-m\libg.a(lib_a-strncpy.o)
                0x08006ab4                strncpy
 .text._svfprintf_r
                0x08006bc0     0x1adc c:/program files/gnu tools arm embedded/4.7 2012q4/bin/../lib/gcc/arm-none-eabi/4.7.3/../../../../arm-none-eabi/lib/armv7-m\libg.a(lib_a-svfprintf.o)
                0x08006bc0                _svfprintf_r
 .text._vfprintf_r
                0x0800869c     0x1e0c c:/program files/gnu tools arm embedded/4.7 2012q4/bin/../lib/gcc/arm-none-eabi/4.7.3/../../../../arm-none-eabi/lib/armv7-m\libg.a(lib_a-vfprintf.o)
                0x0800869c                _vfprintf_r
 .text.__swsetup_r
                0x0800a4a8       0xc4 c:/program files/gnu tools arm embedded/4.7 2012q4/bin/../lib/gcc/arm-none-eabi/4.7.3/../../../../arm-none-eabi/lib/armv7-m\libg.a(lib_a-wsetup.o)
                0x0800a4a8                __swsetup_r
 .text.quorem   0x0800a56c      0x2ec c:/program files/gnu tools arm embedded/4.7 2012q4/bin/../lib/gcc/arm-none-eabi/4.7.3/../../../../arm-none-eabi/lib/armv7-m\libg.a(lib_a-dtoa.o)
 .text._dtoa_r  0x0800a858     0x11f8 c:/program files/gnu tools arm embedded/4.7 2012q4/bin/../lib/gcc/arm-none-eabi/4.7.3/../../../../arm-none-eabi/lib/armv7-m\libg.a(lib_a-dtoa.o)
                0x0800a858                _dtoa_r
 .text._fflush_r
                0x0800ba50      0x164 c:/program files/gnu tools arm embedded/4.7 2012q4/bin/../lib/gcc/arm-none-eabi/4.7.3/../../../../arm-none-eabi/lib/armv7-m\libg.a(lib_a-fflush.o)
                0x0800ba50                _fflush_r
 .text._cleanup_r
                0x0800bbb4        0xc c:/program files/gnu tools arm embedded/4.7 2012q4/bin/../lib/gcc/arm-none-eabi/4.7.3/../../../../arm-none-eabi/lib/armv7-m\libg.a(lib_a-findfp.o)
                0x0800bbb4                _cleanup_r
 .text.std.isra.0
                0x0800bbc0       0x50 c:/program files/gnu tools arm embedded/4.7 2012q4/bin/../lib/gcc/arm-none-eabi/4.7.3/../../../../arm-none-eabi/lib/armv7-m\libg.a(lib_a-findfp.o)
 .text.__sinit  0x0800bc10       0x4c c:/program files/gnu tools arm embedded/4.7 2012q4/bin/../lib/gcc/arm-none-eabi/4.7.3/../../../../arm-none-eabi/lib/armv7-m\libg.a(lib_a-findfp.o)
                0x0800bc10                __sinit
 .text.__sfp_lock_acquire
                0x0800bc5c        0x4 c:/program files/gnu tools arm embedded/4.7 2012q4/bin/../lib/gcc/arm-none-eabi/4.7.3/../../../../arm-none-eabi/lib/armv7-m\libg.a(lib_a-findfp.o)
                0x0800bc5c                __sfp_lock_acquire
 .text.__sfp_lock_release
                0x0800bc60        0x4 c:/program files/gnu tools arm embedded/4.7 2012q4/bin/../lib/gcc/arm-none-eabi/4.7.3/../../../../arm-none-eabi/lib/armv7-m\libg.a(lib_a-findfp.o)
                0x0800bc60                __sfp_lock_release
 .text._malloc_trim_r
                0x0800bc64       0x98 c:/program files/gnu tools arm embedded/4.7 2012q4/bin/../lib/gcc/arm-none-eabi/4.7.3/../../../../arm-none-eabi/lib/armv7-m\libg.a(lib_a-freer.o)
                0x0800bc64                _malloc_trim_r
 .text._free_r  0x0800bcfc      0x194 c:/program files/gnu tools arm embedded/4.7 2012q4/bin/../lib/gcc/arm-none-eabi/4.7.3/../../../../arm-none-eabi/lib/armv7-m\libg.a(lib_a-freer.o)
                0x0800bcfc                _free_r
 .text._fwalk   0x0800be90       0xb8 c:/program files/gnu tools arm embedded/4.7 2012q4/bin/../lib/gcc/arm-none-eabi/4.7.3/../../../../arm-none-eabi/lib/armv7-m\libg.a(lib_a-fwalk.o)
                0x0800be90                _fwalk
 .text.__locale_charset
                0x0800bf48        0xc c:/program files/gnu tools arm embedded/4.7 2012q4/bin/../lib/gcc/arm-none-eabi/4.7.3/../../../../arm-none-eabi/lib/armv7-m\libg.a(lib_a-locale.o)
                0x0800bf48                __locale_charset
 .text.__locale_mb_cur_max
                0x0800bf54        0xc c:/program files/gnu tools arm embedded/4.7 2012q4/bin/../lib/gcc/arm-none-eabi/4.7.3/../../../../arm-none-eabi/lib/armv7-m\libg.a(lib_a-locale.o)
                0x0800bf54                __locale_mb_cur_max
 .text._localeconv_r
                0x0800bf60        0xc c:/program files/gnu tools arm embedded/4.7 2012q4/bin/../lib/gcc/arm-none-eabi/4.7.3/../../../../arm-none-eabi/lib/armv7-m\libg.a(lib_a-locale.o)
                0x0800bf60                _localeconv_r
 .text.__smakebuf_r
                0x0800bf6c       0xe8 c:/program files/gnu tools arm embedded/4.7 2012q4/bin/../lib/gcc/arm-none-eabi/4.7.3/../../../../arm-none-eabi/lib/armv7-m\libg.a(lib_a-makebuf.o)
                0x0800bf6c                __smakebuf_r
 .text._malloc_r
                0x0800c054      0x530 c:/program files/gnu tools arm embedded/4.7 2012q4/bin/../lib/gcc/arm-none-eabi/4.7.3/../../../../arm-none-eabi/lib/armv7-m\libg.a(lib_a-mallocr.o)
                0x0800c054                _malloc_r
 .text.memchr   0x0800c584      0x140 c:/program files/gnu tools arm embedded/4.7 2012q4/bin/../lib/gcc/arm-none-eabi/4.7.3/../../../../arm-none-eabi/lib/armv7-m\libg.a(lib_a-memchr.o)
                0x0800c584                memchr
 .text.__malloc_lock
                0x0800c6c4        0x4 c:/program files/gnu tools arm embedded/4.7 2012q4/bin/../lib/gcc/arm-none-eabi/4.7.3/../../../../arm-none-eabi/lib/armv7-m\libg.a(lib_a-mlock.o)
                0x0800c6c4                __malloc_lock
 .text.__malloc_unlock
                0x0800c6c8        0x4 c:/program files/gnu tools arm embedded/4.7 2012q4/bin/../lib/gcc/arm-none-eabi/4.7.3/../../../../arm-none-eabi/lib/armv7-m\libg.a(lib_a-mlock.o)
                0x0800c6c8                __malloc_unlock
 .text._Balloc  0x0800c6cc       0x4c c:/program files/gnu tools arm embedded/4.7 2012q4/bin/../lib/gcc/arm-none-eabi/4.7.3/../../../../arm-none-eabi/lib/armv7-m\libg.a(lib_a-mprec.o)
                0x0800c6cc                _Balloc
 .text._Bfree   0x0800c718       0x14 c:/program files/gnu tools arm embedded/4.7 2012q4/bin/../lib/gcc/arm-none-eabi/4.7.3/../../../../arm-none-eabi/lib/armv7-m\libg.a(lib_a-mprec.o)
                0x0800c718                _Bfree
 .text.__multadd
                0x0800c72c       0xfc c:/program files/gnu tools arm embedded/4.7 2012q4/bin/../lib/gcc/arm-none-eabi/4.7.3/../../../../arm-none-eabi/lib/armv7-m\libg.a(lib_a-mprec.o)
                0x0800c72c                __multadd
 .text.__hi0bits
                0x0800c828       0x3c c:/program files/gnu tools arm embedded/4.7 2012q4/bin/../lib/gcc/arm-none-eabi/4.7.3/../../../../arm-none-eabi/lib/armv7-m\libg.a(lib_a-mprec.o)
                0x0800c828                __hi0bits
 .text.__lo0bits
                0x0800c864       0x5c c:/program files/gnu tools arm embedded/4.7 2012q4/bin/../lib/gcc/arm-none-eabi/4.7.3/../../../../arm-none-eabi/lib/armv7-m\libg.a(lib_a-mprec.o)
                0x0800c864                __lo0bits
 .text.__i2b    0x0800c8c0       0x14 c:/program files/gnu tools arm embedded/4.7 2012q4/bin/../lib/gcc/arm-none-eabi/4.7.3/../../../../arm-none-eabi/lib/armv7-m\libg.a(lib_a-mprec.o)
                0x0800c8c0                __i2b
 .text.__multiply
                0x0800c8d4      0x2d0 c:/program files/gnu tools arm embedded/4.7 2012q4/bin/../lib/gcc/arm-none-eabi/4.7.3/../../../../arm-none-eabi/lib/armv7-m\libg.a(lib_a-mprec.o)
                0x0800c8d4                __multiply
 .text.__pow5mult
                0x0800cba4       0x94 c:/program files/gnu tools arm embedded/4.7 2012q4/bin/../lib/gcc/arm-none-eabi/4.7.3/../../../../arm-none-eabi/lib/armv7-m\libg.a(lib_a-mprec.o)
                0x0800cba4                __pow5mult
 .text.__lshift
                0x0800cc38      0x16c c:/program files/gnu tools arm embedded/4.7 2012q4/bin/../lib/gcc/arm-none-eabi/4.7.3/../../../../arm-none-eabi/lib/armv7-m\libg.a(lib_a-mprec.o)
                0x0800cc38                __lshift
 .text.__mcmp   0x0800cda4       0x5c c:/program files/gnu tools arm embedded/4.7 2012q4/bin/../lib/gcc/arm-none-eabi/4.7.3/../../../../arm-none-eabi/lib/armv7-m\libg.a(lib_a-mprec.o)
                0x0800cda4                __mcmp
 .text.__mdiff  0x0800ce00      0x218 c:/program files/gnu tools arm embedded/4.7 2012q4/bin/../lib/gcc/arm-none-eabi/4.7.3/../../../../arm-none-eabi/lib/armv7-m\libg.a(lib_a-mprec.o)
                0x0800ce00                __mdiff
 .text.__d2b    0x0800d018       0xc0 c:/program files/gnu tools arm embedded/4.7 2012q4/bin/../lib/gcc/arm-none-eabi/4.7.3/../../../../arm-none-eabi/lib/armv7-m\libg.a(lib_a-mprec.o)
                0x0800d018                __d2b
 .text.__fpclassifyd
                0x0800d0d8       0x68 c:/program files/gnu tools arm embedded/4.7 2012q4/bin/../lib/gcc/arm-none-eabi/4.7.3/../../../../arm-none-eabi/lib/armv7-m\libg.a(lib_a-s_fpclassify.o)
                0x0800d0d8                __fpclassifyd
 .text._sbrk_r  0x0800d140       0x24 c:/program files/gnu tools arm embedded/4.7 2012q4/bin/../lib/gcc/arm-none-eabi/4.7.3/../../../../arm-none-eabi/lib/armv7-m\libg.a(lib_a-sbrkr.o)
                0x0800d140                _sbrk_r
 .text.__sread  0x0800d164       0x24 c:/program files/gnu tools arm embedded/4.7 2012q4/bin/../lib/gcc/arm-none-eabi/4.7.3/../../../../arm-none-eabi/lib/armv7-m\libg.a(lib_a-stdio.o)
                0x0800d164                __sread
 .text.__swrite
                0x0800d188       0x44 c:/program files/gnu tools arm embedded/4.7 2012q4/bin/../lib/gcc/arm-none-eabi/4.7.3/../../../../arm-none-eabi/lib/armv7-m\libg.a(lib_a-stdio.o)
                0x0800d188                __swrite
 .text.__sseek  0x0800d1cc       0x24 c:/program files/gnu tools arm embedded/4.7 2012q4/bin/../lib/gcc/arm-none-eabi/4.7.3/../../../../arm-none-eabi/lib/armv7-m\libg.a(lib_a-stdio.o)
                0x0800d1cc                __sseek
 .text.__sclose
                0x0800d1f0        0x8 c:/program files/gnu tools arm embedded/4.7 2012q4/bin/../lib/gcc/arm-none-eabi/4.7.3/../../../../arm-none-eabi/lib/armv7-m\libg.a(lib_a-stdio.o)
                0x0800d1f0                __sclose
 .text.__ssprint_r
                0x0800d1f8      0x100 c:/program files/gnu tools arm embedded/4.7 2012q4/bin/../lib/gcc/arm-none-eabi/4.7.3/../../../../arm-none-eabi/lib/armv7-m\libg.a(lib_a-svfiprintf.o)
                0x0800d1f8                __ssprint_r
 .text.__sprint_r
                0x0800d2f8       0xc0 c:/program files/gnu tools arm embedded/4.7 2012q4/bin/../lib/gcc/arm-none-eabi/4.7.3/../../../../arm-none-eabi/lib/armv7-m\libg.a(lib_a-vfiprintf.o)
                0x0800d2f8                __sprint_r
 .text._write_r
                0x0800d3b8       0x28 c:/program files/gnu tools arm embedded/4.7 2012q4/bin/../lib/gcc/arm-none-eabi/4.7.3/../../../../arm-none-eabi/lib/armv7-m\libg.a(lib_a-writer.o)
                0x0800d3b8                _write_r
 .text._calloc_r
                0x0800d3e0       0x60 c:/program files/gnu tools arm embedded/4.7 2012q4/bin/../lib/gcc/arm-none-eabi/4.7.3/../../../../arm-none-eabi/lib/armv7-m\libg.a(lib_a-callocr.o)
                0x0800d3e0                _calloc_r
 .text._close_r
                0x0800d440       0x24 c:/program files/gnu tools arm embedded/4.7 2012q4/bin/../lib/gcc/arm-none-eabi/4.7.3/../../../../arm-none-eabi/lib/armv7-m\libg.a(lib_a-closer.o)
                0x0800d440                _close_r
 .text._fclose_r
                0x0800d464       0x94 c:/program files/gnu tools arm embedded/4.7 2012q4/bin/../lib/gcc/arm-none-eabi/4.7.3/../../../../arm-none-eabi/lib/armv7-m\libg.a(lib_a-fclose.o)
                0x0800d464                _fclose_r
 .text.fclose   0x0800d4f8       0x10 c:/program files/gnu tools arm embedded/4.7 2012q4/bin/../lib/gcc/arm-none-eabi/4.7.3/../../../../arm-none-eabi/lib/armv7-m\libg.a(lib_a-fclose.o)
                0x0800d4f8                fclose
 .text._fputwc_r
                0x0800d508      0x1b0 c:/program files/gnu tools arm embedded/4.7 2012q4/bin/../lib/gcc/arm-none-eabi/4.7.3/../../../../arm-none-eabi/lib/armv7-m\libg.a(lib_a-fputwc.o)
                0x0800d508                _fputwc_r
 .text._fstat_r
                0x0800d6b8       0x28 c:/program files/gnu tools arm embedded/4.7 2012q4/bin/../lib/gcc/arm-none-eabi/4.7.3/../../../../arm-none-eabi/lib/armv7-m\libg.a(lib_a-fstatr.o)
                0x0800d6b8                _fstat_r
 .text.__sfvwrite_r
                0x0800d6e0      0x314 c:/program files/gnu tools arm embedded/4.7 2012q4/bin/../lib/gcc/arm-none-eabi/4.7.3/../../../../arm-none-eabi/lib/armv7-m\libg.a(lib_a-fvwrite.o)
                0x0800d6e0                __sfvwrite_r
 .text._isatty_r
                0x0800d9f4       0x24 c:/program files/gnu tools arm embedded/4.7 2012q4/bin/../lib/gcc/arm-none-eabi/4.7.3/../../../../arm-none-eabi/lib/armv7-m\libg.a(lib_a-isattyr.o)
                0x0800d9f4                _isatty_r
 .text._lseek_r
                0x0800da18       0x28 c:/program files/gnu tools arm embedded/4.7 2012q4/bin/../lib/gcc/arm-none-eabi/4.7.3/../../../../arm-none-eabi/lib/armv7-m\libg.a(lib_a-lseekr.o)
                0x0800da18                _lseek_r
 .text.memmove  0x0800da40      0x1b0 c:/program files/gnu tools arm embedded/4.7 2012q4/bin/../lib/gcc/arm-none-eabi/4.7.3/../../../../arm-none-eabi/lib/armv7-m\libg.a(lib_a-memmove.o)
                0x0800da40                memmove
 .text._read_r  0x0800dbf0       0x28 c:/program files/gnu tools arm embedded/4.7 2012q4/bin/../lib/gcc/arm-none-eabi/4.7.3/../../../../arm-none-eabi/lib/armv7-m\libg.a(lib_a-readr.o)
                0x0800dbf0                _read_r
 .text._realloc_r
                0x0800dc18      0x3ec c:/program files/gnu tools arm embedded/4.7 2012q4/bin/../lib/gcc/arm-none-eabi/4.7.3/../../../../arm-none-eabi/lib/armv7-m\libg.a(lib_a-reallocr.o)
                0x0800dc18                _realloc_r
 .text.__swbuf_r
                0x0800e004       0xbc c:/program files/gnu tools arm embedded/4.7 2012q4/bin/../lib/gcc/arm-none-eabi/4.7.3/../../../../arm-none-eabi/lib/armv7-m\libg.a(lib_a-wbuf.o)
                0x0800e004                __swbuf_r
 .text._wcrtomb_r
                0x0800e0c0       0x50 c:/program files/gnu tools arm embedded/4.7 2012q4/bin/../lib/gcc/arm-none-eabi/4.7.3/../../../../arm-none-eabi/lib/armv7-m\libg.a(lib_a-wcrtomb.o)
                0x0800e0c0                _wcrtomb_r
 .text.__ascii_wctomb
                0x0800e110       0x1c c:/program files/gnu tools arm embedded/4.7 2012q4/bin/../lib/gcc/arm-none-eabi/4.7.3/../../../../arm-none-eabi/lib/armv7-m\libg.a(lib_a-wctomb_r.o)
                0x0800e110                __ascii_wctomb
 .text          0x0800e12c      0x370 c:/program files/gnu tools arm embedded/4.7 2012q4/bin/../lib/gcc/arm-none-eabi/4.7.3/armv7-m\libgcc.a(_arm_addsubdf3.o)
                0x0800e12c                __aeabi_drsub
                0x0800e134                __aeabi_dsub
                0x0800e134                __subdf3
                0x0800e138                __aeabi_dadd
                0x0800e138                __adddf3
                0x0800e3b0                __floatunsidf
                0x0800e3b0                __aeabi_ui2d
                0x0800e3d0                __floatsidf
                0x0800e3d0                __aeabi_i2d
                0x0800e3f4                __aeabi_f2d
                0x0800e3f4                __extendsfdf2
                0x0800e430                __floatundidf
                0x0800e430                __aeabi_ul2d
                0x0800e440                __floatdidf
                0x0800e440                __aeabi_l2d
 .text          0x0800e49c      0x424 c:/program files/gnu tools arm embedded/4.7 2012q4/bin/../lib/gcc/arm-none-eabi/4.7.3/armv7-m\libgcc.a(_arm_muldivdf3.o)
                0x0800e49c                __aeabi_dmul
                0x0800e49c                __muldf3
                0x0800e6f0                __divdf3
                0x0800e6f0                __aeabi_ddiv
 .text          0x0800e8c0      0x110 c:/program files/gnu tools arm embedded/4.7 2012q4/bin/../lib/gcc/arm-none-eabi/4.7.3/armv7-m\libgcc.a(_arm_cmpdf2.o)
                0x0800e8c0                __gtdf2
                0x0800e8c0                __gedf2
                0x0800e8c8                __ltdf2
                0x0800e8c8                __ledf2
                0x0800e8d0                __nedf2
                0x0800e8d0                __eqdf2
                0x0800e8d0                __cmpdf2
                0x0800e94c                __aeabi_cdrcmple
                0x0800e95c                __aeabi_cdcmpeq
                0x0800e95c                __aeabi_cdcmple
                0x0800e96c                __aeabi_dcmpeq
                0x0800e980                __aeabi_dcmplt
                0x0800e994                __aeabi_dcmple
                0x0800e9a8                __aeabi_dcmpge
                0x0800e9bc                __aeabi_dcmpgt
 .text          0x0800e9d0       0x50 c:/program files/gnu tools arm embedded/4.7 2012q4/bin/../lib/gcc/arm-none-eabi/4.7.3/armv7-m\libgcc.a(_arm_fixdfsi.o)
                0x0800e9d0                __aeabi_d2iz
                0x0800e9d0                __fixdfsi
 .text          0x0800ea20       0x2c c:/program files/gnu tools arm embedded/4.7 2012q4/bin/../lib/gcc/arm-none-eabi/4.7.3/armv7-m\libgcc.a(_aeabi_uldivmod.o)
                0x0800ea20                __aeabi_uldivmod
 .text          0x0800ea4c       0x60 c:/program files/gnu tools arm embedded/4.7 2012q4/bin/../lib/gcc/arm-none-eabi/4.7.3/armv7-m\libgcc.a(bpabi.o)
                0x0800ea4c                __gnu_ldivmod_helper
                0x0800ea7c                __gnu_uldivmod_helper
 .text          0x0800eaac        0x4 c:/program files/gnu tools arm embedded/4.7 2012q4/bin/../lib/gcc/arm-none-eabi/4.7.3/armv7-m\libgcc.a(_dvmd_tls.o)
                0x0800eaac                __aeabi_idiv0
                0x0800eaac                __aeabi_ldiv0
 .text          0x0800eab0      0x2bc c:/program files/gnu tools arm embedded/4.7 2012q4/bin/../lib/gcc/arm-none-eabi/4.7.3/armv7-m\libgcc.a(_divdi3.o)
                0x0800eab0                __divdi3
 .text          0x0800ed6c      0x28c c:/program files/gnu tools arm embedded/4.7 2012q4/bin/../lib/gcc/arm-none-eabi/4.7.3/armv7-m\libgcc.a(_udivdi3.o)
                0x0800ed6c                __udivdi3
 *(.glue_7t)
 .glue_7t       0x00000000        0x0 linker stubs
 *(.glue_7)
 .glue_7        0x00000000        0x0 linker stubs
 *(.rodata .rodata* .gnu.linkonce.r.*)
 .rodata        0x0800eff8       0x1c ..\obj\death.o
 .rodata        0x0800f014        0x8 ..\obj\flash.o
 .rodata        0x0800f01c       0x30 ..\obj\BlockQ.o
 .rodata        0x0800f04c       0x20 ..\obj\semtest.o
 .rodata        0x0800f06c        0x8 ..\obj\integer.o
 .rodata        0x0800f074     0x2668 ..\obj\main.o
                0x0800f074                pcBitmap
 .rodata        0x080116dc       0x34 ..\obj\tasks.o
 .rodata        0x08011710       0x10 ..\obj\comtest.o
 .rodata        0x08011720       0x10 ..\obj\blocktim.o
 .rodata        0x08011730       0x10 ..\obj\PollQ.o
 .rodata        0x08011740        0x2 ..\obj\heap_2.o
 *fill*         0x08011742        0x2 00
 .rodata.str1.4
                0x08011744       0x42 c:/program files/gnu tools arm embedded/4.7 2012q4/bin/../lib/gcc/arm-none-eabi/4.7.3/../../../../arm-none-eabi/lib/armv7-m\libg.a(lib_a-svfprintf.o)
                                 0x44 (size before relaxing)
 *fill*         0x08011786        0x2 00
 .rodata.zeroes.6721
                0x08011788       0x10 c:/program files/gnu tools arm embedded/4.7 2012q4/bin/../lib/gcc/arm-none-eabi/4.7.3/../../../../arm-none-eabi/lib/armv7-m\libg.a(lib_a-svfprintf.o)
 .rodata.blanks.6720
                0x08011798       0x10 c:/program files/gnu tools arm embedded/4.7 2012q4/bin/../lib/gcc/arm-none-eabi/4.7.3/../../../../arm-none-eabi/lib/armv7-m\libg.a(lib_a-svfprintf.o)
 .rodata.blanks.6735
                0x080117a8       0x10 c:/program files/gnu tools arm embedded/4.7 2012q4/bin/../lib/gcc/arm-none-eabi/4.7.3/../../../../arm-none-eabi/lib/armv7-m\libg.a(lib_a-vfprintf.o)
 .rodata.str1.4
                0x00000000       0x44 c:/program files/gnu tools arm embedded/4.7 2012q4/bin/../lib/gcc/arm-none-eabi/4.7.3/../../../../arm-none-eabi/lib/armv7-m\libg.a(lib_a-vfprintf.o)
 .rodata.zeroes.6736
                0x080117b8       0x10 c:/program files/gnu tools arm embedded/4.7 2012q4/bin/../lib/gcc/arm-none-eabi/4.7.3/../../../../arm-none-eabi/lib/armv7-m\libg.a(lib_a-vfprintf.o)
 .rodata.str1.4
                0x080117c8       0x10 c:/program files/gnu tools arm embedded/4.7 2012q4/bin/../lib/gcc/arm-none-eabi/4.7.3/../../../../arm-none-eabi/lib/armv7-m\libg.a(lib_a-dtoa.o)
                                 0x14 (size before relaxing)
 .rodata.str1.4
                0x080117d8        0x2 c:/program files/gnu tools arm embedded/4.7 2012q4/bin/../lib/gcc/arm-none-eabi/4.7.3/../../../../arm-none-eabi/lib/armv7-m\libg.a(lib_a-impure.o)
                                  0x4 (size before relaxing)
 *fill*         0x080117da        0x2 00
 .rodata.str1.4
                0x080117dc        0xc c:/program files/gnu tools arm embedded/4.7 2012q4/bin/../lib/gcc/arm-none-eabi/4.7.3/../../../../arm-none-eabi/lib/armv7-m\libg.a(lib_a-locale.o)
                                 0x14 (size before relaxing)
 .rodata.p05.5242
                0x080117e8        0xc c:/program files/gnu tools arm embedded/4.7 2012q4/bin/../lib/gcc/arm-none-eabi/4.7.3/../../../../arm-none-eabi/lib/armv7-m\libg.a(lib_a-mprec.o)
 *fill*         0x080117f4        0x4 00
 .rodata.__mprec_tens
                0x080117f8       0xc8 c:/program files/gnu tools arm embedded/4.7 2012q4/bin/../lib/gcc/arm-none-eabi/4.7.3/../../../../arm-none-eabi/lib/armv7-m\libg.a(lib_a-mprec.o)
                0x080117f8                __mprec_tens
 .rodata.__mprec_bigtens
                0x080118c0       0x28 c:/program files/gnu tools arm embedded/4.7 2012q4/bin/../lib/gcc/arm-none-eabi/4.7.3/../../../../arm-none-eabi/lib/armv7-m\libg.a(lib_a-mprec.o)
                0x080118c0                __mprec_bigtens

.vfp11_veneer   0x080118e8        0x0
 .vfp11_veneer  0x00000000        0x0 linker stubs

.v4_bx          0x080118e8        0x0
 .v4_bx         0x00000000        0x0 linker stubs

.iplt           0x080118e8        0x0
 .iplt          0x00000000        0x0 ..\obj\stm32f10x_tim.o

.ARM.extab
 *(.ARM.extab* .gnu.linkonce.armextab.*)
                0x080118e8                __exidx_start = .

.ARM.exidx      0x080118e8        0x8
 *(.ARM.exidx* .gnu.linkonce.armexidx.*)
 .ARM.exidx     0x080118e8        0x8 c:/program files/gnu tools arm embedded/4.7 2012q4/bin/../lib/gcc/arm-none-eabi/4.7.3/armv7-m\libgcc.a(_divdi3.o)
 .ARM.exidx     0x080118f0        0x0 c:/program files/gnu tools arm embedded/4.7 2012q4/bin/../lib/gcc/arm-none-eabi/4.7.3/armv7-m\libgcc.a(_udivdi3.o)
                                  0x8 (size before relaxing)
                0x080118f0                __exidx_end = .

.rel.dyn        0x080118f0        0x0
 .rel.iplt      0x00000000        0x0 ..\obj\stm32f10x_tim.o
                0x080118f0                . = ALIGN (0x4)
                0x080118f0                _etext = .
                0x080118f0                _sidata = .

.data           0x20000000      0x8c4 load address 0x080118f0
                0x20000000                _sdata = .
 *(.data .data.*)
 .data          0x20000000        0x2 ..\obj\death.o
 *fill*         0x20000002        0x2 00
 .data          0x20000004       0x14 ..\obj\stm32f10x_rcc.o
 .data          0x20000018        0x4 ..\obj\tasks.o
 .data          0x2000001c        0x4 ..\obj\port.o
 .data          0x20000020        0x4 ..\obj\heap_2.o
 *fill*         0x20000024        0x4 00
 .data.impure_data
                0x20000028      0x428 c:/program files/gnu tools arm embedded/4.7 2012q4/bin/../lib/gcc/arm-none-eabi/4.7.3/../../../../arm-none-eabi/lib/armv7-m\libg.a(lib_a-impure.o)
 .data._impure_ptr
                0x20000450        0x4 c:/program files/gnu tools arm embedded/4.7 2012q4/bin/../lib/gcc/arm-none-eabi/4.7.3/../../../../arm-none-eabi/lib/armv7-m\libg.a(lib_a-impure.o)
                0x20000450                _impure_ptr
 .data.lconv    0x20000454       0x38 c:/program files/gnu tools arm embedded/4.7 2012q4/bin/../lib/gcc/arm-none-eabi/4.7.3/../../../../arm-none-eabi/lib/armv7-m\libg.a(lib_a-locale.o)
 .data.lc_ctype_charset
                0x2000048c       0x20 c:/program files/gnu tools arm embedded/4.7 2012q4/bin/../lib/gcc/arm-none-eabi/4.7.3/../../../../arm-none-eabi/lib/armv7-m\libg.a(lib_a-locale.o)
 .data.__mb_cur_max
                0x200004ac        0x4 c:/program files/gnu tools arm embedded/4.7 2012q4/bin/../lib/gcc/arm-none-eabi/4.7.3/../../../../arm-none-eabi/lib/armv7-m\libg.a(lib_a-locale.o)
                0x200004ac                __mb_cur_max
 .data.__malloc_av_
                0x200004b0      0x408 c:/program files/gnu tools arm embedded/4.7 2012q4/bin/../lib/gcc/arm-none-eabi/4.7.3/../../../../arm-none-eabi/lib/armv7-m\libg.a(lib_a-mallocr.o)
                0x200004b0                __malloc_av_
 .data.__malloc_trim_threshold
                0x200008b8        0x4 c:/program files/gnu tools arm embedded/4.7 2012q4/bin/../lib/gcc/arm-none-eabi/4.7.3/../../../../arm-none-eabi/lib/armv7-m\libg.a(lib_a-mallocr.o)
                0x200008b8                __malloc_trim_threshold
 .data.__malloc_sbrk_base
                0x200008bc        0x4 c:/program files/gnu tools arm embedded/4.7 2012q4/bin/../lib/gcc/arm-none-eabi/4.7.3/../../../../arm-none-eabi/lib/armv7-m\libg.a(lib_a-mallocr.o)
                0x200008bc                __malloc_sbrk_base
 .data.__wctomb
                0x200008c0        0x4 c:/program files/gnu tools arm embedded/4.7 2012q4/bin/../lib/gcc/arm-none-eabi/4.7.3/../../../../arm-none-eabi/lib/armv7-m\libg.a(lib_a-wctomb_r.o)
                0x200008c0                __wctomb
                0x200008c4                . = ALIGN (0x4)
                0x200008c4                _edata = .

.igot.plt       0x200008c4        0x0 load address 0x080121b4
 .igot.plt      0x00000000        0x0 ..\obj\stm32f10x_tim.o

.bss            0x200008c4     0x4a48 load address 0x080121b4
                0x200008c4                _sbss = .
 *(.bss .bss.*)
 .bss           0x200008c4        0xc ..\obj\death.o
 .bss           0x200008d0        0x4 ..\obj\flash.o
 .bss           0x200008d4       0x20 ..\obj\BlockQ.o
 .bss           0x200008f4       0x14 ..\obj\semtest.o
 .bss           0x20000908        0x4 ..\obj\integer.o
 .bss           0x2000090c       0x20 ..\obj\main.o
 .bss           0x2000092c       0x10 ..\obj\timertest.o
                0x2000092c                usMaxJitter
                0x20000930                ulRunTimeStatsClock
 .bss           0x2000093c      0x130 ..\obj\tasks.o
                0x2000093c                pxCurrentTCB
 .bss           0x20000a6c        0xc ..\obj\comtest.o
 .bss           0x20000a78        0x4 ..\obj\syscalls.o
 .bss           0x20000a7c       0x20 ..\obj\blocktim.o
 .bss           0x20000a9c        0xc ..\obj\PollQ.o
 .bss           0x20000aa8        0x8 ..\obj\serial.o
 .bss           0x20000ab0        0x2 ..\obj\ParTest.o
 *fill*         0x20000ab2        0x2 00
 .bss           0x20000ab4     0x4814 ..\obj\heap_2.o
 .bss.__malloc_max_total_mem
                0x200052c8        0x4 c:/program files/gnu tools arm embedded/4.7 2012q4/bin/../lib/gcc/arm-none-eabi/4.7.3/../../../../arm-none-eabi/lib/armv7-m\libg.a(lib_a-mallocr.o)
                0x200052c8                __malloc_max_total_mem
 .bss.__malloc_max_sbrked_mem
                0x200052cc        0x4 c:/program files/gnu tools arm embedded/4.7 2012q4/bin/../lib/gcc/arm-none-eabi/4.7.3/../../../../arm-none-eabi/lib/armv7-m\libg.a(lib_a-mallocr.o)
                0x200052cc                __malloc_max_sbrked_mem
 .bss.__malloc_top_pad
                0x200052d0        0x4 c:/program files/gnu tools arm embedded/4.7 2012q4/bin/../lib/gcc/arm-none-eabi/4.7.3/../../../../arm-none-eabi/lib/armv7-m\libg.a(lib_a-mallocr.o)
                0x200052d0                __malloc_top_pad
 .bss.__malloc_current_mallinfo
                0x200052d4       0x28 c:/program files/gnu tools arm embedded/4.7 2012q4/bin/../lib/gcc/arm-none-eabi/4.7.3/../../../../arm-none-eabi/lib/armv7-m\libg.a(lib_a-mallocr.o)
                0x200052d4                __malloc_current_mallinfo
 *(COMMON)
 COMMON         0x200052fc        0x4 ..\obj\death.o
                0x200052fc                xCreatedTask
 COMMON         0x20005300        0x2 ..\obj\ministm32_lcd.o
                0x20005300                LCD_DeviceCode
 *fill*         0x20005302        0x2 00
 COMMON         0x20005304        0x4 ..\obj\main.o
                0x20005304                xLCDQueue
 COMMON         0x20005308        0x4 c:/program files/gnu tools arm embedded/4.7 2012q4/bin/../lib/gcc/arm-none-eabi/4.7.3/../../../../arm-none-eabi/lib/armv7-m\libg.a(lib_a-reent.o)
                0x20005308                errno
                0x2000530c                . = ALIGN (0x4)
                0x2000530c                _ebss = .

.co_stack       0x2000530c      0x404 load address 0x08016bfc
                0x20005310                . = ALIGN (0x8)
 *fill*         0x2000530c        0x4 00
 *(.co_stack .co_stack.*)
 .co_stack      0x20005310      0x400 ..\obj\startup_stm32f10x_hd.o
                0x20005310                pulStack
                0x20005710                . = ALIGN (0x4)
                0x20005710                _end = .
LOAD ..\obj\stm32f10x_tim.o
LOAD ..\obj\death.o
LOAD ..\obj\ministm32_lcd.o
LOAD ..\obj\core_cm3.o
LOAD ..\obj\flash.o
LOAD ..\obj\BlockQ.o
LOAD ..\obj\semtest.o
LOAD ..\obj\system_stm32f10x.o
LOAD ..\obj\startup_stm32f10x_hd.o
LOAD ..\obj\integer.o
LOAD ..\obj\stm32f10x_gpio.o
LOAD ..\obj\main.o
LOAD ..\obj\timers.o
LOAD ..\obj\stm32f10x_rcc.o
LOAD ..\obj\ministm32.o
LOAD ..\obj\timertest.o
LOAD ..\obj\stm32f10x_exti.o
LOAD ..\obj\tasks.o
LOAD ..\obj\stm32f10x_usart.o
LOAD ..\obj\comtest.o
LOAD ..\obj\list.o
LOAD ..\obj\syscalls.o
LOAD ..\obj\stm32f10x_flash.o
LOAD ..\obj\blocktim.o
LOAD ..\obj\PollQ.o
LOAD ..\obj\port.o
LOAD ..\obj\queue.o
LOAD ..\obj\croutine.o
LOAD ..\obj\misc.o
LOAD ..\obj\serial.o
LOAD ..\obj\ParTest.o
LOAD ..\obj\stm32f10x_spi.o
LOAD ..\obj\heap_2.o
START GROUP
LOAD c:/program files/gnu tools arm embedded/4.7 2012q4/bin/../lib/gcc/arm-none-eabi/4.7.3/armv7-m\libgcc.a
LOAD c:/program files/gnu tools arm embedded/4.7 2012q4/bin/../lib/gcc/arm-none-eabi/4.7.3/../../../../arm-none-eabi/lib/armv7-m\libg.a
LOAD c:/program files/gnu tools arm embedded/4.7 2012q4/bin/../lib/gcc/arm-none-eabi/4.7.3/../../../../arm-none-eabi/lib/armv7-m\libc.a
END GROUP
OUTPUT(FreeRTOS_TEST.elf elf32-littlearm)

.debug_info     0x00000000     0x9ecc
 .debug_info    0x00000000     0x1e6c ..\obj\stm32f10x_tim.o
 .debug_info    0x00001e6c      0x21e ..\obj\death.o
 .debug_info    0x0000208a      0x769 ..\obj\ministm32_lcd.o
 .debug_info    0x000027f3      0x131 ..\obj\flash.o
 .debug_info    0x00002924      0x2fa ..\obj\BlockQ.o
 .debug_info    0x00002c1e      0x25b ..\obj\semtest.o
 .debug_info    0x00002e79      0x479 ..\obj\system_stm32f10x.o
 .debug_info    0x000032f2       0xff ..\obj\startup_stm32f10x_hd.o
 .debug_info    0x000033f1      0x17c ..\obj\integer.o
 .debug_info    0x0000356d      0x72e ..\obj\stm32f10x_gpio.o
 .debug_info    0x00003c9b      0xd41 ..\obj\main.o
 .debug_info    0x000049dc      0x91a ..\obj\stm32f10x_rcc.o
 .debug_info    0x000052f6      0x65e ..\obj\timertest.o
 .debug_info    0x00005954      0xfe8 ..\obj\tasks.o
 .debug_info    0x0000693c      0xa82 ..\obj\stm32f10x_usart.o
 .debug_info    0x000073be      0x1ed ..\obj\comtest.o
 .debug_info    0x000075ab      0x2b6 ..\obj\list.o
 .debug_info    0x00007861      0x443 ..\obj\syscalls.o
 .debug_info    0x00007ca4      0x218 ..\obj\blocktim.o
 .debug_info    0x00007ebc      0x1cf ..\obj\PollQ.o
 .debug_info    0x0000808b      0x21d ..\obj\port.o
 .debug_info    0x000082a8      0x9e4 ..\obj\queue.o
 .debug_info    0x00008c8c      0x544 ..\obj\misc.o
 .debug_info    0x000091d0      0x7d2 ..\obj\serial.o
 .debug_info    0x000099a2      0x27f ..\obj\ParTest.o
 .debug_info    0x00009c21      0x2ab ..\obj\heap_2.o

.debug_abbrev   0x00000000     0x20a7
 .debug_abbrev  0x00000000      0x1b2 ..\obj\stm32f10x_tim.o
 .debug_abbrev  0x000001b2       0xe1 ..\obj\death.o
 .debug_abbrev  0x00000293      0x1fe ..\obj\ministm32_lcd.o
 .debug_abbrev  0x00000491       0x95 ..\obj\flash.o
 .debug_abbrev  0x00000526      0x127 ..\obj\BlockQ.o
 .debug_abbrev  0x0000064d      0x100 ..\obj\semtest.o
 .debug_abbrev  0x0000074d      0x179 ..\obj\system_stm32f10x.o
 .debug_abbrev  0x000008c6       0xa9 ..\obj\startup_stm32f10x_hd.o
 .debug_abbrev  0x0000096f       0xcc ..\obj\integer.o
 .debug_abbrev  0x00000a3b      0x1ca ..\obj\stm32f10x_gpio.o
 .debug_abbrev  0x00000c05      0x2a3 ..\obj\main.o
 .debug_abbrev  0x00000ea8      0x1bc ..\obj\stm32f10x_rcc.o
 .debug_abbrev  0x00001064      0x102 ..\obj\timertest.o
 .debug_abbrev  0x00001166      0x1eb ..\obj\tasks.o
 .debug_abbrev  0x00001351      0x164 ..\obj\stm32f10x_usart.o
 .debug_abbrev  0x000014b5       0xc0 ..\obj\comtest.o
 .debug_abbrev  0x00001575       0xbe ..\obj\list.o
 .debug_abbrev  0x00001633       0xe4 ..\obj\syscalls.o
 .debug_abbrev  0x00001717       0xe5 ..\obj\blocktim.o
 .debug_abbrev  0x000017fc       0xb1 ..\obj\PollQ.o
 .debug_abbrev  0x000018ad      0x194 ..\obj\port.o
 .debug_abbrev  0x00001a41      0x188 ..\obj\queue.o
 .debug_abbrev  0x00001bc9      0x138 ..\obj\misc.o
 .debug_abbrev  0x00001d01      0x163 ..\obj\serial.o
 .debug_abbrev  0x00001e64       0xf1 ..\obj\ParTest.o
 .debug_abbrev  0x00001f55      0x152 ..\obj\heap_2.o

.debug_loc      0x00000000     0x489a
 .debug_loc     0x00000000     0x13e8 ..\obj\stm32f10x_tim.o
 .debug_loc     0x000013e8       0xe0 ..\obj\death.o
 .debug_loc     0x000014c8      0x454 ..\obj\ministm32_lcd.o
 .debug_loc     0x0000191c       0x70 ..\obj\flash.o
 .debug_loc     0x0000198c       0xe1 ..\obj\BlockQ.o
 .debug_loc     0x00001a6d       0xa8 ..\obj\semtest.o
 .debug_loc     0x00001b15       0xc8 ..\obj\system_stm32f10x.o
 .debug_loc     0x00001bdd       0x64 ..\obj\startup_stm32f10x_hd.o
 .debug_loc     0x00001c41       0xa8 ..\obj\integer.o
 .debug_loc     0x00001ce9      0x3e4 ..\obj\stm32f10x_gpio.o
 .debug_loc     0x000020cd      0x1a8 ..\obj\main.o
 .debug_loc     0x00002275      0x6dc ..\obj\stm32f10x_rcc.o
 .debug_loc     0x00002951       0x70 ..\obj\timertest.o
 .debug_loc     0x000029c1      0x859 ..\obj\tasks.o
 .debug_loc     0x0000321a      0x658 ..\obj\stm32f10x_usart.o
 .debug_loc     0x00003872       0xe0 ..\obj\comtest.o
 .debug_loc     0x00003952      0x118 ..\obj\list.o
 .debug_loc     0x00003a6a      0x1ec ..\obj\syscalls.o
 .debug_loc     0x00003c56       0xe0 ..\obj\blocktim.o
 .debug_loc     0x00003d36       0xe0 ..\obj\PollQ.o
 .debug_loc     0x00003e16      0x16c ..\obj\port.o
 .debug_loc     0x00003f82      0x508 ..\obj\queue.o
 .debug_loc     0x0000448a      0x118 ..\obj\misc.o
 .debug_loc     0x000045a2      0x150 ..\obj\serial.o
 .debug_loc     0x000046f2       0xa8 ..\obj\ParTest.o
 .debug_loc     0x0000479a      0x100 ..\obj\heap_2.o

.debug_aranges  0x00000000      0xd20
 .debug_aranges
                0x00000000      0x2f0 ..\obj\stm32f10x_tim.o
 .debug_aranges
                0x000002f0       0x38 ..\obj\death.o
 .debug_aranges
                0x00000328       0xb8 ..\obj\ministm32_lcd.o
 .debug_aranges
                0x000003e0       0x28 ..\obj\flash.o
 .debug_aranges
                0x00000408       0x38 ..\obj\BlockQ.o
 .debug_aranges
                0x00000440       0x30 ..\obj\semtest.o
 .debug_aranges
                0x00000470       0x38 ..\obj\system_stm32f10x.o
 .debug_aranges
                0x000004a8       0x28 ..\obj\startup_stm32f10x_hd.o
 .debug_aranges
                0x000004d0       0x30 ..\obj\integer.o
 .debug_aranges
                0x00000500       0xa8 ..\obj\stm32f10x_gpio.o
 .debug_aranges
                0x000005a8       0x58 ..\obj\main.o
 .debug_aranges
                0x00000600      0x118 ..\obj\stm32f10x_rcc.o
 .debug_aranges
                0x00000718       0x28 ..\obj\timertest.o
 .debug_aranges
                0x00000740      0x150 ..\obj\tasks.o
 .debug_aranges
                0x00000890      0x100 ..\obj\stm32f10x_usart.o
 .debug_aranges
                0x00000990       0x38 ..\obj\comtest.o
 .debug_aranges
                0x000009c8       0x40 ..\obj\list.o
 .debug_aranges
                0x00000a08       0x60 ..\obj\syscalls.o
 .debug_aranges
                0x00000a68       0x38 ..\obj\blocktim.o
 .debug_aranges
                0x00000aa0       0x38 ..\obj\PollQ.o
 .debug_aranges
                0x00000ad8       0x80 ..\obj\port.o
 .debug_aranges
                0x00000b58       0xd0 ..\obj\queue.o
 .debug_aranges
                0x00000c28       0x40 ..\obj\misc.o
 .debug_aranges
                0x00000c68       0x48 ..\obj\serial.o
 .debug_aranges
                0x00000cb0       0x30 ..\obj\ParTest.o
 .debug_aranges
                0x00000ce0       0x40 ..\obj\heap_2.o

.debug_ranges   0x00000000      0xb80
 .debug_ranges  0x00000000      0x2e0 ..\obj\stm32f10x_tim.o
 .debug_ranges  0x000002e0       0x28 ..\obj\death.o
 .debug_ranges  0x00000308       0xa8 ..\obj\ministm32_lcd.o
 .debug_ranges  0x000003b0       0x18 ..\obj\flash.o
 .debug_ranges  0x000003c8       0x28 ..\obj\BlockQ.o
 .debug_ranges  0x000003f0       0x20 ..\obj\semtest.o
 .debug_ranges  0x00000410       0x28 ..\obj\system_stm32f10x.o
 .debug_ranges  0x00000438       0x18 ..\obj\startup_stm32f10x_hd.o
 .debug_ranges  0x00000450       0x20 ..\obj\integer.o
 .debug_ranges  0x00000470       0x98 ..\obj\stm32f10x_gpio.o
 .debug_ranges  0x00000508       0x48 ..\obj\main.o
 .debug_ranges  0x00000550      0x108 ..\obj\stm32f10x_rcc.o
 .debug_ranges  0x00000658       0x18 ..\obj\timertest.o
 .debug_ranges  0x00000670      0x140 ..\obj\tasks.o
 .debug_ranges  0x000007b0       0xf0 ..\obj\stm32f10x_usart.o
 .debug_ranges  0x000008a0       0x28 ..\obj\comtest.o
 .debug_ranges  0x000008c8       0x30 ..\obj\list.o
 .debug_ranges  0x000008f8       0x50 ..\obj\syscalls.o
 .debug_ranges  0x00000948       0x28 ..\obj\blocktim.o
 .debug_ranges  0x00000970       0x28 ..\obj\PollQ.o
 .debug_ranges  0x00000998       0x70 ..\obj\port.o
 .debug_ranges  0x00000a08       0xc0 ..\obj\queue.o
 .debug_ranges  0x00000ac8       0x30 ..\obj\misc.o
 .debug_ranges  0x00000af8       0x38 ..\obj\serial.o
 .debug_ranges  0x00000b30       0x20 ..\obj\ParTest.o
 .debug_ranges  0x00000b50       0x30 ..\obj\heap_2.o

.debug_line     0x00000000     0x5325
 .debug_line    0x00000000      0xa94 ..\obj\stm32f10x_tim.o
 .debug_line    0x00000a94      0x1c8 ..\obj\death.o
 .debug_line    0x00000c5c      0x76d ..\obj\ministm32_lcd.o
 .debug_line    0x000013c9      0x194 ..\obj\flash.o
 .debug_line    0x0000155d      0x1e7 ..\obj\BlockQ.o
 .debug_line    0x00001744      0x1f6 ..\obj\semtest.o
 .debug_line    0x0000193a      0x1fa ..\obj\system_stm32f10x.o
 .debug_line    0x00001b34       0xb4 ..\obj\startup_stm32f10x_hd.o
 .debug_line    0x00001be8      0x144 ..\obj\integer.o
 .debug_line    0x00001d2c      0x3ae ..\obj\stm32f10x_gpio.o
 .debug_line    0x000020da      0x4cf ..\obj\main.o
 .debug_line    0x000025a9      0x4bc ..\obj\stm32f10x_rcc.o
 .debug_line    0x00002a65      0x22c ..\obj\timertest.o
 .debug_line    0x00002c91      0x7a7 ..\obj\tasks.o
 .debug_line    0x00003438      0x49a ..\obj\stm32f10x_usart.o
 .debug_line    0x000038d2      0x233 ..\obj\comtest.o
 .debug_line    0x00003b05      0x1b7 ..\obj\list.o
 .debug_line    0x00003cbc      0x1aa ..\obj\syscalls.o
 .debug_line    0x00003e66      0x266 ..\obj\blocktim.o
 .debug_line    0x000040cc      0x1d6 ..\obj\PollQ.o
 .debug_line    0x000042a2      0x1f4 ..\obj\port.o
 .debug_line    0x00004496      0x4a8 ..\obj\queue.o
 .debug_line    0x0000493e      0x243 ..\obj\misc.o
 .debug_line    0x00004b81      0x3d3 ..\obj\serial.o
 .debug_line    0x00004f54      0x227 ..\obj\ParTest.o
 .debug_line    0x0000517b      0x1aa ..\obj\heap_2.o

.debug_str      0x00000000     0x4686
 .debug_str     0x00000000      0xcf1 ..\obj\stm32f10x_tim.o
                                0xd92 (size before relaxing)
 .debug_str     0x00000cf1      0x156 ..\obj\death.o
                                0x251 (size before relaxing)
 .debug_str     0x00000e47      0x30b ..\obj\ministm32_lcd.o
                                0x42f (size before relaxing)
 .debug_str     0x00001152       0xb9 ..\obj\flash.o
                                0x1c5 (size before relaxing)
 .debug_str     0x0000120b      0x264 ..\obj\BlockQ.o
                                0x373 (size before relaxing)
 .debug_str     0x0000146f      0x1ab ..\obj\semtest.o
                                0x2dd (size before relaxing)
 .debug_str     0x0000161a      0x17e ..\obj\system_stm32f10x.o
                                0x294 (size before relaxing)
 .debug_str     0x00001798       0xc2 ..\obj\startup_stm32f10x_hd.o
                                0x126 (size before relaxing)
 .debug_str     0x0000185a       0xd7 ..\obj\integer.o
                                0x1e5 (size before relaxing)
 .debug_str     0x00001931      0x273 ..\obj\stm32f10x_gpio.o
                                0x4ce (size before relaxing)
 .debug_str     0x00001ba4      0x51c ..\obj\main.o
                                0x7bd (size before relaxing)
 .debug_str     0x000020c0      0x3fa ..\obj\stm32f10x_rcc.o
                                0x5cf (size before relaxing)
 .debug_str     0x000024ba      0x518 ..\obj\timertest.o
                                0x7c5 (size before relaxing)
 .debug_str     0x000029d2      0x882 ..\obj\tasks.o
                                0xa09 (size before relaxing)
 .debug_str     0x00003254      0x441 ..\obj\stm32f10x_usart.o
                                0x645 (size before relaxing)
 .debug_str     0x00003695      0x124 ..\obj\comtest.o
                                0x244 (size before relaxing)
 .debug_str     0x000037b9       0xdb ..\obj\list.o
                                0x25b (size before relaxing)
 .debug_str     0x00003894      0x159 ..\obj\syscalls.o
                                0x2c3 (size before relaxing)
 .debug_str     0x000039ed      0x174 ..\obj\blocktim.o
                                0x25d (size before relaxing)
 .debug_str     0x00003b61      0x101 ..\obj\PollQ.o
                                0x241 (size before relaxing)
 .debug_str     0x00003c62      0x198 ..\obj\port.o
                                0x264 (size before relaxing)
 .debug_str     0x00003dfa      0x3be ..\obj\queue.o
                                0x5ea (size before relaxing)
 .debug_str     0x000041b8      0x16b ..\obj\misc.o
                                0x378 (size before relaxing)
 .debug_str     0x00004323      0x139 ..\obj\serial.o
                                0x945 (size before relaxing)
 .debug_str     0x0000445c       0x96 ..\obj\ParTest.o
                                0x2c1 (size before relaxing)
 .debug_str     0x000044f2      0x194 ..\obj\heap_2.o
                                0x281 (size before relaxing)

.comment        0x00000000       0x70
 .comment       0x00000000       0x70 ..\obj\stm32f10x_tim.o
                                 0x71 (size before relaxing)
 .comment       0x00000000       0x71 ..\obj\death.o
 .comment       0x00000000       0x71 ..\obj\ministm32_lcd.o
 .comment       0x00000000       0x71 ..\obj\flash.o
 .comment       0x00000000       0x71 ..\obj\BlockQ.o
 .comment       0x00000000       0x71 ..\obj\semtest.o
 .comment       0x00000000       0x71 ..\obj\system_stm32f10x.o
 .comment       0x00000000       0x71 ..\obj\startup_stm32f10x_hd.o
 .comment       0x00000000       0x71 ..\obj\integer.o
 .comment       0x00000000       0x71 ..\obj\stm32f10x_gpio.o
 .comment       0x00000000       0x71 ..\obj\main.o
 .comment       0x00000000       0x71 ..\obj\stm32f10x_rcc.o
 .comment       0x00000000       0x71 ..\obj\timertest.o
 .comment       0x00000000       0x71 ..\obj\tasks.o
 .comment       0x00000000       0x71 ..\obj\stm32f10x_usart.o
 .comment       0x00000000       0x71 ..\obj\comtest.o
 .comment       0x00000000       0x71 ..\obj\list.o
 .comment       0x00000000       0x71 ..\obj\syscalls.o
 .comment       0x00000000       0x71 ..\obj\blocktim.o
 .comment       0x00000000       0x71 ..\obj\PollQ.o
 .comment       0x00000000       0x71 ..\obj\port.o
 .comment       0x00000000       0x71 ..\obj\queue.o
 .comment       0x00000000       0x71 ..\obj\misc.o
 .comment       0x00000000       0x71 ..\obj\serial.o
 .comment       0x00000000       0x71 ..\obj\ParTest.o
 .comment       0x00000000       0x71 ..\obj\heap_2.o

.ARM.attributes
                0x00000000       0x33
 .ARM.attributes
                0x00000000       0x33 ..\obj\stm32f10x_tim.o
 .ARM.attributes
                0x00000033       0x33 ..\obj\death.o
 .ARM.attributes
                0x00000066       0x33 ..\obj\ministm32_lcd.o
 .ARM.attributes
                0x00000099       0x33 ..\obj\flash.o
 .ARM.attributes
                0x000000cc       0x33 ..\obj\BlockQ.o
 .ARM.attributes
                0x000000ff       0x33 ..\obj\semtest.o
 .ARM.attributes
                0x00000132       0x33 ..\obj\system_stm32f10x.o
 .ARM.attributes
                0x00000165       0x33 ..\obj\startup_stm32f10x_hd.o
 .ARM.attributes
                0x00000198       0x33 ..\obj\integer.o
 .ARM.attributes
                0x000001cb       0x33 ..\obj\stm32f10x_gpio.o
 .ARM.attributes
                0x000001fe       0x33 ..\obj\main.o
 .ARM.attributes
                0x00000231       0x33 ..\obj\stm32f10x_rcc.o
 .ARM.attributes
                0x00000264       0x33 ..\obj\timertest.o
 .ARM.attributes
                0x00000297       0x33 ..\obj\tasks.o
 .ARM.attributes
                0x000002ca       0x33 ..\obj\stm32f10x_usart.o
 .ARM.attributes
                0x000002fd       0x33 ..\obj\comtest.o
 .ARM.attributes
                0x00000330       0x33 ..\obj\list.o
 .ARM.attributes
                0x00000363       0x33 ..\obj\syscalls.o
 .ARM.attributes
                0x00000396       0x33 ..\obj\blocktim.o
 .ARM.attributes
                0x000003c9       0x33 ..\obj\PollQ.o
 .ARM.attributes
                0x000003fc       0x33 ..\obj\port.o
 .ARM.attributes
                0x0000042f       0x33 ..\obj\queue.o
 .ARM.attributes
                0x00000462       0x33 ..\obj\misc.o
 .ARM.attributes
                0x00000495       0x33 ..\obj\serial.o
 .ARM.attributes
                0x000004c8       0x33 ..\obj\ParTest.o
 .ARM.attributes
                0x000004fb       0x33 ..\obj\heap_2.o
 .ARM.attributes
                0x0000052e       0x2d c:/program files/gnu tools arm embedded/4.7 2012q4/bin/../lib/gcc/arm-none-eabi/4.7.3/../../../../arm-none-eabi/lib/armv7-m\libg.a(lib_a-memcmp.o)
 .ARM.attributes
                0x0000055b       0x2d c:/program files/gnu tools arm embedded/4.7 2012q4/bin/../lib/gcc/arm-none-eabi/4.7.3/../../../../arm-none-eabi/lib/armv7-m\libg.a(lib_a-memcpy.o)
 .ARM.attributes
                0x00000588       0x2d c:/program files/gnu tools arm embedded/4.7 2012q4/bin/../lib/gcc/arm-none-eabi/4.7.3/../../../../arm-none-eabi/lib/armv7-m\libg.a(lib_a-memset.o)
 .ARM.attributes
                0x000005b5       0x2d c:/program files/gnu tools arm embedded/4.7 2012q4/bin/../lib/gcc/arm-none-eabi/4.7.3/../../../../arm-none-eabi/lib/armv7-m\libg.a(lib_a-printf.o)
 .ARM.attributes
                0x000005e2       0x2d c:/program files/gnu tools arm embedded/4.7 2012q4/bin/../lib/gcc/arm-none-eabi/4.7.3/../../../../arm-none-eabi/lib/armv7-m\libg.a(lib_a-sprintf.o)
 .ARM.attributes
                0x0000060f       0x2d c:/program files/gnu tools arm embedded/4.7 2012q4/bin/../lib/gcc/arm-none-eabi/4.7.3/../../../../arm-none-eabi/lib/armv7-m\libg.a(lib_a-strlen.o)
 .ARM.attributes
                0x0000063c       0x2d c:/program files/gnu tools arm embedded/4.7 2012q4/bin/../lib/gcc/arm-none-eabi/4.7.3/../../../../arm-none-eabi/lib/armv7-m\libg.a(lib_a-strncpy.o)
 .ARM.attributes
                0x00000669       0x2d c:/program files/gnu tools arm embedded/4.7 2012q4/bin/../lib/gcc/arm-none-eabi/4.7.3/../../../../arm-none-eabi/lib/armv7-m\libg.a(lib_a-svfprintf.o)
 .ARM.attributes
                0x00000696       0x2d c:/program files/gnu tools arm embedded/4.7 2012q4/bin/../lib/gcc/arm-none-eabi/4.7.3/../../../../arm-none-eabi/lib/armv7-m\libg.a(lib_a-vfprintf.o)
 .ARM.attributes
                0x000006c3       0x2d c:/program files/gnu tools arm embedded/4.7 2012q4/bin/../lib/gcc/arm-none-eabi/4.7.3/../../../../arm-none-eabi/lib/armv7-m\libg.a(lib_a-wsetup.o)
 .ARM.attributes
                0x000006f0       0x2d c:/program files/gnu tools arm embedded/4.7 2012q4/bin/../lib/gcc/arm-none-eabi/4.7.3/../../../../arm-none-eabi/lib/armv7-m\libg.a(lib_a-dtoa.o)
 .ARM.attributes
                0x0000071d       0x2d c:/program files/gnu tools arm embedded/4.7 2012q4/bin/../lib/gcc/arm-none-eabi/4.7.3/../../../../arm-none-eabi/lib/armv7-m\libg.a(lib_a-fflush.o)
 .ARM.attributes
                0x0000074a       0x2d c:/program files/gnu tools arm embedded/4.7 2012q4/bin/../lib/gcc/arm-none-eabi/4.7.3/../../../../arm-none-eabi/lib/armv7-m\libg.a(lib_a-findfp.o)
 .ARM.attributes
                0x00000777       0x2d c:/program files/gnu tools arm embedded/4.7 2012q4/bin/../lib/gcc/arm-none-eabi/4.7.3/../../../../arm-none-eabi/lib/armv7-m\libg.a(lib_a-freer.o)
 .ARM.attributes
                0x000007a4       0x2d c:/program files/gnu tools arm embedded/4.7 2012q4/bin/../lib/gcc/arm-none-eabi/4.7.3/../../../../arm-none-eabi/lib/armv7-m\libg.a(lib_a-fwalk.o)
 .ARM.attributes
                0x000007d1       0x2d c:/program files/gnu tools arm embedded/4.7 2012q4/bin/../lib/gcc/arm-none-eabi/4.7.3/../../../../arm-none-eabi/lib/armv7-m\libg.a(lib_a-impure.o)
 .ARM.attributes
                0x000007fe       0x2d c:/program files/gnu tools arm embedded/4.7 2012q4/bin/../lib/gcc/arm-none-eabi/4.7.3/../../../../arm-none-eabi/lib/armv7-m\libg.a(lib_a-locale.o)
 .ARM.attributes
                0x0000082b       0x2d c:/program files/gnu tools arm embedded/4.7 2012q4/bin/../lib/gcc/arm-none-eabi/4.7.3/../../../../arm-none-eabi/lib/armv7-m\libg.a(lib_a-makebuf.o)
 .ARM.attributes
                0x00000858       0x2d c:/program files/gnu tools arm embedded/4.7 2012q4/bin/../lib/gcc/arm-none-eabi/4.7.3/../../../../arm-none-eabi/lib/armv7-m\libg.a(lib_a-mallocr.o)
 .ARM.attributes
                0x00000885       0x2d c:/program files/gnu tools arm embedded/4.7 2012q4/bin/../lib/gcc/arm-none-eabi/4.7.3/../../../../arm-none-eabi/lib/armv7-m\libg.a(lib_a-memchr.o)
 .ARM.attributes
                0x000008b2       0x2d c:/program files/gnu tools arm embedded/4.7 2012q4/bin/../lib/gcc/arm-none-eabi/4.7.3/../../../../arm-none-eabi/lib/armv7-m\libg.a(lib_a-mlock.o)
 .ARM.attributes
                0x000008df       0x2d c:/program files/gnu tools arm embedded/4.7 2012q4/bin/../lib/gcc/arm-none-eabi/4.7.3/../../../../arm-none-eabi/lib/armv7-m\libg.a(lib_a-mprec.o)
 .ARM.attributes
                0x0000090c       0x2d c:/program files/gnu tools arm embedded/4.7 2012q4/bin/../lib/gcc/arm-none-eabi/4.7.3/../../../../arm-none-eabi/lib/armv7-m\libg.a(lib_a-s_fpclassify.o)
 .ARM.attributes
                0x00000939       0x2d c:/program files/gnu tools arm embedded/4.7 2012q4/bin/../lib/gcc/arm-none-eabi/4.7.3/../../../../arm-none-eabi/lib/armv7-m\libg.a(lib_a-sbrkr.o)
 .ARM.attributes
                0x00000966       0x2d c:/program files/gnu tools arm embedded/4.7 2012q4/bin/../lib/gcc/arm-none-eabi/4.7.3/../../../../arm-none-eabi/lib/armv7-m\libg.a(lib_a-stdio.o)
 .ARM.attributes
                0x00000993       0x2d c:/program files/gnu tools arm embedded/4.7 2012q4/bin/../lib/gcc/arm-none-eabi/4.7.3/../../../../arm-none-eabi/lib/armv7-m\libg.a(lib_a-svfiprintf.o)
 .ARM.attributes
                0x000009c0       0x2d c:/program files/gnu tools arm embedded/4.7 2012q4/bin/../lib/gcc/arm-none-eabi/4.7.3/../../../../arm-none-eabi/lib/armv7-m\libg.a(lib_a-vfiprintf.o)
 .ARM.attributes
                0x000009ed       0x2d c:/program files/gnu tools arm embedded/4.7 2012q4/bin/../lib/gcc/arm-none-eabi/4.7.3/../../../../arm-none-eabi/lib/armv7-m\libg.a(lib_a-writer.o)
 .ARM.attributes
                0x00000a1a       0x2d c:/program files/gnu tools arm embedded/4.7 2012q4/bin/../lib/gcc/arm-none-eabi/4.7.3/../../../../arm-none-eabi/lib/armv7-m\libg.a(lib_a-callocr.o)
 .ARM.attributes
                0x00000a47       0x2d c:/program files/gnu tools arm embedded/4.7 2012q4/bin/../lib/gcc/arm-none-eabi/4.7.3/../../../../arm-none-eabi/lib/armv7-m\libg.a(lib_a-closer.o)
 .ARM.attributes
                0x00000a74       0x2d c:/program files/gnu tools arm embedded/4.7 2012q4/bin/../lib/gcc/arm-none-eabi/4.7.3/../../../../arm-none-eabi/lib/armv7-m\libg.a(lib_a-fclose.o)
 .ARM.attributes
                0x00000aa1       0x2d c:/program files/gnu tools arm embedded/4.7 2012q4/bin/../lib/gcc/arm-none-eabi/4.7.3/../../../../arm-none-eabi/lib/armv7-m\libg.a(lib_a-fputwc.o)
 .ARM.attributes
                0x00000ace       0x2d c:/program files/gnu tools arm embedded/4.7 2012q4/bin/../lib/gcc/arm-none-eabi/4.7.3/../../../../arm-none-eabi/lib/armv7-m\libg.a(lib_a-fstatr.o)
 .ARM.attributes
                0x00000afb       0x2d c:/program files/gnu tools arm embedded/4.7 2012q4/bin/../lib/gcc/arm-none-eabi/4.7.3/../../../../arm-none-eabi/lib/armv7-m\libg.a(lib_a-fvwrite.o)
 .ARM.attributes
                0x00000b28       0x2d c:/program files/gnu tools arm embedded/4.7 2012q4/bin/../lib/gcc/arm-none-eabi/4.7.3/../../../../arm-none-eabi/lib/armv7-m\libg.a(lib_a-isattyr.o)
 .ARM.attributes
                0x00000b55       0x2d c:/program files/gnu tools arm embedded/4.7 2012q4/bin/../lib/gcc/arm-none-eabi/4.7.3/../../../../arm-none-eabi/lib/armv7-m\libg.a(lib_a-lseekr.o)
 .ARM.attributes
                0x00000b82       0x2d c:/program files/gnu tools arm embedded/4.7 2012q4/bin/../lib/gcc/arm-none-eabi/4.7.3/../../../../arm-none-eabi/lib/armv7-m\libg.a(lib_a-memmove.o)
 .ARM.attributes
                0x00000baf       0x2d c:/program files/gnu tools arm embedded/4.7 2012q4/bin/../lib/gcc/arm-none-eabi/4.7.3/../../../../arm-none-eabi/lib/armv7-m\libg.a(lib_a-readr.o)
 .ARM.attributes
                0x00000bdc       0x2d c:/program files/gnu tools arm embedded/4.7 2012q4/bin/../lib/gcc/arm-none-eabi/4.7.3/../../../../arm-none-eabi/lib/armv7-m\libg.a(lib_a-reallocr.o)
 .ARM.attributes
                0x00000c09       0x2d c:/program files/gnu tools arm embedded/4.7 2012q4/bin/../lib/gcc/arm-none-eabi/4.7.3/../../../../arm-none-eabi/lib/armv7-m\libg.a(lib_a-reent.o)
 .ARM.attributes
                0x00000c36       0x2d c:/program files/gnu tools arm embedded/4.7 2012q4/bin/../lib/gcc/arm-none-eabi/4.7.3/../../../../arm-none-eabi/lib/armv7-m\libg.a(lib_a-wbuf.o)
 .ARM.attributes
                0x00000c63       0x2d c:/program files/gnu tools arm embedded/4.7 2012q4/bin/../lib/gcc/arm-none-eabi/4.7.3/../../../../arm-none-eabi/lib/armv7-m\libg.a(lib_a-wcrtomb.o)
 .ARM.attributes
                0x00000c90       0x2d c:/program files/gnu tools arm embedded/4.7 2012q4/bin/../lib/gcc/arm-none-eabi/4.7.3/../../../../arm-none-eabi/lib/armv7-m\libg.a(lib_a-wctomb_r.o)
 .ARM.attributes
                0x00000cbd       0x1d c:/program files/gnu tools arm embedded/4.7 2012q4/bin/../lib/gcc/arm-none-eabi/4.7.3/armv7-m\libgcc.a(_arm_addsubdf3.o)
 .ARM.attributes
                0x00000cda       0x1d c:/program files/gnu tools arm embedded/4.7 2012q4/bin/../lib/gcc/arm-none-eabi/4.7.3/armv7-m\libgcc.a(_arm_muldivdf3.o)
 .ARM.attributes
                0x00000cf7       0x1d c:/program files/gnu tools arm embedded/4.7 2012q4/bin/../lib/gcc/arm-none-eabi/4.7.3/armv7-m\libgcc.a(_arm_cmpdf2.o)
 .ARM.attributes
                0x00000d14       0x1d c:/program files/gnu tools arm embedded/4.7 2012q4/bin/../lib/gcc/arm-none-eabi/4.7.3/armv7-m\libgcc.a(_arm_fixdfsi.o)
 .ARM.attributes
                0x00000d31       0x1d c:/program files/gnu tools arm embedded/4.7 2012q4/bin/../lib/gcc/arm-none-eabi/4.7.3/armv7-m\libgcc.a(_aeabi_uldivmod.o)
 .ARM.attributes
                0x00000d4e       0x2d c:/program files/gnu tools arm embedded/4.7 2012q4/bin/../lib/gcc/arm-none-eabi/4.7.3/armv7-m\libgcc.a(bpabi.o)
 .ARM.attributes
                0x00000d7b       0x1d c:/program files/gnu tools arm embedded/4.7 2012q4/bin/../lib/gcc/arm-none-eabi/4.7.3/armv7-m\libgcc.a(_dvmd_tls.o)
 .ARM.attributes
                0x00000d98       0x2d c:/program files/gnu tools arm embedded/4.7 2012q4/bin/../lib/gcc/arm-none-eabi/4.7.3/armv7-m\libgcc.a(_divdi3.o)
 .ARM.attributes
                0x00000dc5       0x2d c:/program files/gnu tools arm embedded/4.7 2012q4/bin/../lib/gcc/arm-none-eabi/4.7.3/armv7-m\libgcc.a(_udivdi3.o)

.debug_frame    0x00000000     0x36d0
 .debug_frame   0x00000000      0xa20 ..\obj\stm32f10x_tim.o
 .debug_frame   0x00000a20       0x90 ..\obj\death.o
 .debug_frame   0x00000ab0      0x278 ..\obj\ministm32_lcd.o
 .debug_frame   0x00000d28       0x50 ..\obj\flash.o
 .debug_frame   0x00000d78       0x8c ..\obj\BlockQ.o
 .debug_frame   0x00000e04       0x6c ..\obj\semtest.o
 .debug_frame   0x00000e70       0x80 ..\obj\system_stm32f10x.o
 .debug_frame   0x00000ef0       0x48 ..\obj\startup_stm32f10x_hd.o
 .debug_frame   0x00000f38       0x6c ..\obj\integer.o
 .debug_frame   0x00000fa4      0x210 ..\obj\stm32f10x_gpio.o
 .debug_frame   0x000011b4      0x104 ..\obj\main.o
 .debug_frame   0x000012b8      0x388 ..\obj\stm32f10x_rcc.o
 .debug_frame   0x00001640       0x50 ..\obj\timertest.o
 .debug_frame   0x00001690      0x4c0 ..\obj\tasks.o
 .debug_frame   0x00001b50      0x344 ..\obj\stm32f10x_usart.o
 .debug_frame   0x00001e94       0x8c ..\obj\comtest.o
 .debug_frame   0x00001f20       0x9c ..\obj\list.o
 .debug_frame   0x00001fbc      0x108 ..\obj\syscalls.o
 .debug_frame   0x000020c4       0x8c ..\obj\blocktim.o
 .debug_frame   0x00002150       0x8c ..\obj\PollQ.o
 .debug_frame   0x000021dc      0x134 ..\obj\port.o
 .debug_frame   0x00002310      0x2d8 ..\obj\queue.o
 .debug_frame   0x000025e8       0x9c ..\obj\misc.o
 .debug_frame   0x00002684       0xcc ..\obj\serial.o
 .debug_frame   0x00002750       0x70 ..\obj\ParTest.o
 .debug_frame   0x000027c0       0x9c ..\obj\heap_2.o
 .debug_frame   0x0000285c       0x2c c:/program files/gnu tools arm embedded/4.7 2012q4/bin/../lib/gcc/arm-none-eabi/4.7.3/../../../../arm-none-eabi/lib/armv7-m\libg.a(lib_a-memcmp.o)
 .debug_frame   0x00002888       0x30 c:/program files/gnu tools arm embedded/4.7 2012q4/bin/../lib/gcc/arm-none-eabi/4.7.3/../../../../arm-none-eabi/lib/armv7-m\libg.a(lib_a-memcpy.o)
 .debug_frame   0x000028b8       0x2c c:/program files/gnu tools arm embedded/4.7 2012q4/bin/../lib/gcc/arm-none-eabi/4.7.3/../../../../arm-none-eabi/lib/armv7-m\libg.a(lib_a-memset.o)
 .debug_frame   0x000028e4       0x5c c:/program files/gnu tools arm embedded/4.7 2012q4/bin/../lib/gcc/arm-none-eabi/4.7.3/../../../../arm-none-eabi/lib/armv7-m\libg.a(lib_a-printf.o)
 .debug_frame   0x00002940       0x64 c:/program files/gnu tools arm embedded/4.7 2012q4/bin/../lib/gcc/arm-none-eabi/4.7.3/../../../../arm-none-eabi/lib/armv7-m\libg.a(lib_a-sprintf.o)
 .debug_frame   0x000029a4       0x20 c:/program files/gnu tools arm embedded/4.7 2012q4/bin/../lib/gcc/arm-none-eabi/4.7.3/../../../../arm-none-eabi/lib/armv7-m\libg.a(lib_a-strlen.o)
 .debug_frame   0x000029c4       0x2c c:/program files/gnu tools arm embedded/4.7 2012q4/bin/../lib/gcc/arm-none-eabi/4.7.3/../../../../arm-none-eabi/lib/armv7-m\libg.a(lib_a-strncpy.o)
 .debug_frame   0x000029f0       0x3c c:/program files/gnu tools arm embedded/4.7 2012q4/bin/../lib/gcc/arm-none-eabi/4.7.3/../../../../arm-none-eabi/lib/armv7-m\libg.a(lib_a-svfprintf.o)
 .debug_frame   0x00002a2c       0x58 c:/program files/gnu tools arm embedded/4.7 2012q4/bin/../lib/gcc/arm-none-eabi/4.7.3/../../../../arm-none-eabi/lib/armv7-m\libg.a(lib_a-vfprintf.o)
 .debug_frame   0x00002a84       0x2c c:/program files/gnu tools arm embedded/4.7 2012q4/bin/../lib/gcc/arm-none-eabi/4.7.3/../../../../arm-none-eabi/lib/armv7-m\libg.a(lib_a-wsetup.o)
 .debug_frame   0x00002ab0       0x64 c:/program files/gnu tools arm embedded/4.7 2012q4/bin/../lib/gcc/arm-none-eabi/4.7.3/../../../../arm-none-eabi/lib/armv7-m\libg.a(lib_a-dtoa.o)
 .debug_frame   0x00002b14       0x40 c:/program files/gnu tools arm embedded/4.7 2012q4/bin/../lib/gcc/arm-none-eabi/4.7.3/../../../../arm-none-eabi/lib/armv7-m\libg.a(lib_a-fflush.o)
 .debug_frame   0x00002b54      0x120 c:/program files/gnu tools arm embedded/4.7 2012q4/bin/../lib/gcc/arm-none-eabi/4.7.3/../../../../arm-none-eabi/lib/armv7-m\libg.a(lib_a-findfp.o)
 .debug_frame   0x00002c74       0x50 c:/program files/gnu tools arm embedded/4.7 2012q4/bin/../lib/gcc/arm-none-eabi/4.7.3/../../../../arm-none-eabi/lib/armv7-m\libg.a(lib_a-freer.o)
 .debug_frame   0x00002cc4       0x5c c:/program files/gnu tools arm embedded/4.7 2012q4/bin/../lib/gcc/arm-none-eabi/4.7.3/../../../../arm-none-eabi/lib/armv7-m\libg.a(lib_a-fwalk.o)
 .debug_frame   0x00002d20       0xa0 c:/program files/gnu tools arm embedded/4.7 2012q4/bin/../lib/gcc/arm-none-eabi/4.7.3/../../../../arm-none-eabi/lib/armv7-m\libg.a(lib_a-locale.o)
 .debug_frame   0x00002dc0       0x30 c:/program files/gnu tools arm embedded/4.7 2012q4/bin/../lib/gcc/arm-none-eabi/4.7.3/../../../../arm-none-eabi/lib/armv7-m\libg.a(lib_a-makebuf.o)
 .debug_frame   0x00002df0       0x38 c:/program files/gnu tools arm embedded/4.7 2012q4/bin/../lib/gcc/arm-none-eabi/4.7.3/../../../../arm-none-eabi/lib/armv7-m\libg.a(lib_a-mallocr.o)
 .debug_frame   0x00002e28       0x2c c:/program files/gnu tools arm embedded/4.7 2012q4/bin/../lib/gcc/arm-none-eabi/4.7.3/../../../../arm-none-eabi/lib/armv7-m\libg.a(lib_a-memchr.o)
 .debug_frame   0x00002e54       0x30 c:/program files/gnu tools arm embedded/4.7 2012q4/bin/../lib/gcc/arm-none-eabi/4.7.3/../../../../arm-none-eabi/lib/armv7-m\libg.a(lib_a-mlock.o)
 .debug_frame   0x00002e84      0x238 c:/program files/gnu tools arm embedded/4.7 2012q4/bin/../lib/gcc/arm-none-eabi/4.7.3/../../../../arm-none-eabi/lib/armv7-m\libg.a(lib_a-mprec.o)
 .debug_frame   0x000030bc       0x20 c:/program files/gnu tools arm embedded/4.7 2012q4/bin/../lib/gcc/arm-none-eabi/4.7.3/../../../../arm-none-eabi/lib/armv7-m\libg.a(lib_a-s_fpclassify.o)
 .debug_frame   0x000030dc       0x2c c:/program files/gnu tools arm embedded/4.7 2012q4/bin/../lib/gcc/arm-none-eabi/4.7.3/../../../../arm-none-eabi/lib/armv7-m\libg.a(lib_a-sbrkr.o)
 .debug_frame   0x00003108       0x80 c:/program files/gnu tools arm embedded/4.7 2012q4/bin/../lib/gcc/arm-none-eabi/4.7.3/../../../../arm-none-eabi/lib/armv7-m\libg.a(lib_a-stdio.o)
 .debug_frame   0x00003188       0x64 c:/program files/gnu tools arm embedded/4.7 2012q4/bin/../lib/gcc/arm-none-eabi/4.7.3/../../../../arm-none-eabi/lib/armv7-m\libg.a(lib_a-svfiprintf.o)
 .debug_frame   0x000031ec       0x80 c:/program files/gnu tools arm embedded/4.7 2012q4/bin/../lib/gcc/arm-none-eabi/4.7.3/../../../../arm-none-eabi/lib/armv7-m\libg.a(lib_a-vfiprintf.o)
 .debug_frame   0x0000326c       0x2c c:/program files/gnu tools arm embedded/4.7 2012q4/bin/../lib/gcc/arm-none-eabi/4.7.3/../../../../arm-none-eabi/lib/armv7-m\libg.a(lib_a-writer.o)
 .debug_frame   0x00003298       0x28 c:/program files/gnu tools arm embedded/4.7 2012q4/bin/../lib/gcc/arm-none-eabi/4.7.3/../../../../arm-none-eabi/lib/armv7-m\libg.a(lib_a-callocr.o)
 .debug_frame   0x000032c0       0x2c c:/program files/gnu tools arm embedded/4.7 2012q4/bin/../lib/gcc/arm-none-eabi/4.7.3/../../../../arm-none-eabi/lib/armv7-m\libg.a(lib_a-closer.o)
 .debug_frame   0x000032ec       0x3c c:/program files/gnu tools arm embedded/4.7 2012q4/bin/../lib/gcc/arm-none-eabi/4.7.3/../../../../arm-none-eabi/lib/armv7-m\libg.a(lib_a-fclose.o)
 .debug_frame   0x00003328       0x54 c:/program files/gnu tools arm embedded/4.7 2012q4/bin/../lib/gcc/arm-none-eabi/4.7.3/../../../../arm-none-eabi/lib/armv7-m\libg.a(lib_a-fputwc.o)
 .debug_frame   0x0000337c       0x2c c:/program files/gnu tools arm embedded/4.7 2012q4/bin/../lib/gcc/arm-none-eabi/4.7.3/../../../../arm-none-eabi/lib/armv7-m\libg.a(lib_a-fstatr.o)
 .debug_frame   0x000033a8       0x38 c:/program files/gnu tools arm embedded/4.7 2012q4/bin/../lib/gcc/arm-none-eabi/4.7.3/../../../../arm-none-eabi/lib/armv7-m\libg.a(lib_a-fvwrite.o)
 .debug_frame   0x000033e0       0x2c c:/program files/gnu tools arm embedded/4.7 2012q4/bin/../lib/gcc/arm-none-eabi/4.7.3/../../../../arm-none-eabi/lib/armv7-m\libg.a(lib_a-isattyr.o)
 .debug_frame   0x0000340c       0x2c c:/program files/gnu tools arm embedded/4.7 2012q4/bin/../lib/gcc/arm-none-eabi/4.7.3/../../../../arm-none-eabi/lib/armv7-m\libg.a(lib_a-lseekr.o)
 .debug_frame   0x00003438       0x30 c:/program files/gnu tools arm embedded/4.7 2012q4/bin/../lib/gcc/arm-none-eabi/4.7.3/../../../../arm-none-eabi/lib/armv7-m\libg.a(lib_a-memmove.o)
 .debug_frame   0x00003468       0x2c c:/program files/gnu tools arm embedded/4.7 2012q4/bin/../lib/gcc/arm-none-eabi/4.7.3/../../../../arm-none-eabi/lib/armv7-m\libg.a(lib_a-readr.o)
 .debug_frame   0x00003494       0x38 c:/program files/gnu tools arm embedded/4.7 2012q4/bin/../lib/gcc/arm-none-eabi/4.7.3/../../../../arm-none-eabi/lib/armv7-m\libg.a(lib_a-reallocr.o)
 .debug_frame   0x000034cc       0x6c c:/program files/gnu tools arm embedded/4.7 2012q4/bin/../lib/gcc/arm-none-eabi/4.7.3/../../../../arm-none-eabi/lib/armv7-m\libg.a(lib_a-reent.o)
 .debug_frame   0x00003538       0x44 c:/program files/gnu tools arm embedded/4.7 2012q4/bin/../lib/gcc/arm-none-eabi/4.7.3/../../../../arm-none-eabi/lib/armv7-m\libg.a(lib_a-wbuf.o)
 .debug_frame   0x0000357c       0x58 c:/program files/gnu tools arm embedded/4.7 2012q4/bin/../lib/gcc/arm-none-eabi/4.7.3/../../../../arm-none-eabi/lib/armv7-m\libg.a(lib_a-wcrtomb.o)
 .debug_frame   0x000035d4       0x44 c:/program files/gnu tools arm embedded/4.7 2012q4/bin/../lib/gcc/arm-none-eabi/4.7.3/../../../../arm-none-eabi/lib/armv7-m\libg.a(lib_a-wctomb_r.o)
 .debug_frame   0x00003618       0x50 c:/program files/gnu tools arm embedded/4.7 2012q4/bin/../lib/gcc/arm-none-eabi/4.7.3/armv7-m\libgcc.a(bpabi.o)
 .debug_frame   0x00003668       0x34 c:/program files/gnu tools arm embedded/4.7 2012q4/bin/../lib/gcc/arm-none-eabi/4.7.3/armv7-m\libgcc.a(_divdi3.o)
 .debug_frame   0x0000369c       0x34 c:/program files/gnu tools arm embedded/4.7 2012q4/bin/../lib/gcc/arm-none-eabi/4.7.3/armv7-m\libgcc.a(_udivdi3.o)